[0.373s] Invoking command in '/home/ikun/OpenPCDet_ROS2/build/simple_pcd_publisher': PYTHONPATH=/home/ikun/OpenPCDet_ROS2/build/simple_pcd_publisher/prefix_override:/usr/lib/python3/dist-packages/colcon_core/task/python/colcon_distutils_commands:/home/ikun/OpenPCDet_ROS2/install/simple_pcd_publisher/lib/python3.10/site-packages:${PYTHONPATH} /usr/bin/python3 -W ignore:setup.py install is deprecated -W ignore:easy_install command is deprecated setup.py develop --editable --build-directory /home/ikun/OpenPCDet_ROS2/build/simple_pcd_publisher/build --no-deps symlink_data
[0.519s] running develop
[0.604s] running egg_info
[0.604s] creating simple_pcd_publisher.egg-info
[0.604s] writing simple_pcd_publisher.egg-info/PKG-INFO
[0.604s] writing dependency_links to simple_pcd_publisher.egg-info/dependency_links.txt
[0.605s] writing entry points to simple_pcd_publisher.egg-info/entry_points.txt
[0.605s] writing requirements to simple_pcd_publisher.egg-info/requires.txt
[0.605s] writing top-level names to simple_pcd_publisher.egg-info/top_level.txt
[0.605s] writing manifest file 'simple_pcd_publisher.egg-info/SOURCES.txt'
[0.605s] reading manifest file 'simple_pcd_publisher.egg-info/SOURCES.txt'
[0.606s] writing manifest file 'simple_pcd_publisher.egg-info/SOURCES.txt'
[0.607s] running build_ext
[0.607s] Creating /home/ikun/OpenPCDet_ROS2/install/simple_pcd_publisher/lib/python3.10/site-packages/simple-pcd-publisher.egg-link (link to .)
[0.607s] Installing pointcloud_publisher script to /home/ikun/OpenPCDet_ROS2/install/simple_pcd_publisher/lib/simple_pcd_publisher
[0.607s] 
[0.607s] Installed /home/ikun/OpenPCDet_ROS2/build/simple_pcd_publisher
[0.607s] running symlink_data
[0.608s] creating /home/ikun/OpenPCDet_ROS2/install/simple_pcd_publisher/share/ament_index
[0.608s] creating /home/ikun/OpenPCDet_ROS2/install/simple_pcd_publisher/share/ament_index/resource_index
[0.608s] creating /home/ikun/OpenPCDet_ROS2/install/simple_pcd_publisher/share/ament_index/resource_index/packages
[0.608s] symbolically linking /home/ikun/OpenPCDet_ROS2/build/simple_pcd_publisher/resource/simple_pcd_publisher -> /home/ikun/OpenPCDet_ROS2/install/simple_pcd_publisher/share/ament_index/resource_index/packages
[0.609s] symbolically linking /home/ikun/OpenPCDet_ROS2/build/simple_pcd_publisher/package.xml -> /home/ikun/OpenPCDet_ROS2/install/simple_pcd_publisher/share/simple_pcd_publisher
[0.628s] Invoked command in '/home/ikun/OpenPCDet_ROS2/build/simple_pcd_publisher' returned '0': PYTHONPATH=/home/ikun/OpenPCDet_ROS2/build/simple_pcd_publisher/prefix_override:/usr/lib/python3/dist-packages/colcon_core/task/python/colcon_distutils_commands:/home/ikun/OpenPCDet_ROS2/install/simple_pcd_publisher/lib/python3.10/site-packages:${PYTHONPATH} /usr/bin/python3 -W ignore:setup.py install is deprecated -W ignore:easy_install command is deprecated setup.py develop --editable --build-directory /home/ikun/OpenPCDet_ROS2/build/simple_pcd_publisher/build --no-deps symlink_data
