[0.011s] Invoking command in '/home/ikun/OpenPCDet_ROS2/build/ros2_numpy': CMAKE_PREFIX_PATH=/opt/ros/humble /home/ikun/.local/bin/cmake /home/ikun/OpenPCDet_ROS2/src/ros2_numpy -DAMENT_CMAKE_SYMLINK_INSTALL=1 -DCMAKE_INSTALL_PREFIX=/home/ikun/OpenPCDet_ROS2/install/ros2_numpy
[0.083s] -- The C compiler identification is GNU 11.4.0
[0.246s] -- The CXX compiler identification is GNU 11.4.0
[0.338s] -- Detecting C compiler ABI info
[0.410s] -- Detecting C compiler ABI info - done
[0.416s] -- Check for working C compiler: /usr/bin/cc - skipped
[0.416s] -- Detecting C compile features
[0.416s] -- Detecting C compile features - done
[0.419s] -- Detecting CXX compiler ABI info
[0.492s] -- Detecting CXX compiler ABI info - done
[0.498s] -- Check for working CXX compiler: /usr/bin/c++ - skipped
[0.498s] -- Detecting CXX compile features
[0.498s] -- Detecting CXX compile features - done
[0.499s] -- Found ament_cmake: 1.3.11 (/opt/ros/humble/share/ament_cmake/cmake)
[0.568s] -- Found Python3: /usr/bin/python3 (found version "3.10.12") found components: Interpreter 
[0.603s] -- Override CMake install command with custom implementation using symlinks instead of copying resources
[0.616s] -- Found sensor_msgs: 4.9.0 (/opt/ros/humble/share/sensor_msgs/cmake)
[0.671s] -- Found rosidl_generator_c: 3.1.6 (/opt/ros/humble/share/rosidl_generator_c/cmake)
[0.674s] -- Found rosidl_adapter: 3.1.6 (/opt/ros/humble/share/rosidl_adapter/cmake)
[0.679s] -- Found rosidl_generator_cpp: 3.1.6 (/opt/ros/humble/share/rosidl_generator_cpp/cmake)
[0.686s] -- Using all available rosidl_typesupport_c: rosidl_typesupport_fastrtps_c;rosidl_typesupport_introspection_c
[0.695s] -- Using all available rosidl_typesupport_cpp: rosidl_typesupport_fastrtps_cpp;rosidl_typesupport_introspection_cpp
[0.736s] -- Found nav_msgs: 4.9.0 (/opt/ros/humble/share/nav_msgs/cmake)
[0.795s] -- Found rclpy: 3.3.16 (/opt/ros/humble/share/rclpy/cmake)
[0.796s] -- Found ament_cmake_pytest: 1.3.11 (/opt/ros/humble/share/ament_cmake_pytest/cmake)
[3.956s] -- Configuring done
[3.960s] -- Generating done
[3.961s] -- Build files have been written to: /home/ikun/OpenPCDet_ROS2/build/ros2_numpy
[3.968s] Invoked command in '/home/ikun/OpenPCDet_ROS2/build/ros2_numpy' returned '0': CMAKE_PREFIX_PATH=/opt/ros/humble /home/ikun/.local/bin/cmake /home/ikun/OpenPCDet_ROS2/src/ros2_numpy -DAMENT_CMAKE_SYMLINK_INSTALL=1 -DCMAKE_INSTALL_PREFIX=/home/ikun/OpenPCDet_ROS2/install/ros2_numpy
[3.969s] Invoking command in '/home/ikun/OpenPCDet_ROS2/build/ros2_numpy': CMAKE_PREFIX_PATH=/opt/ros/humble /home/ikun/.local/bin/cmake --build /home/ikun/OpenPCDet_ROS2/build/ros2_numpy -- -j20 -l20
[3.999s] Built target ament_cmake_python_symlink_ros2_numpy
[4.125s] running egg_info
[4.126s] creating ros2_numpy.egg-info
[4.126s] writing ros2_numpy.egg-info/PKG-INFO
[4.126s] writing dependency_links to ros2_numpy.egg-info/dependency_links.txt
[4.126s] writing top-level names to ros2_numpy.egg-info/top_level.txt
[4.126s] writing manifest file 'ros2_numpy.egg-info/SOURCES.txt'
[4.127s] reading manifest file 'ros2_numpy.egg-info/SOURCES.txt'
[4.128s] writing manifest file 'ros2_numpy.egg-info/SOURCES.txt'
[4.140s] Built target ament_cmake_python_build_ros2_numpy_egg
[4.146s] Invoked command in '/home/ikun/OpenPCDet_ROS2/build/ros2_numpy' returned '0': CMAKE_PREFIX_PATH=/opt/ros/humble /home/ikun/.local/bin/cmake --build /home/ikun/OpenPCDet_ROS2/build/ros2_numpy -- -j20 -l20
[4.167s] Invoking command in '/home/ikun/OpenPCDet_ROS2/build/ros2_numpy': CMAKE_PREFIX_PATH=/opt/ros/humble /home/ikun/.local/bin/cmake --install /home/ikun/OpenPCDet_ROS2/build/ros2_numpy
[4.182s] -- Install configuration: ""
[4.183s] -- Execute custom install script
[4.183s] -- Symlinking: /home/ikun/OpenPCDet_ROS2/install/ros2_numpy/share/ros2_numpy/environment/pythonpath.sh
[4.186s] -- Symlinking: /home/ikun/OpenPCDet_ROS2/install/ros2_numpy/share/ros2_numpy/environment/pythonpath.dsv
[4.188s] -- Symlinking: /home/ikun/OpenPCDet_ROS2/install/ros2_numpy/local/lib/python3.10/dist-packages/ros2_numpy-2.0.12-py3.10.egg-info/PKG-INFO
[4.190s] -- Symlinking: /home/ikun/OpenPCDet_ROS2/install/ros2_numpy/local/lib/python3.10/dist-packages/ros2_numpy-2.0.12-py3.10.egg-info/SOURCES.txt
[4.192s] -- Symlinking: /home/ikun/OpenPCDet_ROS2/install/ros2_numpy/local/lib/python3.10/dist-packages/ros2_numpy-2.0.12-py3.10.egg-info/dependency_links.txt
[4.194s] -- Symlinking: /home/ikun/OpenPCDet_ROS2/install/ros2_numpy/local/lib/python3.10/dist-packages/ros2_numpy-2.0.12-py3.10.egg-info/top_level.txt
[4.196s] -- Symlinking: /home/ikun/OpenPCDet_ROS2/install/ros2_numpy/local/lib/python3.10/dist-packages/ros2_numpy/__init__.py
[4.197s] -- Symlinking: /home/ikun/OpenPCDet_ROS2/install/ros2_numpy/local/lib/python3.10/dist-packages/ros2_numpy/geometry.py
[4.199s] -- Symlinking: /home/ikun/OpenPCDet_ROS2/install/ros2_numpy/local/lib/python3.10/dist-packages/ros2_numpy/image.py
[4.201s] -- Symlinking: /home/ikun/OpenPCDet_ROS2/install/ros2_numpy/local/lib/python3.10/dist-packages/ros2_numpy/laser_scan.py
[4.202s] -- Symlinking: /home/ikun/OpenPCDet_ROS2/install/ros2_numpy/local/lib/python3.10/dist-packages/ros2_numpy/occupancy_grid.py
[4.204s] -- Symlinking: /home/ikun/OpenPCDet_ROS2/install/ros2_numpy/local/lib/python3.10/dist-packages/ros2_numpy/point_cloud2.py
[4.205s] -- Symlinking: /home/ikun/OpenPCDet_ROS2/install/ros2_numpy/local/lib/python3.10/dist-packages/ros2_numpy/registry.py
[4.207s] -- Symlinking: /home/ikun/OpenPCDet_ROS2/install/ros2_numpy/share/ament_index/resource_index/package_run_dependencies/ros2_numpy
[4.209s] -- Symlinking: /home/ikun/OpenPCDet_ROS2/install/ros2_numpy/share/ament_index/resource_index/parent_prefix_path/ros2_numpy
[4.211s] -- Symlinking: /home/ikun/OpenPCDet_ROS2/install/ros2_numpy/share/ros2_numpy/environment/ament_prefix_path.sh
[4.213s] -- Symlinking: /home/ikun/OpenPCDet_ROS2/install/ros2_numpy/share/ros2_numpy/environment/ament_prefix_path.dsv
[4.214s] -- Symlinking: /home/ikun/OpenPCDet_ROS2/install/ros2_numpy/share/ros2_numpy/environment/path.sh
[4.216s] -- Symlinking: /home/ikun/OpenPCDet_ROS2/install/ros2_numpy/share/ros2_numpy/environment/path.dsv
[4.218s] -- Symlinking: /home/ikun/OpenPCDet_ROS2/install/ros2_numpy/share/ros2_numpy/local_setup.bash
[4.219s] -- Symlinking: /home/ikun/OpenPCDet_ROS2/install/ros2_numpy/share/ros2_numpy/local_setup.sh
[4.221s] -- Symlinking: /home/ikun/OpenPCDet_ROS2/install/ros2_numpy/share/ros2_numpy/local_setup.zsh
[4.223s] -- Symlinking: /home/ikun/OpenPCDet_ROS2/install/ros2_numpy/share/ros2_numpy/local_setup.dsv
[4.225s] -- Symlinking: /home/ikun/OpenPCDet_ROS2/install/ros2_numpy/share/ros2_numpy/package.dsv
[4.227s] -- Symlinking: /home/ikun/OpenPCDet_ROS2/install/ros2_numpy/share/ament_index/resource_index/packages/ros2_numpy
[4.229s] -- Symlinking: /home/ikun/OpenPCDet_ROS2/install/ros2_numpy/share/ros2_numpy/cmake/ament_cmake_export_dependencies-extras.cmake
[4.230s] -- Symlinking: /home/ikun/OpenPCDet_ROS2/install/ros2_numpy/share/ros2_numpy/cmake/ros2_numpyConfig.cmake
[4.232s] -- Symlinking: /home/ikun/OpenPCDet_ROS2/install/ros2_numpy/share/ros2_numpy/cmake/ros2_numpyConfig-version.cmake
[4.234s] -- Symlinking: /home/ikun/OpenPCDet_ROS2/install/ros2_numpy/share/ros2_numpy/package.xml
[4.257s] Listing '/home/ikun/OpenPCDet_ROS2/install/ros2_numpy/local/lib/python3.10/dist-packages/ros2_numpy'...
[4.257s] Compiling '/home/ikun/OpenPCDet_ROS2/install/ros2_numpy/local/lib/python3.10/dist-packages/ros2_numpy/__init__.py'...
[4.257s] Compiling '/home/ikun/OpenPCDet_ROS2/install/ros2_numpy/local/lib/python3.10/dist-packages/ros2_numpy/geometry.py'...
[4.257s] Compiling '/home/ikun/OpenPCDet_ROS2/install/ros2_numpy/local/lib/python3.10/dist-packages/ros2_numpy/image.py'...
[4.257s] Compiling '/home/ikun/OpenPCDet_ROS2/install/ros2_numpy/local/lib/python3.10/dist-packages/ros2_numpy/laser_scan.py'...
[4.257s] Compiling '/home/ikun/OpenPCDet_ROS2/install/ros2_numpy/local/lib/python3.10/dist-packages/ros2_numpy/occupancy_grid.py'...
[4.257s] Compiling '/home/ikun/OpenPCDet_ROS2/install/ros2_numpy/local/lib/python3.10/dist-packages/ros2_numpy/point_cloud2.py'...
[4.257s] Compiling '/home/ikun/OpenPCDet_ROS2/install/ros2_numpy/local/lib/python3.10/dist-packages/ros2_numpy/registry.py'...
[4.264s] Invoked command in '/home/ikun/OpenPCDet_ROS2/build/ros2_numpy' returned '0': CMAKE_PREFIX_PATH=/opt/ros/humble /home/ikun/.local/bin/cmake --install /home/ikun/OpenPCDet_ROS2/build/ros2_numpy
