[0.098s] DEBUG:colcon:Command line arguments: ['/usr/bin/colcon', 'build', '--symlink-install']
[0.098s] DEBUG:colcon:Parsed command line arguments: Namespace(log_base=None, log_level=None, verb_name='build', build_base='build', install_base='install', merge_install=False, symlink_install=True, test_result_base=None, continue_on_error=False, executor='parallel', parallel_workers=20, event_handlers=None, ignore_user_meta=False, metas=['./colcon.meta'], base_paths=['.'], packages_ignore=None, packages_ignore_regex=None, paths=None, packages_up_to=None, packages_up_to_regex=None, packages_above=None, packages_above_and_dependencies=None, packages_above_depth=None, packages_select_by_dep=None, packages_skip_by_dep=None, packages_skip_up_to=None, packages_select_build_failed=False, packages_skip_build_finished=False, packages_select_test_failures=False, packages_skip_test_passed=False, packages_select=None, packages_skip=None, packages_select_regex=None, packages_skip_regex=None, packages_start=None, packages_end=None, allow_overriding=[], cmake_args=None, cmake_target=None, cmake_target_skip_unavailable=False, cmake_clean_cache=False, cmake_clean_first=False, cmake_force_configure=False, ament_cmake_args=None, catkin_cmake_args=None, catkin_skip_building_tests=False, verb_parser=<colcon_defaults.argument_parser.defaults.DefaultArgumentsDecorator object at 0x766c3531a8c0>, verb_extension=<colcon_core.verb.build.BuildVerb object at 0x766c3531a3b0>, main=<bound method BuildVerb.main of <colcon_core.verb.build.BuildVerb object at 0x766c3531a3b0>>)
[0.205s] Level 1:colcon.colcon_core.package_discovery:discover_packages(colcon_meta) check parameters
[0.205s] Level 1:colcon.colcon_core.package_discovery:discover_packages(recursive) check parameters
[0.205s] Level 1:colcon.colcon_core.package_discovery:discover_packages(ignore) check parameters
[0.205s] Level 1:colcon.colcon_core.package_discovery:discover_packages(path) check parameters
[0.205s] Level 1:colcon.colcon_core.package_discovery:discover_packages(colcon_meta) discover
[0.205s] Level 1:colcon.colcon_core.package_discovery:discover_packages(recursive) discover
[0.205s] INFO:colcon.colcon_core.package_discovery:Crawling recursively for packages in '/home/ikun/OpenPCDet_ROS2'
[0.205s] Level 1:colcon.colcon_core.package_identification:_identify(.) by extensions ['ignore', 'ignore_ament_install']
[0.205s] Level 1:colcon.colcon_core.package_identification:_identify(.) by extension 'ignore'
[0.205s] Level 1:colcon.colcon_core.package_identification:_identify(.) by extension 'ignore_ament_install'
[0.205s] Level 1:colcon.colcon_core.package_identification:_identify(.) by extensions ['colcon_pkg']
[0.205s] Level 1:colcon.colcon_core.package_identification:_identify(.) by extension 'colcon_pkg'
[0.205s] Level 1:colcon.colcon_core.package_identification:_identify(.) by extensions ['colcon_meta']
[0.205s] Level 1:colcon.colcon_core.package_identification:_identify(.) by extension 'colcon_meta'
[0.205s] Level 1:colcon.colcon_core.package_identification:_identify(.) by extensions ['ros']
[0.205s] Level 1:colcon.colcon_core.package_identification:_identify(.) by extension 'ros'
[0.211s] Level 1:colcon.colcon_core.package_identification:_identify(.) by extensions ['cmake', 'python']
[0.212s] Level 1:colcon.colcon_core.package_identification:_identify(.) by extension 'cmake'
[0.212s] Level 1:colcon.colcon_core.package_identification:_identify(.) by extension 'python'
[0.212s] Level 1:colcon.colcon_core.package_identification:_identify(.) by extensions ['python_setup_py']
[0.212s] Level 1:colcon.colcon_core.package_identification:_identify(.) by extension 'python_setup_py'
[0.212s] Level 1:colcon.colcon_core.package_identification:_identify(build) by extensions ['ignore', 'ignore_ament_install']
[0.212s] Level 1:colcon.colcon_core.package_identification:_identify(build) by extension 'ignore'
[0.212s] Level 1:colcon.colcon_core.package_identification:_identify(build) ignored
[0.212s] Level 1:colcon.colcon_core.package_identification:_identify(install) by extensions ['ignore', 'ignore_ament_install']
[0.212s] Level 1:colcon.colcon_core.package_identification:_identify(install) by extension 'ignore'
[0.212s] Level 1:colcon.colcon_core.package_identification:_identify(install) ignored
[0.212s] Level 1:colcon.colcon_core.package_identification:_identify(log) by extensions ['ignore', 'ignore_ament_install']
[0.212s] Level 1:colcon.colcon_core.package_identification:_identify(log) by extension 'ignore'
[0.212s] Level 1:colcon.colcon_core.package_identification:_identify(log) ignored
[0.212s] Level 1:colcon.colcon_core.package_identification:_identify(src) by extensions ['ignore', 'ignore_ament_install']
[0.212s] Level 1:colcon.colcon_core.package_identification:_identify(src) by extension 'ignore'
[0.212s] Level 1:colcon.colcon_core.package_identification:_identify(src) by extension 'ignore_ament_install'
[0.212s] Level 1:colcon.colcon_core.package_identification:_identify(src) by extensions ['colcon_pkg']
[0.212s] Level 1:colcon.colcon_core.package_identification:_identify(src) by extension 'colcon_pkg'
[0.212s] Level 1:colcon.colcon_core.package_identification:_identify(src) by extensions ['colcon_meta']
[0.212s] Level 1:colcon.colcon_core.package_identification:_identify(src) by extension 'colcon_meta'
[0.212s] Level 1:colcon.colcon_core.package_identification:_identify(src) by extensions ['ros']
[0.212s] Level 1:colcon.colcon_core.package_identification:_identify(src) by extension 'ros'
[0.212s] Level 1:colcon.colcon_core.package_identification:_identify(src) by extensions ['cmake', 'python']
[0.212s] Level 1:colcon.colcon_core.package_identification:_identify(src) by extension 'cmake'
[0.212s] Level 1:colcon.colcon_core.package_identification:_identify(src) by extension 'python'
[0.212s] Level 1:colcon.colcon_core.package_identification:_identify(src) by extensions ['python_setup_py']
[0.212s] Level 1:colcon.colcon_core.package_identification:_identify(src) by extension 'python_setup_py'
[0.213s] Level 1:colcon.colcon_core.package_identification:_identify(src/build) by extensions ['ignore', 'ignore_ament_install']
[0.213s] Level 1:colcon.colcon_core.package_identification:_identify(src/build) by extension 'ignore'
[0.213s] Level 1:colcon.colcon_core.package_identification:_identify(src/build) ignored
[0.213s] Level 1:colcon.colcon_core.package_identification:_identify(src/install) by extensions ['ignore', 'ignore_ament_install']
[0.213s] Level 1:colcon.colcon_core.package_identification:_identify(src/install) by extension 'ignore'
[0.213s] Level 1:colcon.colcon_core.package_identification:_identify(src/install) ignored
[0.213s] Level 1:colcon.colcon_core.package_identification:_identify(src/log) by extensions ['ignore', 'ignore_ament_install']
[0.213s] Level 1:colcon.colcon_core.package_identification:_identify(src/log) by extension 'ignore'
[0.213s] Level 1:colcon.colcon_core.package_identification:_identify(src/log) ignored
[0.213s] Level 1:colcon.colcon_core.package_identification:_identify(src/pcdet_ros2) by extensions ['ignore', 'ignore_ament_install']
[0.213s] Level 1:colcon.colcon_core.package_identification:_identify(src/pcdet_ros2) by extension 'ignore'
[0.213s] Level 1:colcon.colcon_core.package_identification:_identify(src/pcdet_ros2) by extension 'ignore_ament_install'
[0.213s] Level 1:colcon.colcon_core.package_identification:_identify(src/pcdet_ros2) by extensions ['colcon_pkg']
[0.213s] Level 1:colcon.colcon_core.package_identification:_identify(src/pcdet_ros2) by extension 'colcon_pkg'
[0.213s] Level 1:colcon.colcon_core.package_identification:_identify(src/pcdet_ros2) by extensions ['colcon_meta']
[0.213s] Level 1:colcon.colcon_core.package_identification:_identify(src/pcdet_ros2) by extension 'colcon_meta'
[0.213s] Level 1:colcon.colcon_core.package_identification:_identify(src/pcdet_ros2) by extensions ['ros']
[0.213s] Level 1:colcon.colcon_core.package_identification:_identify(src/pcdet_ros2) by extension 'ros'
[0.214s] DEBUG:colcon.colcon_core.package_identification:Package 'src/pcdet_ros2' with type 'ros.ament_python' and name 'pcdet_ros2'
[0.215s] Level 1:colcon.colcon_core.package_identification:_identify(src/ros2_numpy) by extensions ['ignore', 'ignore_ament_install']
[0.215s] Level 1:colcon.colcon_core.package_identification:_identify(src/ros2_numpy) by extension 'ignore'
[0.215s] Level 1:colcon.colcon_core.package_identification:_identify(src/ros2_numpy) by extension 'ignore_ament_install'
[0.215s] Level 1:colcon.colcon_core.package_identification:_identify(src/ros2_numpy) by extensions ['colcon_pkg']
[0.215s] Level 1:colcon.colcon_core.package_identification:_identify(src/ros2_numpy) by extension 'colcon_pkg'
[0.215s] Level 1:colcon.colcon_core.package_identification:_identify(src/ros2_numpy) by extensions ['colcon_meta']
[0.215s] Level 1:colcon.colcon_core.package_identification:_identify(src/ros2_numpy) by extension 'colcon_meta'
[0.215s] Level 1:colcon.colcon_core.package_identification:_identify(src/ros2_numpy) by extensions ['ros']
[0.215s] Level 1:colcon.colcon_core.package_identification:_identify(src/ros2_numpy) by extension 'ros'
[0.216s] DEBUG:colcon.colcon_core.package_identification:Package 'src/ros2_numpy' with type 'ros.ament_cmake' and name 'ros2_numpy'
[0.216s] Level 1:colcon.colcon_core.package_identification:_identify(src/simple_pcd_publisher) by extensions ['ignore', 'ignore_ament_install']
[0.216s] Level 1:colcon.colcon_core.package_identification:_identify(src/simple_pcd_publisher) by extension 'ignore'
[0.216s] Level 1:colcon.colcon_core.package_identification:_identify(src/simple_pcd_publisher) by extension 'ignore_ament_install'
[0.216s] Level 1:colcon.colcon_core.package_identification:_identify(src/simple_pcd_publisher) by extensions ['colcon_pkg']
[0.216s] Level 1:colcon.colcon_core.package_identification:_identify(src/simple_pcd_publisher) by extension 'colcon_pkg'
[0.216s] Level 1:colcon.colcon_core.package_identification:_identify(src/simple_pcd_publisher) by extensions ['colcon_meta']
[0.216s] Level 1:colcon.colcon_core.package_identification:_identify(src/simple_pcd_publisher) by extension 'colcon_meta'
[0.216s] Level 1:colcon.colcon_core.package_identification:_identify(src/simple_pcd_publisher) by extensions ['ros']
[0.216s] Level 1:colcon.colcon_core.package_identification:_identify(src/simple_pcd_publisher) by extension 'ros'
[0.216s] DEBUG:colcon.colcon_core.package_identification:Package 'src/simple_pcd_publisher' with type 'ros.ament_python' and name 'simple_pcd_publisher'
[0.216s] Level 1:colcon.colcon_core.package_discovery:discover_packages(recursive) using defaults
[0.216s] Level 1:colcon.colcon_core.package_discovery:discover_packages(ignore) discover
[0.216s] Level 1:colcon.colcon_core.package_discovery:discover_packages(ignore) using defaults
[0.216s] Level 1:colcon.colcon_core.package_discovery:discover_packages(path) discover
[0.216s] Level 1:colcon.colcon_core.package_discovery:discover_packages(path) using defaults
[0.234s] Level 1:colcon.colcon_core.package_discovery:discover_packages(prefix_path) check parameters
[0.234s] Level 1:colcon.colcon_core.package_discovery:discover_packages(prefix_path) discover
[0.235s] WARNING:colcon.colcon_ros.prefix_path.ament:The path '/home/ikun/OpenPCDet_ROS2/install/simple_pcd_publisher' in the environment variable AMENT_PREFIX_PATH doesn't exist
[0.235s] WARNING:colcon.colcon_ros.prefix_path.ament:The path '/home/ikun/OpenPCDet_ROS2/install/pcdet_ros2' in the environment variable AMENT_PREFIX_PATH doesn't exist
[0.235s] WARNING:colcon.colcon_ros.prefix_path.ament:The path '/home/ikun/OpenPCDet_ROS2/install/ros2_numpy' in the environment variable AMENT_PREFIX_PATH doesn't exist
[0.235s] WARNING:colcon.colcon_ros.prefix_path.catkin:The path '/home/ikun/OpenPCDet_ROS2/install/ros2_numpy' in the environment variable CMAKE_PREFIX_PATH doesn't exist
[0.236s] DEBUG:colcon.colcon_installed_package_information.package_discovery:Found 0 installed packages in /home/ikun/OpenPCDet_ROS2/install
[0.236s] DEBUG:colcon.colcon_installed_package_information.package_discovery:Found 276 installed packages in /opt/ros/humble
[0.237s] Level 1:colcon.colcon_core.package_discovery:discover_packages(prefix_path) using defaults
[0.258s] Level 5:colcon.colcon_core.verb:set package 'ros2_numpy' build argument 'cmake_args' from command line to 'None'
[0.258s] Level 5:colcon.colcon_core.verb:set package 'ros2_numpy' build argument 'cmake_target' from command line to 'None'
[0.258s] Level 5:colcon.colcon_core.verb:set package 'ros2_numpy' build argument 'cmake_target_skip_unavailable' from command line to 'False'
[0.258s] Level 5:colcon.colcon_core.verb:set package 'ros2_numpy' build argument 'cmake_clean_cache' from command line to 'False'
[0.258s] Level 5:colcon.colcon_core.verb:set package 'ros2_numpy' build argument 'cmake_clean_first' from command line to 'False'
[0.258s] Level 5:colcon.colcon_core.verb:set package 'ros2_numpy' build argument 'cmake_force_configure' from command line to 'False'
[0.258s] Level 5:colcon.colcon_core.verb:set package 'ros2_numpy' build argument 'ament_cmake_args' from command line to 'None'
[0.258s] Level 5:colcon.colcon_core.verb:set package 'ros2_numpy' build argument 'catkin_cmake_args' from command line to 'None'
[0.258s] Level 5:colcon.colcon_core.verb:set package 'ros2_numpy' build argument 'catkin_skip_building_tests' from command line to 'False'
[0.258s] DEBUG:colcon.colcon_core.verb:Building package 'ros2_numpy' with the following arguments: {'ament_cmake_args': None, 'build_base': '/home/ikun/OpenPCDet_ROS2/build/ros2_numpy', 'catkin_cmake_args': None, 'catkin_skip_building_tests': False, 'cmake_args': None, 'cmake_clean_cache': False, 'cmake_clean_first': False, 'cmake_force_configure': False, 'cmake_target': None, 'cmake_target_skip_unavailable': False, 'install_base': '/home/ikun/OpenPCDet_ROS2/install/ros2_numpy', 'merge_install': False, 'path': '/home/ikun/OpenPCDet_ROS2/src/ros2_numpy', 'symlink_install': True, 'test_result_base': None}
[0.258s] Level 5:colcon.colcon_core.verb:set package 'simple_pcd_publisher' build argument 'cmake_args' from command line to 'None'
[0.258s] Level 5:colcon.colcon_core.verb:set package 'simple_pcd_publisher' build argument 'cmake_target' from command line to 'None'
[0.258s] Level 5:colcon.colcon_core.verb:set package 'simple_pcd_publisher' build argument 'cmake_target_skip_unavailable' from command line to 'False'
[0.258s] Level 5:colcon.colcon_core.verb:set package 'simple_pcd_publisher' build argument 'cmake_clean_cache' from command line to 'False'
[0.258s] Level 5:colcon.colcon_core.verb:set package 'simple_pcd_publisher' build argument 'cmake_clean_first' from command line to 'False'
[0.258s] Level 5:colcon.colcon_core.verb:set package 'simple_pcd_publisher' build argument 'cmake_force_configure' from command line to 'False'
[0.258s] Level 5:colcon.colcon_core.verb:set package 'simple_pcd_publisher' build argument 'ament_cmake_args' from command line to 'None'
[0.258s] Level 5:colcon.colcon_core.verb:set package 'simple_pcd_publisher' build argument 'catkin_cmake_args' from command line to 'None'
[0.258s] Level 5:colcon.colcon_core.verb:set package 'simple_pcd_publisher' build argument 'catkin_skip_building_tests' from command line to 'False'
[0.258s] DEBUG:colcon.colcon_core.verb:Building package 'simple_pcd_publisher' with the following arguments: {'ament_cmake_args': None, 'build_base': '/home/ikun/OpenPCDet_ROS2/build/simple_pcd_publisher', 'catkin_cmake_args': None, 'catkin_skip_building_tests': False, 'cmake_args': None, 'cmake_clean_cache': False, 'cmake_clean_first': False, 'cmake_force_configure': False, 'cmake_target': None, 'cmake_target_skip_unavailable': False, 'install_base': '/home/ikun/OpenPCDet_ROS2/install/simple_pcd_publisher', 'merge_install': False, 'path': '/home/ikun/OpenPCDet_ROS2/src/simple_pcd_publisher', 'symlink_install': True, 'test_result_base': None}
[0.259s] Level 5:colcon.colcon_core.verb:set package 'pcdet_ros2' build argument 'cmake_args' from command line to 'None'
[0.259s] Level 5:colcon.colcon_core.verb:set package 'pcdet_ros2' build argument 'cmake_target' from command line to 'None'
[0.259s] Level 5:colcon.colcon_core.verb:set package 'pcdet_ros2' build argument 'cmake_target_skip_unavailable' from command line to 'False'
[0.259s] Level 5:colcon.colcon_core.verb:set package 'pcdet_ros2' build argument 'cmake_clean_cache' from command line to 'False'
[0.259s] Level 5:colcon.colcon_core.verb:set package 'pcdet_ros2' build argument 'cmake_clean_first' from command line to 'False'
[0.259s] Level 5:colcon.colcon_core.verb:set package 'pcdet_ros2' build argument 'cmake_force_configure' from command line to 'False'
[0.259s] Level 5:colcon.colcon_core.verb:set package 'pcdet_ros2' build argument 'ament_cmake_args' from command line to 'None'
[0.259s] Level 5:colcon.colcon_core.verb:set package 'pcdet_ros2' build argument 'catkin_cmake_args' from command line to 'None'
[0.259s] Level 5:colcon.colcon_core.verb:set package 'pcdet_ros2' build argument 'catkin_skip_building_tests' from command line to 'False'
[0.259s] DEBUG:colcon.colcon_core.verb:Building package 'pcdet_ros2' with the following arguments: {'ament_cmake_args': None, 'build_base': '/home/ikun/OpenPCDet_ROS2/build/pcdet_ros2', 'catkin_cmake_args': None, 'catkin_skip_building_tests': False, 'cmake_args': None, 'cmake_clean_cache': False, 'cmake_clean_first': False, 'cmake_force_configure': False, 'cmake_target': None, 'cmake_target_skip_unavailable': False, 'install_base': '/home/ikun/OpenPCDet_ROS2/install/pcdet_ros2', 'merge_install': False, 'path': '/home/ikun/OpenPCDet_ROS2/src/pcdet_ros2', 'symlink_install': True, 'test_result_base': None}
[0.259s] INFO:colcon.colcon_core.executor:Executing jobs using 'parallel' executor
[0.260s] DEBUG:colcon.colcon_parallel_executor.executor.parallel:run_until_complete
[0.260s] INFO:colcon.colcon_ros.task.ament_cmake.build:Building ROS package in '/home/ikun/OpenPCDet_ROS2/src/ros2_numpy' with build type 'ament_cmake'
[0.260s] INFO:colcon.colcon_cmake.task.cmake.build:Building CMake package in '/home/ikun/OpenPCDet_ROS2/src/ros2_numpy'
[0.262s] INFO:colcon.colcon_core.plugin_system:Skipping extension 'colcon_core.shell.bat': Not used on non-Windows systems
[0.262s] INFO:colcon.colcon_core.shell:Skip shell extension 'powershell' for command environment: Not usable outside of PowerShell
[0.262s] DEBUG:colcon.colcon_core.shell:Skip shell extension 'dsv' for command environment
[0.264s] INFO:colcon.colcon_ros.task.ament_python.build:Building ROS package in '/home/ikun/OpenPCDet_ROS2/src/simple_pcd_publisher' with build type 'ament_python'
[0.265s] Level 1:colcon.colcon_core.shell:create_environment_hook('simple_pcd_publisher', 'ament_prefix_path')
[0.265s] INFO:colcon.colcon_core.shell:Creating environment hook '/home/ikun/OpenPCDet_ROS2/install/simple_pcd_publisher/share/simple_pcd_publisher/hook/ament_prefix_path.ps1'
[0.266s] INFO:colcon.colcon_core.shell:Creating environment descriptor '/home/ikun/OpenPCDet_ROS2/install/simple_pcd_publisher/share/simple_pcd_publisher/hook/ament_prefix_path.dsv'
[0.266s] INFO:colcon.colcon_core.shell:Creating environment hook '/home/ikun/OpenPCDet_ROS2/install/simple_pcd_publisher/share/simple_pcd_publisher/hook/ament_prefix_path.sh'
[0.267s] INFO:colcon.colcon_core.shell:Skip shell extension 'powershell' for command environment: Not usable outside of PowerShell
[0.267s] DEBUG:colcon.colcon_core.shell:Skip shell extension 'dsv' for command environment
[0.274s] DEBUG:colcon.colcon_core.event_handler.log_command:Invoking command in '/home/ikun/OpenPCDet_ROS2/build/ros2_numpy': CMAKE_PREFIX_PATH=${CMAKE_PREFIX_PATH}:/home/ikun/OpenPCDet_ROS2/install/simple_pcd_publisher:/home/ikun/OpenPCDet_ROS2/install/pcdet_ros2:/opt/ros/humble /home/ikun/.local/bin/cmake /home/ikun/OpenPCDet_ROS2/src/ros2_numpy -DAMENT_CMAKE_SYMLINK_INSTALL=1 -DCMAKE_INSTALL_PREFIX=/home/ikun/OpenPCDet_ROS2/install/ros2_numpy
[0.433s] INFO:colcon.colcon_core.task.python.build:Building Python package in '/home/ikun/OpenPCDet_ROS2/src/simple_pcd_publisher'
[0.434s] INFO:colcon.colcon_core.shell:Skip shell extension 'powershell' for command environment: Not usable outside of PowerShell
[0.434s] DEBUG:colcon.colcon_core.shell:Skip shell extension 'dsv' for command environment
[0.680s] DEBUG:colcon.colcon_core.event_handler.log_command:Invoking command in '/home/ikun/OpenPCDet_ROS2/build/simple_pcd_publisher': PYTHONPATH=/home/ikun/OpenPCDet_ROS2/build/simple_pcd_publisher/prefix_override:/usr/lib/python3/dist-packages/colcon_core/task/python/colcon_distutils_commands:/home/ikun/OpenPCDet_ROS2/install/simple_pcd_publisher/lib/python3.10/site-packages:${PYTHONPATH} /usr/bin/python3 -W ignore:setup.py install is deprecated -W ignore:easy_install command is deprecated setup.py develop --editable --build-directory /home/ikun/OpenPCDet_ROS2/build/simple_pcd_publisher/build --no-deps symlink_data
[0.985s] Level 1:colcon.colcon_core.shell:create_environment_hook('simple_pcd_publisher', 'pythonpath_develop')
[0.986s] INFO:colcon.colcon_core.shell:Creating environment hook '/home/ikun/OpenPCDet_ROS2/build/simple_pcd_publisher/share/simple_pcd_publisher/hook/pythonpath_develop.ps1'
[0.986s] DEBUG:colcon.colcon_core.event_handler.log_command:Invoked command in '/home/ikun/OpenPCDet_ROS2/build/simple_pcd_publisher' returned '0': PYTHONPATH=/home/ikun/OpenPCDet_ROS2/build/simple_pcd_publisher/prefix_override:/usr/lib/python3/dist-packages/colcon_core/task/python/colcon_distutils_commands:/home/ikun/OpenPCDet_ROS2/install/simple_pcd_publisher/lib/python3.10/site-packages:${PYTHONPATH} /usr/bin/python3 -W ignore:setup.py install is deprecated -W ignore:easy_install command is deprecated setup.py develop --editable --build-directory /home/ikun/OpenPCDet_ROS2/build/simple_pcd_publisher/build --no-deps symlink_data
[0.987s] INFO:colcon.colcon_core.shell:Creating environment descriptor '/home/ikun/OpenPCDet_ROS2/build/simple_pcd_publisher/share/simple_pcd_publisher/hook/pythonpath_develop.dsv'
[0.987s] INFO:colcon.colcon_core.shell:Creating environment hook '/home/ikun/OpenPCDet_ROS2/build/simple_pcd_publisher/share/simple_pcd_publisher/hook/pythonpath_develop.sh'
[0.989s] Level 1:colcon.colcon_core.environment:checking '/home/ikun/OpenPCDet_ROS2/install/simple_pcd_publisher' for CMake module files
[0.989s] Level 1:colcon.colcon_core.environment:checking '/home/ikun/OpenPCDet_ROS2/install/simple_pcd_publisher' for CMake config files
[0.989s] Level 1:colcon.colcon_core.environment:checking '/home/ikun/OpenPCDet_ROS2/install/simple_pcd_publisher/lib'
[0.989s] Level 1:colcon.colcon_core.environment:checking '/home/ikun/OpenPCDet_ROS2/install/simple_pcd_publisher/bin'
[0.989s] Level 1:colcon.colcon_core.environment:checking '/home/ikun/OpenPCDet_ROS2/install/simple_pcd_publisher/lib/pkgconfig/simple_pcd_publisher.pc'
[0.990s] Level 1:colcon.colcon_core.environment:checking '/home/ikun/OpenPCDet_ROS2/install/simple_pcd_publisher/lib/python3.10/site-packages'
[0.990s] Level 1:colcon.colcon_core.shell:create_environment_hook('simple_pcd_publisher', 'pythonpath')
[0.990s] INFO:colcon.colcon_core.shell:Creating environment hook '/home/ikun/OpenPCDet_ROS2/install/simple_pcd_publisher/share/simple_pcd_publisher/hook/pythonpath.ps1'
[0.990s] INFO:colcon.colcon_core.shell:Creating environment descriptor '/home/ikun/OpenPCDet_ROS2/install/simple_pcd_publisher/share/simple_pcd_publisher/hook/pythonpath.dsv'
[0.990s] INFO:colcon.colcon_core.shell:Creating environment hook '/home/ikun/OpenPCDet_ROS2/install/simple_pcd_publisher/share/simple_pcd_publisher/hook/pythonpath.sh'
[0.991s] Level 1:colcon.colcon_core.environment:checking '/home/ikun/OpenPCDet_ROS2/install/simple_pcd_publisher/bin'
[0.991s] Level 1:colcon.colcon_core.environment:create_environment_scripts_only(simple_pcd_publisher)
[0.991s] INFO:colcon.colcon_core.shell:Creating package script '/home/ikun/OpenPCDet_ROS2/install/simple_pcd_publisher/share/simple_pcd_publisher/package.ps1'
[0.992s] INFO:colcon.colcon_core.shell:Creating package descriptor '/home/ikun/OpenPCDet_ROS2/install/simple_pcd_publisher/share/simple_pcd_publisher/package.dsv'
[0.992s] INFO:colcon.colcon_core.shell:Creating package script '/home/ikun/OpenPCDet_ROS2/install/simple_pcd_publisher/share/simple_pcd_publisher/package.sh'
[0.993s] INFO:colcon.colcon_core.shell:Creating package script '/home/ikun/OpenPCDet_ROS2/install/simple_pcd_publisher/share/simple_pcd_publisher/package.bash'
[0.993s] INFO:colcon.colcon_core.shell:Creating package script '/home/ikun/OpenPCDet_ROS2/install/simple_pcd_publisher/share/simple_pcd_publisher/package.zsh'
[0.994s] Level 1:colcon.colcon_core.environment:create_file_with_runtime_dependencies(/home/ikun/OpenPCDet_ROS2/install/simple_pcd_publisher/share/colcon-core/packages/simple_pcd_publisher)
[4.732s] DEBUG:colcon.colcon_core.event_handler.log_command:Invoked command in '/home/ikun/OpenPCDet_ROS2/build/ros2_numpy' returned '0': CMAKE_PREFIX_PATH=${CMAKE_PREFIX_PATH}:/home/ikun/OpenPCDet_ROS2/install/simple_pcd_publisher:/home/ikun/OpenPCDet_ROS2/install/pcdet_ros2:/opt/ros/humble /home/ikun/.local/bin/cmake /home/ikun/OpenPCDet_ROS2/src/ros2_numpy -DAMENT_CMAKE_SYMLINK_INSTALL=1 -DCMAKE_INSTALL_PREFIX=/home/ikun/OpenPCDet_ROS2/install/ros2_numpy
[4.733s] DEBUG:colcon.colcon_core.event_handler.log_command:Invoking command in '/home/ikun/OpenPCDet_ROS2/build/ros2_numpy': CMAKE_PREFIX_PATH=${CMAKE_PREFIX_PATH}:/home/ikun/OpenPCDet_ROS2/install/simple_pcd_publisher:/home/ikun/OpenPCDet_ROS2/install/pcdet_ros2:/opt/ros/humble /home/ikun/.local/bin/cmake --build /home/ikun/OpenPCDet_ROS2/build/ros2_numpy -- -j20 -l20
[4.934s] DEBUG:colcon.colcon_core.event_handler.log_command:Invoked command in '/home/ikun/OpenPCDet_ROS2/build/ros2_numpy' returned '0': CMAKE_PREFIX_PATH=${CMAKE_PREFIX_PATH}:/home/ikun/OpenPCDet_ROS2/install/simple_pcd_publisher:/home/ikun/OpenPCDet_ROS2/install/pcdet_ros2:/opt/ros/humble /home/ikun/.local/bin/cmake --build /home/ikun/OpenPCDet_ROS2/build/ros2_numpy -- -j20 -l20
[4.954s] DEBUG:colcon.colcon_core.event_handler.log_command:Invoking command in '/home/ikun/OpenPCDet_ROS2/build/ros2_numpy': CMAKE_PREFIX_PATH=${CMAKE_PREFIX_PATH}:/home/ikun/OpenPCDet_ROS2/install/simple_pcd_publisher:/home/ikun/OpenPCDet_ROS2/install/pcdet_ros2:/opt/ros/humble /home/ikun/.local/bin/cmake --install /home/ikun/OpenPCDet_ROS2/build/ros2_numpy
[5.051s] Level 1:colcon.colcon_core.environment:create_environment_scripts_only(ros2_numpy)
[5.052s] DEBUG:colcon.colcon_core.event_handler.log_command:Invoked command in '/home/ikun/OpenPCDet_ROS2/build/ros2_numpy' returned '0': CMAKE_PREFIX_PATH=${CMAKE_PREFIX_PATH}:/home/ikun/OpenPCDet_ROS2/install/simple_pcd_publisher:/home/ikun/OpenPCDet_ROS2/install/pcdet_ros2:/opt/ros/humble /home/ikun/.local/bin/cmake --install /home/ikun/OpenPCDet_ROS2/build/ros2_numpy
[5.052s] Level 1:colcon.colcon_core.environment:checking '/home/ikun/OpenPCDet_ROS2/install/ros2_numpy' for CMake module files
[5.052s] Level 1:colcon.colcon_core.environment:checking '/home/ikun/OpenPCDet_ROS2/install/ros2_numpy' for CMake config files
[5.053s] Level 1:colcon.colcon_core.shell:create_environment_hook('ros2_numpy', 'cmake_prefix_path')
[5.053s] INFO:colcon.colcon_core.shell:Creating environment hook '/home/ikun/OpenPCDet_ROS2/install/ros2_numpy/share/ros2_numpy/hook/cmake_prefix_path.ps1'
[5.053s] INFO:colcon.colcon_core.shell:Creating environment descriptor '/home/ikun/OpenPCDet_ROS2/install/ros2_numpy/share/ros2_numpy/hook/cmake_prefix_path.dsv'
[5.054s] INFO:colcon.colcon_core.shell:Creating environment hook '/home/ikun/OpenPCDet_ROS2/install/ros2_numpy/share/ros2_numpy/hook/cmake_prefix_path.sh'
[5.054s] Level 1:colcon.colcon_core.environment:checking '/home/ikun/OpenPCDet_ROS2/install/ros2_numpy/bin'
[5.054s] Level 1:colcon.colcon_core.environment:checking '/home/ikun/OpenPCDet_ROS2/install/ros2_numpy/lib/pkgconfig/ros2_numpy.pc'
[5.054s] Level 1:colcon.colcon_core.environment:checking '/home/ikun/OpenPCDet_ROS2/install/ros2_numpy/lib/python3.10/site-packages'
[5.054s] Level 1:colcon.colcon_core.environment:checking '/home/ikun/OpenPCDet_ROS2/install/ros2_numpy/bin'
[5.055s] INFO:colcon.colcon_core.shell:Creating package script '/home/ikun/OpenPCDet_ROS2/install/ros2_numpy/share/ros2_numpy/package.ps1'
[5.055s] INFO:colcon.colcon_core.shell:Creating package descriptor '/home/ikun/OpenPCDet_ROS2/install/ros2_numpy/share/ros2_numpy/package.dsv'
[5.055s] INFO:colcon.colcon_core.shell:Creating package script '/home/ikun/OpenPCDet_ROS2/install/ros2_numpy/share/ros2_numpy/package.sh'
[5.055s] INFO:colcon.colcon_core.shell:Creating package script '/home/ikun/OpenPCDet_ROS2/install/ros2_numpy/share/ros2_numpy/package.bash'
[5.055s] INFO:colcon.colcon_core.shell:Creating package script '/home/ikun/OpenPCDet_ROS2/install/ros2_numpy/share/ros2_numpy/package.zsh'
[5.056s] Level 1:colcon.colcon_core.environment:create_file_with_runtime_dependencies(/home/ikun/OpenPCDet_ROS2/install/ros2_numpy/share/colcon-core/packages/ros2_numpy)
[5.056s] Level 1:colcon.colcon_core.environment:create_environment_scripts_only(ros2_numpy)
[5.056s] Level 1:colcon.colcon_core.environment:checking '/home/ikun/OpenPCDet_ROS2/install/ros2_numpy' for CMake module files
[5.056s] Level 1:colcon.colcon_core.environment:checking '/home/ikun/OpenPCDet_ROS2/install/ros2_numpy' for CMake config files
[5.057s] Level 1:colcon.colcon_core.shell:create_environment_hook('ros2_numpy', 'cmake_prefix_path')
[5.057s] INFO:colcon.colcon_core.shell:Creating environment hook '/home/ikun/OpenPCDet_ROS2/install/ros2_numpy/share/ros2_numpy/hook/cmake_prefix_path.ps1'
[5.057s] INFO:colcon.colcon_core.shell:Creating environment descriptor '/home/ikun/OpenPCDet_ROS2/install/ros2_numpy/share/ros2_numpy/hook/cmake_prefix_path.dsv'
[5.057s] INFO:colcon.colcon_core.shell:Creating environment hook '/home/ikun/OpenPCDet_ROS2/install/ros2_numpy/share/ros2_numpy/hook/cmake_prefix_path.sh'
[5.058s] Level 1:colcon.colcon_core.environment:checking '/home/ikun/OpenPCDet_ROS2/install/ros2_numpy/bin'
[5.058s] Level 1:colcon.colcon_core.environment:checking '/home/ikun/OpenPCDet_ROS2/install/ros2_numpy/lib/pkgconfig/ros2_numpy.pc'
[5.058s] Level 1:colcon.colcon_core.environment:checking '/home/ikun/OpenPCDet_ROS2/install/ros2_numpy/lib/python3.10/site-packages'
[5.058s] Level 1:colcon.colcon_core.environment:checking '/home/ikun/OpenPCDet_ROS2/install/ros2_numpy/bin'
[5.058s] INFO:colcon.colcon_core.shell:Creating package script '/home/ikun/OpenPCDet_ROS2/install/ros2_numpy/share/ros2_numpy/package.ps1'
[5.058s] INFO:colcon.colcon_core.shell:Creating package descriptor '/home/ikun/OpenPCDet_ROS2/install/ros2_numpy/share/ros2_numpy/package.dsv'
[5.059s] INFO:colcon.colcon_core.shell:Creating package script '/home/ikun/OpenPCDet_ROS2/install/ros2_numpy/share/ros2_numpy/package.sh'
[5.059s] INFO:colcon.colcon_core.shell:Creating package script '/home/ikun/OpenPCDet_ROS2/install/ros2_numpy/share/ros2_numpy/package.bash'
[5.059s] INFO:colcon.colcon_core.shell:Creating package script '/home/ikun/OpenPCDet_ROS2/install/ros2_numpy/share/ros2_numpy/package.zsh'
[5.059s] Level 1:colcon.colcon_core.environment:create_file_with_runtime_dependencies(/home/ikun/OpenPCDet_ROS2/install/ros2_numpy/share/colcon-core/packages/ros2_numpy)
[5.060s] INFO:colcon.colcon_ros.task.ament_python.build:Building ROS package in '/home/ikun/OpenPCDet_ROS2/src/pcdet_ros2' with build type 'ament_python'
[5.060s] Level 1:colcon.colcon_core.shell:create_environment_hook('pcdet_ros2', 'ament_prefix_path')
[5.060s] INFO:colcon.colcon_core.shell:Creating environment hook '/home/ikun/OpenPCDet_ROS2/install/pcdet_ros2/share/pcdet_ros2/hook/ament_prefix_path.ps1'
[5.061s] INFO:colcon.colcon_core.shell:Creating environment descriptor '/home/ikun/OpenPCDet_ROS2/install/pcdet_ros2/share/pcdet_ros2/hook/ament_prefix_path.dsv'
[5.061s] INFO:colcon.colcon_core.shell:Creating environment hook '/home/ikun/OpenPCDet_ROS2/install/pcdet_ros2/share/pcdet_ros2/hook/ament_prefix_path.sh'
[5.061s] INFO:colcon.colcon_core.shell:Skip shell extension 'powershell' for command environment: Not usable outside of PowerShell
[5.061s] DEBUG:colcon.colcon_core.shell:Skip shell extension 'dsv' for command environment
[5.244s] INFO:colcon.colcon_core.task.python.build:Building Python package in '/home/ikun/OpenPCDet_ROS2/src/pcdet_ros2'
[5.245s] INFO:colcon.colcon_core.shell:Skip shell extension 'powershell' for command environment: Not usable outside of PowerShell
[5.245s] DEBUG:colcon.colcon_core.shell:Skip shell extension 'dsv' for command environment
[5.512s] DEBUG:colcon.colcon_core.event_handler.log_command:Invoking command in '/home/ikun/OpenPCDet_ROS2/build/pcdet_ros2': PYTHONPATH=/home/ikun/OpenPCDet_ROS2/build/pcdet_ros2/prefix_override:/usr/lib/python3/dist-packages/colcon_core/task/python/colcon_distutils_commands:/home/ikun/OpenPCDet_ROS2/install/pcdet_ros2/lib/python3.10/site-packages:${PYTHONPATH} /usr/bin/python3 -W ignore:setup.py install is deprecated -W ignore:easy_install command is deprecated setup.py develop --editable --build-directory /home/ikun/OpenPCDet_ROS2/build/pcdet_ros2/build --no-deps symlink_data
[5.808s] Level 1:colcon.colcon_core.shell:create_environment_hook('pcdet_ros2', 'pythonpath_develop')
[5.809s] INFO:colcon.colcon_core.shell:Creating environment hook '/home/ikun/OpenPCDet_ROS2/build/pcdet_ros2/share/pcdet_ros2/hook/pythonpath_develop.ps1'
[5.809s] DEBUG:colcon.colcon_core.event_handler.log_command:Invoked command in '/home/ikun/OpenPCDet_ROS2/build/pcdet_ros2' returned '0': PYTHONPATH=/home/ikun/OpenPCDet_ROS2/build/pcdet_ros2/prefix_override:/usr/lib/python3/dist-packages/colcon_core/task/python/colcon_distutils_commands:/home/ikun/OpenPCDet_ROS2/install/pcdet_ros2/lib/python3.10/site-packages:${PYTHONPATH} /usr/bin/python3 -W ignore:setup.py install is deprecated -W ignore:easy_install command is deprecated setup.py develop --editable --build-directory /home/ikun/OpenPCDet_ROS2/build/pcdet_ros2/build --no-deps symlink_data
[5.810s] INFO:colcon.colcon_core.shell:Creating environment descriptor '/home/ikun/OpenPCDet_ROS2/build/pcdet_ros2/share/pcdet_ros2/hook/pythonpath_develop.dsv'
[5.810s] INFO:colcon.colcon_core.shell:Creating environment hook '/home/ikun/OpenPCDet_ROS2/build/pcdet_ros2/share/pcdet_ros2/hook/pythonpath_develop.sh'
[5.810s] Level 1:colcon.colcon_core.environment:checking '/home/ikun/OpenPCDet_ROS2/install/pcdet_ros2' for CMake module files
[5.810s] Level 1:colcon.colcon_core.environment:checking '/home/ikun/OpenPCDet_ROS2/install/pcdet_ros2' for CMake config files
[5.811s] Level 1:colcon.colcon_core.environment:checking '/home/ikun/OpenPCDet_ROS2/install/pcdet_ros2/lib'
[5.811s] Level 1:colcon.colcon_core.environment:checking '/home/ikun/OpenPCDet_ROS2/install/pcdet_ros2/bin'
[5.811s] Level 1:colcon.colcon_core.environment:checking '/home/ikun/OpenPCDet_ROS2/install/pcdet_ros2/lib/pkgconfig/pcdet_ros2.pc'
[5.811s] Level 1:colcon.colcon_core.environment:checking '/home/ikun/OpenPCDet_ROS2/install/pcdet_ros2/lib/python3.10/site-packages'
[5.812s] Level 1:colcon.colcon_core.shell:create_environment_hook('pcdet_ros2', 'pythonpath')
[5.812s] INFO:colcon.colcon_core.shell:Creating environment hook '/home/ikun/OpenPCDet_ROS2/install/pcdet_ros2/share/pcdet_ros2/hook/pythonpath.ps1'
[5.812s] INFO:colcon.colcon_core.shell:Creating environment descriptor '/home/ikun/OpenPCDet_ROS2/install/pcdet_ros2/share/pcdet_ros2/hook/pythonpath.dsv'
[5.812s] INFO:colcon.colcon_core.shell:Creating environment hook '/home/ikun/OpenPCDet_ROS2/install/pcdet_ros2/share/pcdet_ros2/hook/pythonpath.sh'
[5.812s] Level 1:colcon.colcon_core.environment:checking '/home/ikun/OpenPCDet_ROS2/install/pcdet_ros2/bin'
[5.812s] Level 1:colcon.colcon_core.environment:create_environment_scripts_only(pcdet_ros2)
[5.813s] INFO:colcon.colcon_core.shell:Creating package script '/home/ikun/OpenPCDet_ROS2/install/pcdet_ros2/share/pcdet_ros2/package.ps1'
[5.813s] INFO:colcon.colcon_core.shell:Creating package descriptor '/home/ikun/OpenPCDet_ROS2/install/pcdet_ros2/share/pcdet_ros2/package.dsv'
[5.813s] INFO:colcon.colcon_core.shell:Creating package script '/home/ikun/OpenPCDet_ROS2/install/pcdet_ros2/share/pcdet_ros2/package.sh'
[5.813s] INFO:colcon.colcon_core.shell:Creating package script '/home/ikun/OpenPCDet_ROS2/install/pcdet_ros2/share/pcdet_ros2/package.bash'
[5.813s] INFO:colcon.colcon_core.shell:Creating package script '/home/ikun/OpenPCDet_ROS2/install/pcdet_ros2/share/pcdet_ros2/package.zsh'
[5.814s] Level 1:colcon.colcon_core.environment:create_file_with_runtime_dependencies(/home/ikun/OpenPCDet_ROS2/install/pcdet_ros2/share/colcon-core/packages/pcdet_ros2)
[5.814s] DEBUG:colcon.colcon_parallel_executor.executor.parallel:closing loop
[5.815s] DEBUG:colcon.colcon_parallel_executor.executor.parallel:loop closed
[5.815s] DEBUG:colcon.colcon_parallel_executor.executor.parallel:run_until_complete finished with '0'
[5.815s] DEBUG:colcon.colcon_core.event_reactor:joining thread
[5.829s] INFO:colcon.colcon_core.plugin_system:Skipping extension 'colcon_notification.desktop_notification.notify_send': Could not find 'notify-send'
[5.830s] INFO:colcon.colcon_core.plugin_system:Skipping extension 'colcon_notification.desktop_notification.terminal_notifier': Not used on non-Darwin systems
[5.830s] INFO:colcon.colcon_core.plugin_system:Skipping extension 'colcon_notification.desktop_notification.win32': Not used on non-Windows systems
[5.830s] INFO:colcon.colcon_notification.desktop_notification:Sending desktop notification using 'notify2'
[5.830s] DEBUG:colcon.colcon_notification.desktop_notification.notify2:Failed to initialize notify2: org.freedesktop.DBus.Error.ServiceUnknown: The name org.freedesktop.Notifications was not provided by any .service files
[5.831s] DEBUG:colcon.colcon_core.event_reactor:joined thread
[5.831s] INFO:colcon.colcon_core.shell:Creating prefix script '/home/ikun/OpenPCDet_ROS2/install/local_setup.ps1'
[5.832s] INFO:colcon.colcon_core.shell:Creating prefix util module '/home/ikun/OpenPCDet_ROS2/install/_local_setup_util_ps1.py'
[5.832s] INFO:colcon.colcon_core.shell:Creating prefix chain script '/home/ikun/OpenPCDet_ROS2/install/setup.ps1'
[5.833s] INFO:colcon.colcon_core.shell:Creating prefix script '/home/ikun/OpenPCDet_ROS2/install/local_setup.sh'
[5.833s] INFO:colcon.colcon_core.shell:Creating prefix util module '/home/ikun/OpenPCDet_ROS2/install/_local_setup_util_sh.py'
[5.834s] INFO:colcon.colcon_core.shell:Creating prefix chain script '/home/ikun/OpenPCDet_ROS2/install/setup.sh'
[5.835s] INFO:colcon.colcon_core.shell:Creating prefix script '/home/ikun/OpenPCDet_ROS2/install/local_setup.bash'
[5.835s] INFO:colcon.colcon_core.shell:Creating prefix chain script '/home/ikun/OpenPCDet_ROS2/install/setup.bash'
[5.835s] INFO:colcon.colcon_core.shell:Creating prefix script '/home/ikun/OpenPCDet_ROS2/install/local_setup.zsh'
[5.836s] INFO:colcon.colcon_core.shell:Creating prefix chain script '/home/ikun/OpenPCDet_ROS2/install/setup.zsh'
