[0.415s] DEBUG:colcon:Command line arguments: ['/usr/bin/colcon', 'build', '--symlink-install']
[0.415s] DEBUG:colcon:Parsed command line arguments: Namespace(log_base=None, log_level=None, verb_name='build', build_base='build', install_base='install', merge_install=False, symlink_install=True, test_result_base=None, continue_on_error=False, executor='parallel', parallel_workers=20, event_handlers=None, ignore_user_meta=False, metas=['./colcon.meta'], base_paths=['.'], packages_ignore=None, packages_ignore_regex=None, paths=None, packages_up_to=None, packages_up_to_regex=None, packages_above=None, packages_above_and_dependencies=None, packages_above_depth=None, packages_select_by_dep=None, packages_skip_by_dep=None, packages_skip_up_to=None, packages_select_build_failed=False, packages_skip_build_finished=False, packages_select_test_failures=False, packages_skip_test_passed=False, packages_select=None, packages_skip=None, packages_select_regex=None, packages_skip_regex=None, packages_start=None, packages_end=None, allow_overriding=[], cmake_args=None, cmake_target=None, cmake_target_skip_unavailable=False, cmake_clean_cache=False, cmake_clean_first=False, cmake_force_configure=False, ament_cmake_args=None, catkin_cmake_args=None, catkin_skip_building_tests=False, verb_parser=<colcon_defaults.argument_parser.defaults.DefaultArgumentsDecorator object at 0x725235c5f490>, verb_extension=<colcon_core.verb.build.BuildVerb object at 0x725235c5ef80>, main=<bound method BuildVerb.main of <colcon_core.verb.build.BuildVerb object at 0x725235c5ef80>>)
[0.613s] Level 1:colcon.colcon_core.package_discovery:discover_packages(colcon_meta) check parameters
[0.613s] Level 1:colcon.colcon_core.package_discovery:discover_packages(recursive) check parameters
[0.613s] Level 1:colcon.colcon_core.package_discovery:discover_packages(ignore) check parameters
[0.613s] Level 1:colcon.colcon_core.package_discovery:discover_packages(path) check parameters
[0.613s] Level 1:colcon.colcon_core.package_discovery:discover_packages(colcon_meta) discover
[0.613s] Level 1:colcon.colcon_core.package_discovery:discover_packages(recursive) discover
[0.613s] INFO:colcon.colcon_core.package_discovery:Crawling recursively for packages in '/home/ikun/OpenPCDet_ROS2'
[0.613s] Level 1:colcon.colcon_core.package_identification:_identify(.) by extensions ['ignore', 'ignore_ament_install']
[0.613s] Level 1:colcon.colcon_core.package_identification:_identify(.) by extension 'ignore'
[0.613s] Level 1:colcon.colcon_core.package_identification:_identify(.) by extension 'ignore_ament_install'
[0.613s] Level 1:colcon.colcon_core.package_identification:_identify(.) by extensions ['colcon_pkg']
[0.613s] Level 1:colcon.colcon_core.package_identification:_identify(.) by extension 'colcon_pkg'
[0.613s] Level 1:colcon.colcon_core.package_identification:_identify(.) by extensions ['colcon_meta']
[0.613s] Level 1:colcon.colcon_core.package_identification:_identify(.) by extension 'colcon_meta'
[0.613s] Level 1:colcon.colcon_core.package_identification:_identify(.) by extensions ['ros']
[0.613s] Level 1:colcon.colcon_core.package_identification:_identify(.) by extension 'ros'
[0.630s] Level 1:colcon.colcon_core.package_identification:_identify(.) by extensions ['cmake', 'python']
[0.630s] Level 1:colcon.colcon_core.package_identification:_identify(.) by extension 'cmake'
[0.630s] Level 1:colcon.colcon_core.package_identification:_identify(.) by extension 'python'
[0.631s] Level 1:colcon.colcon_core.package_identification:_identify(.) by extensions ['python_setup_py']
[0.631s] Level 1:colcon.colcon_core.package_identification:_identify(.) by extension 'python_setup_py'
[0.631s] Level 1:colcon.colcon_core.package_identification:_identify(build) by extensions ['ignore', 'ignore_ament_install']
[0.631s] Level 1:colcon.colcon_core.package_identification:_identify(build) by extension 'ignore'
[0.631s] Level 1:colcon.colcon_core.package_identification:_identify(build) ignored
[0.632s] Level 1:colcon.colcon_core.package_identification:_identify(install) by extensions ['ignore', 'ignore_ament_install']
[0.632s] Level 1:colcon.colcon_core.package_identification:_identify(install) by extension 'ignore'
[0.632s] Level 1:colcon.colcon_core.package_identification:_identify(install) ignored
[0.632s] Level 1:colcon.colcon_core.package_identification:_identify(log) by extensions ['ignore', 'ignore_ament_install']
[0.633s] Level 1:colcon.colcon_core.package_identification:_identify(log) by extension 'ignore'
[0.634s] Level 1:colcon.colcon_core.package_identification:_identify(log) ignored
[0.634s] Level 1:colcon.colcon_core.package_identification:_identify(src) by extensions ['ignore', 'ignore_ament_install']
[0.634s] Level 1:colcon.colcon_core.package_identification:_identify(src) by extension 'ignore'
[0.635s] Level 1:colcon.colcon_core.package_identification:_identify(src) by extension 'ignore_ament_install'
[0.635s] Level 1:colcon.colcon_core.package_identification:_identify(src) by extensions ['colcon_pkg']
[0.635s] Level 1:colcon.colcon_core.package_identification:_identify(src) by extension 'colcon_pkg'
[0.636s] Level 1:colcon.colcon_core.package_identification:_identify(src) by extensions ['colcon_meta']
[0.636s] Level 1:colcon.colcon_core.package_identification:_identify(src) by extension 'colcon_meta'
[0.637s] Level 1:colcon.colcon_core.package_identification:_identify(src) by extensions ['ros']
[0.637s] Level 1:colcon.colcon_core.package_identification:_identify(src) by extension 'ros'
[0.637s] Level 1:colcon.colcon_core.package_identification:_identify(src) by extensions ['cmake', 'python']
[0.637s] Level 1:colcon.colcon_core.package_identification:_identify(src) by extension 'cmake'
[0.637s] Level 1:colcon.colcon_core.package_identification:_identify(src) by extension 'python'
[0.637s] Level 1:colcon.colcon_core.package_identification:_identify(src) by extensions ['python_setup_py']
[0.637s] Level 1:colcon.colcon_core.package_identification:_identify(src) by extension 'python_setup_py'
[0.638s] Level 1:colcon.colcon_core.package_identification:_identify(src/pcd_publisher) by extensions ['ignore', 'ignore_ament_install']
[0.638s] Level 1:colcon.colcon_core.package_identification:_identify(src/pcd_publisher) by extension 'ignore'
[0.638s] Level 1:colcon.colcon_core.package_identification:_identify(src/pcd_publisher) by extension 'ignore_ament_install'
[0.638s] Level 1:colcon.colcon_core.package_identification:_identify(src/pcd_publisher) by extensions ['colcon_pkg']
[0.638s] Level 1:colcon.colcon_core.package_identification:_identify(src/pcd_publisher) by extension 'colcon_pkg'
[0.638s] Level 1:colcon.colcon_core.package_identification:_identify(src/pcd_publisher) by extensions ['colcon_meta']
[0.638s] Level 1:colcon.colcon_core.package_identification:_identify(src/pcd_publisher) by extension 'colcon_meta'
[0.638s] Level 1:colcon.colcon_core.package_identification:_identify(src/pcd_publisher) by extensions ['ros']
[0.638s] Level 1:colcon.colcon_core.package_identification:_identify(src/pcd_publisher) by extension 'ros'
[0.646s] DEBUG:colcon.colcon_core.package_identification:Package 'src/pcd_publisher' with type 'ros.ament_python' and name 'pcd_publisher'
[0.646s] Level 1:colcon.colcon_core.package_identification:_identify(src/pcdet_ros2) by extensions ['ignore', 'ignore_ament_install']
[0.646s] Level 1:colcon.colcon_core.package_identification:_identify(src/pcdet_ros2) by extension 'ignore'
[0.646s] Level 1:colcon.colcon_core.package_identification:_identify(src/pcdet_ros2) by extension 'ignore_ament_install'
[0.646s] Level 1:colcon.colcon_core.package_identification:_identify(src/pcdet_ros2) by extensions ['colcon_pkg']
[0.646s] Level 1:colcon.colcon_core.package_identification:_identify(src/pcdet_ros2) by extension 'colcon_pkg'
[0.647s] Level 1:colcon.colcon_core.package_identification:_identify(src/pcdet_ros2) by extensions ['colcon_meta']
[0.647s] Level 1:colcon.colcon_core.package_identification:_identify(src/pcdet_ros2) by extension 'colcon_meta'
[0.647s] Level 1:colcon.colcon_core.package_identification:_identify(src/pcdet_ros2) by extensions ['ros']
[0.647s] Level 1:colcon.colcon_core.package_identification:_identify(src/pcdet_ros2) by extension 'ros'
[0.649s] DEBUG:colcon.colcon_core.package_identification:Package 'src/pcdet_ros2' with type 'ros.ament_python' and name 'pcdet_ros2'
[0.649s] Level 1:colcon.colcon_core.package_identification:_identify(src/ros2_numpy) by extensions ['ignore', 'ignore_ament_install']
[0.650s] Level 1:colcon.colcon_core.package_identification:_identify(src/ros2_numpy) by extension 'ignore'
[0.650s] Level 1:colcon.colcon_core.package_identification:_identify(src/ros2_numpy) by extension 'ignore_ament_install'
[0.650s] Level 1:colcon.colcon_core.package_identification:_identify(src/ros2_numpy) by extensions ['colcon_pkg']
[0.650s] Level 1:colcon.colcon_core.package_identification:_identify(src/ros2_numpy) by extension 'colcon_pkg'
[0.650s] Level 1:colcon.colcon_core.package_identification:_identify(src/ros2_numpy) by extensions ['colcon_meta']
[0.650s] Level 1:colcon.colcon_core.package_identification:_identify(src/ros2_numpy) by extension 'colcon_meta'
[0.650s] Level 1:colcon.colcon_core.package_identification:_identify(src/ros2_numpy) by extensions ['ros']
[0.650s] Level 1:colcon.colcon_core.package_identification:_identify(src/ros2_numpy) by extension 'ros'
[0.652s] DEBUG:colcon.colcon_core.package_identification:Package 'src/ros2_numpy' with type 'ros.ament_cmake' and name 'ros2_numpy'
[0.652s] Level 1:colcon.colcon_core.package_discovery:discover_packages(recursive) using defaults
[0.652s] Level 1:colcon.colcon_core.package_discovery:discover_packages(ignore) discover
[0.652s] Level 1:colcon.colcon_core.package_discovery:discover_packages(ignore) using defaults
[0.652s] Level 1:colcon.colcon_core.package_discovery:discover_packages(path) discover
[0.652s] Level 1:colcon.colcon_core.package_discovery:discover_packages(path) using defaults
[0.674s] Level 1:colcon.colcon_core.package_discovery:discover_packages(prefix_path) check parameters
[0.674s] Level 1:colcon.colcon_core.package_discovery:discover_packages(prefix_path) discover
[0.675s] WARNING:colcon.colcon_ros.prefix_path.ament:The path '/home/ikun/OpenPCDet_ROS2/install/pcdet_ros2' in the environment variable AMENT_PREFIX_PATH doesn't exist
[0.675s] WARNING:colcon.colcon_ros.prefix_path.ament:The path '/home/ikun/OpenPCDet_ROS2/install/ros2_numpy' in the environment variable AMENT_PREFIX_PATH doesn't exist
[0.675s] WARNING:colcon.colcon_ros.prefix_path.ament:The path '/home/ikun/OpenPCDet_ROS2/install/pcd_publisher' in the environment variable AMENT_PREFIX_PATH doesn't exist
[0.675s] WARNING:colcon.colcon_ros.prefix_path.catkin:The path '/home/ikun/OpenPCDet_ROS2/install/ros2_numpy' in the environment variable CMAKE_PREFIX_PATH doesn't exist
[0.675s] DEBUG:colcon.colcon_installed_package_information.package_discovery:Found 0 installed packages in /home/ikun/OpenPCDet_ROS2/install
[0.676s] DEBUG:colcon.colcon_installed_package_information.package_discovery:Found 276 installed packages in /opt/ros/humble
[0.677s] Level 1:colcon.colcon_core.package_discovery:discover_packages(prefix_path) using defaults
[0.709s] Level 5:colcon.colcon_core.verb:set package 'pcd_publisher' build argument 'cmake_args' from command line to 'None'
[0.709s] Level 5:colcon.colcon_core.verb:set package 'pcd_publisher' build argument 'cmake_target' from command line to 'None'
[0.709s] Level 5:colcon.colcon_core.verb:set package 'pcd_publisher' build argument 'cmake_target_skip_unavailable' from command line to 'False'
[0.709s] Level 5:colcon.colcon_core.verb:set package 'pcd_publisher' build argument 'cmake_clean_cache' from command line to 'False'
[0.709s] Level 5:colcon.colcon_core.verb:set package 'pcd_publisher' build argument 'cmake_clean_first' from command line to 'False'
[0.709s] Level 5:colcon.colcon_core.verb:set package 'pcd_publisher' build argument 'cmake_force_configure' from command line to 'False'
[0.709s] Level 5:colcon.colcon_core.verb:set package 'pcd_publisher' build argument 'ament_cmake_args' from command line to 'None'
[0.709s] Level 5:colcon.colcon_core.verb:set package 'pcd_publisher' build argument 'catkin_cmake_args' from command line to 'None'
[0.709s] Level 5:colcon.colcon_core.verb:set package 'pcd_publisher' build argument 'catkin_skip_building_tests' from command line to 'False'
[0.709s] DEBUG:colcon.colcon_core.verb:Building package 'pcd_publisher' with the following arguments: {'ament_cmake_args': None, 'build_base': '/home/ikun/OpenPCDet_ROS2/build/pcd_publisher', 'catkin_cmake_args': None, 'catkin_skip_building_tests': False, 'cmake_args': None, 'cmake_clean_cache': False, 'cmake_clean_first': False, 'cmake_force_configure': False, 'cmake_target': None, 'cmake_target_skip_unavailable': False, 'install_base': '/home/ikun/OpenPCDet_ROS2/install/pcd_publisher', 'merge_install': False, 'path': '/home/ikun/OpenPCDet_ROS2/src/pcd_publisher', 'symlink_install': True, 'test_result_base': None}
[0.709s] Level 5:colcon.colcon_core.verb:set package 'ros2_numpy' build argument 'cmake_args' from command line to 'None'
[0.709s] Level 5:colcon.colcon_core.verb:set package 'ros2_numpy' build argument 'cmake_target' from command line to 'None'
[0.709s] Level 5:colcon.colcon_core.verb:set package 'ros2_numpy' build argument 'cmake_target_skip_unavailable' from command line to 'False'
[0.709s] Level 5:colcon.colcon_core.verb:set package 'ros2_numpy' build argument 'cmake_clean_cache' from command line to 'False'
[0.709s] Level 5:colcon.colcon_core.verb:set package 'ros2_numpy' build argument 'cmake_clean_first' from command line to 'False'
[0.709s] Level 5:colcon.colcon_core.verb:set package 'ros2_numpy' build argument 'cmake_force_configure' from command line to 'False'
[0.710s] Level 5:colcon.colcon_core.verb:set package 'ros2_numpy' build argument 'ament_cmake_args' from command line to 'None'
[0.710s] Level 5:colcon.colcon_core.verb:set package 'ros2_numpy' build argument 'catkin_cmake_args' from command line to 'None'
[0.710s] Level 5:colcon.colcon_core.verb:set package 'ros2_numpy' build argument 'catkin_skip_building_tests' from command line to 'False'
[0.710s] DEBUG:colcon.colcon_core.verb:Building package 'ros2_numpy' with the following arguments: {'ament_cmake_args': None, 'build_base': '/home/ikun/OpenPCDet_ROS2/build/ros2_numpy', 'catkin_cmake_args': None, 'catkin_skip_building_tests': False, 'cmake_args': None, 'cmake_clean_cache': False, 'cmake_clean_first': False, 'cmake_force_configure': False, 'cmake_target': None, 'cmake_target_skip_unavailable': False, 'install_base': '/home/ikun/OpenPCDet_ROS2/install/ros2_numpy', 'merge_install': False, 'path': '/home/ikun/OpenPCDet_ROS2/src/ros2_numpy', 'symlink_install': True, 'test_result_base': None}
[0.710s] Level 5:colcon.colcon_core.verb:set package 'pcdet_ros2' build argument 'cmake_args' from command line to 'None'
[0.710s] Level 5:colcon.colcon_core.verb:set package 'pcdet_ros2' build argument 'cmake_target' from command line to 'None'
[0.710s] Level 5:colcon.colcon_core.verb:set package 'pcdet_ros2' build argument 'cmake_target_skip_unavailable' from command line to 'False'
[0.710s] Level 5:colcon.colcon_core.verb:set package 'pcdet_ros2' build argument 'cmake_clean_cache' from command line to 'False'
[0.710s] Level 5:colcon.colcon_core.verb:set package 'pcdet_ros2' build argument 'cmake_clean_first' from command line to 'False'
[0.710s] Level 5:colcon.colcon_core.verb:set package 'pcdet_ros2' build argument 'cmake_force_configure' from command line to 'False'
[0.710s] Level 5:colcon.colcon_core.verb:set package 'pcdet_ros2' build argument 'ament_cmake_args' from command line to 'None'
[0.710s] Level 5:colcon.colcon_core.verb:set package 'pcdet_ros2' build argument 'catkin_cmake_args' from command line to 'None'
[0.710s] Level 5:colcon.colcon_core.verb:set package 'pcdet_ros2' build argument 'catkin_skip_building_tests' from command line to 'False'
[0.710s] DEBUG:colcon.colcon_core.verb:Building package 'pcdet_ros2' with the following arguments: {'ament_cmake_args': None, 'build_base': '/home/ikun/OpenPCDet_ROS2/build/pcdet_ros2', 'catkin_cmake_args': None, 'catkin_skip_building_tests': False, 'cmake_args': None, 'cmake_clean_cache': False, 'cmake_clean_first': False, 'cmake_force_configure': False, 'cmake_target': None, 'cmake_target_skip_unavailable': False, 'install_base': '/home/ikun/OpenPCDet_ROS2/install/pcdet_ros2', 'merge_install': False, 'path': '/home/ikun/OpenPCDet_ROS2/src/pcdet_ros2', 'symlink_install': True, 'test_result_base': None}
[0.710s] INFO:colcon.colcon_core.executor:Executing jobs using 'parallel' executor
[0.711s] DEBUG:colcon.colcon_parallel_executor.executor.parallel:run_until_complete
[0.712s] INFO:colcon.colcon_ros.task.ament_cmake.build:Building ROS package in '/home/ikun/OpenPCDet_ROS2/src/ros2_numpy' with build type 'ament_cmake'
[0.712s] INFO:colcon.colcon_cmake.task.cmake.build:Building CMake package in '/home/ikun/OpenPCDet_ROS2/src/ros2_numpy'
[0.714s] INFO:colcon.colcon_core.plugin_system:Skipping extension 'colcon_core.shell.bat': Not used on non-Windows systems
[0.714s] INFO:colcon.colcon_core.shell:Skip shell extension 'powershell' for command environment: Not usable outside of PowerShell
[0.714s] DEBUG:colcon.colcon_core.shell:Skip shell extension 'dsv' for command environment
[0.717s] INFO:colcon.colcon_ros.task.ament_python.build:Building ROS package in '/home/ikun/OpenPCDet_ROS2/src/pcd_publisher' with build type 'ament_python'
[0.717s] Level 1:colcon.colcon_core.shell:create_environment_hook('pcd_publisher', 'ament_prefix_path')
[0.718s] INFO:colcon.colcon_core.shell:Creating environment hook '/home/ikun/OpenPCDet_ROS2/install/pcd_publisher/share/pcd_publisher/hook/ament_prefix_path.ps1'
[0.722s] INFO:colcon.colcon_core.shell:Creating environment descriptor '/home/ikun/OpenPCDet_ROS2/install/pcd_publisher/share/pcd_publisher/hook/ament_prefix_path.dsv'
[0.723s] INFO:colcon.colcon_core.shell:Creating environment hook '/home/ikun/OpenPCDet_ROS2/install/pcd_publisher/share/pcd_publisher/hook/ament_prefix_path.sh'
[0.724s] INFO:colcon.colcon_core.shell:Skip shell extension 'powershell' for command environment: Not usable outside of PowerShell
[0.724s] DEBUG:colcon.colcon_core.shell:Skip shell extension 'dsv' for command environment
[0.736s] DEBUG:colcon.colcon_core.event_handler.log_command:Invoking command in '/home/ikun/OpenPCDet_ROS2/build/ros2_numpy': CMAKE_PREFIX_PATH=${CMAKE_PREFIX_PATH}:/home/ikun/OpenPCDet_ROS2/install/pcdet_ros2:/home/ikun/OpenPCDet_ROS2/install/pcd_publisher:/opt/ros/humble /home/ikun/.local/bin/cmake /home/ikun/OpenPCDet_ROS2/src/ros2_numpy -DAMENT_CMAKE_SYMLINK_INSTALL=1 -DCMAKE_INSTALL_PREFIX=/home/ikun/OpenPCDet_ROS2/install/ros2_numpy
[1.005s] INFO:colcon.colcon_core.task.python.build:Building Python package in '/home/ikun/OpenPCDet_ROS2/src/pcd_publisher'
[1.006s] INFO:colcon.colcon_core.shell:Skip shell extension 'powershell' for command environment: Not usable outside of PowerShell
[1.006s] DEBUG:colcon.colcon_core.shell:Skip shell extension 'dsv' for command environment
[1.453s] DEBUG:colcon.colcon_core.event_handler.log_command:Invoking command in '/home/ikun/OpenPCDet_ROS2/build/pcd_publisher': PYTHONPATH=/home/ikun/OpenPCDet_ROS2/build/pcd_publisher/prefix_override:/usr/lib/python3/dist-packages/colcon_core/task/python/colcon_distutils_commands:/home/ikun/OpenPCDet_ROS2/install/pcd_publisher/lib/python3.10/site-packages:${PYTHONPATH} /usr/bin/python3 -W ignore:setup.py install is deprecated -W ignore:easy_install command is deprecated setup.py develop --editable --build-directory /home/ikun/OpenPCDet_ROS2/build/pcd_publisher/build --no-deps symlink_data
[2.022s] Level 1:colcon.colcon_core.shell:create_environment_hook('pcd_publisher', 'pythonpath_develop')
[2.022s] DEBUG:colcon.colcon_core.event_handler.log_command:Invoked command in '/home/ikun/OpenPCDet_ROS2/build/pcd_publisher' returned '0': PYTHONPATH=/home/ikun/OpenPCDet_ROS2/build/pcd_publisher/prefix_override:/usr/lib/python3/dist-packages/colcon_core/task/python/colcon_distutils_commands:/home/ikun/OpenPCDet_ROS2/install/pcd_publisher/lib/python3.10/site-packages:${PYTHONPATH} /usr/bin/python3 -W ignore:setup.py install is deprecated -W ignore:easy_install command is deprecated setup.py develop --editable --build-directory /home/ikun/OpenPCDet_ROS2/build/pcd_publisher/build --no-deps symlink_data
[2.023s] INFO:colcon.colcon_core.shell:Creating environment hook '/home/ikun/OpenPCDet_ROS2/build/pcd_publisher/share/pcd_publisher/hook/pythonpath_develop.ps1'
[2.026s] INFO:colcon.colcon_core.shell:Creating environment descriptor '/home/ikun/OpenPCDet_ROS2/build/pcd_publisher/share/pcd_publisher/hook/pythonpath_develop.dsv'
[2.027s] INFO:colcon.colcon_core.shell:Creating environment hook '/home/ikun/OpenPCDet_ROS2/build/pcd_publisher/share/pcd_publisher/hook/pythonpath_develop.sh'
[2.030s] Level 1:colcon.colcon_core.environment:checking '/home/ikun/OpenPCDet_ROS2/install/pcd_publisher' for CMake module files
[2.032s] Level 1:colcon.colcon_core.environment:checking '/home/ikun/OpenPCDet_ROS2/install/pcd_publisher' for CMake config files
[2.032s] Level 1:colcon.colcon_core.environment:checking '/home/ikun/OpenPCDet_ROS2/install/pcd_publisher/lib'
[2.033s] Level 1:colcon.colcon_core.environment:checking '/home/ikun/OpenPCDet_ROS2/install/pcd_publisher/bin'
[2.033s] Level 1:colcon.colcon_core.environment:checking '/home/ikun/OpenPCDet_ROS2/install/pcd_publisher/lib/pkgconfig/pcd_publisher.pc'
[2.033s] Level 1:colcon.colcon_core.environment:checking '/home/ikun/OpenPCDet_ROS2/install/pcd_publisher/lib/python3.10/site-packages'
[2.034s] Level 1:colcon.colcon_core.shell:create_environment_hook('pcd_publisher', 'pythonpath')
[2.034s] INFO:colcon.colcon_core.shell:Creating environment hook '/home/ikun/OpenPCDet_ROS2/install/pcd_publisher/share/pcd_publisher/hook/pythonpath.ps1'
[2.035s] INFO:colcon.colcon_core.shell:Creating environment descriptor '/home/ikun/OpenPCDet_ROS2/install/pcd_publisher/share/pcd_publisher/hook/pythonpath.dsv'
[2.036s] INFO:colcon.colcon_core.shell:Creating environment hook '/home/ikun/OpenPCDet_ROS2/install/pcd_publisher/share/pcd_publisher/hook/pythonpath.sh'
[2.037s] Level 1:colcon.colcon_core.environment:checking '/home/ikun/OpenPCDet_ROS2/install/pcd_publisher/bin'
[2.037s] Level 1:colcon.colcon_core.environment:create_environment_scripts_only(pcd_publisher)
[2.037s] INFO:colcon.colcon_core.shell:Creating package script '/home/ikun/OpenPCDet_ROS2/install/pcd_publisher/share/pcd_publisher/package.ps1'
[2.039s] INFO:colcon.colcon_core.shell:Creating package descriptor '/home/ikun/OpenPCDet_ROS2/install/pcd_publisher/share/pcd_publisher/package.dsv'
[2.039s] INFO:colcon.colcon_core.shell:Creating package script '/home/ikun/OpenPCDet_ROS2/install/pcd_publisher/share/pcd_publisher/package.sh'
[2.040s] INFO:colcon.colcon_core.shell:Creating package script '/home/ikun/OpenPCDet_ROS2/install/pcd_publisher/share/pcd_publisher/package.bash'
[2.041s] INFO:colcon.colcon_core.shell:Creating package script '/home/ikun/OpenPCDet_ROS2/install/pcd_publisher/share/pcd_publisher/package.zsh'
[2.042s] Level 1:colcon.colcon_core.environment:create_file_with_runtime_dependencies(/home/ikun/OpenPCDet_ROS2/install/pcd_publisher/share/colcon-core/packages/pcd_publisher)
[11.361s] DEBUG:colcon.colcon_core.event_handler.log_command:Invoked command in '/home/ikun/OpenPCDet_ROS2/build/ros2_numpy' returned '0': CMAKE_PREFIX_PATH=${CMAKE_PREFIX_PATH}:/home/ikun/OpenPCDet_ROS2/install/pcdet_ros2:/home/ikun/OpenPCDet_ROS2/install/pcd_publisher:/opt/ros/humble /home/ikun/.local/bin/cmake /home/ikun/OpenPCDet_ROS2/src/ros2_numpy -DAMENT_CMAKE_SYMLINK_INSTALL=1 -DCMAKE_INSTALL_PREFIX=/home/ikun/OpenPCDet_ROS2/install/ros2_numpy
[11.364s] DEBUG:colcon.colcon_core.event_handler.log_command:Invoking command in '/home/ikun/OpenPCDet_ROS2/build/ros2_numpy': CMAKE_PREFIX_PATH=${CMAKE_PREFIX_PATH}:/home/ikun/OpenPCDet_ROS2/install/pcdet_ros2:/home/ikun/OpenPCDet_ROS2/install/pcd_publisher:/opt/ros/humble /home/ikun/.local/bin/cmake --build /home/ikun/OpenPCDet_ROS2/build/ros2_numpy -- -j20 -l20
[11.697s] DEBUG:colcon.colcon_core.event_handler.log_command:Invoked command in '/home/ikun/OpenPCDet_ROS2/build/ros2_numpy' returned '0': CMAKE_PREFIX_PATH=${CMAKE_PREFIX_PATH}:/home/ikun/OpenPCDet_ROS2/install/pcdet_ros2:/home/ikun/OpenPCDet_ROS2/install/pcd_publisher:/opt/ros/humble /home/ikun/.local/bin/cmake --build /home/ikun/OpenPCDet_ROS2/build/ros2_numpy -- -j20 -l20
[11.735s] DEBUG:colcon.colcon_core.event_handler.log_command:Invoking command in '/home/ikun/OpenPCDet_ROS2/build/ros2_numpy': CMAKE_PREFIX_PATH=${CMAKE_PREFIX_PATH}:/home/ikun/OpenPCDet_ROS2/install/pcdet_ros2:/home/ikun/OpenPCDet_ROS2/install/pcd_publisher:/opt/ros/humble /home/ikun/.local/bin/cmake --install /home/ikun/OpenPCDet_ROS2/build/ros2_numpy
[11.907s] Level 1:colcon.colcon_core.environment:create_environment_scripts_only(ros2_numpy)
[11.907s] Level 1:colcon.colcon_core.environment:checking '/home/ikun/OpenPCDet_ROS2/install/ros2_numpy' for CMake module files
[11.908s] DEBUG:colcon.colcon_core.event_handler.log_command:Invoked command in '/home/ikun/OpenPCDet_ROS2/build/ros2_numpy' returned '0': CMAKE_PREFIX_PATH=${CMAKE_PREFIX_PATH}:/home/ikun/OpenPCDet_ROS2/install/pcdet_ros2:/home/ikun/OpenPCDet_ROS2/install/pcd_publisher:/opt/ros/humble /home/ikun/.local/bin/cmake --install /home/ikun/OpenPCDet_ROS2/build/ros2_numpy
[11.909s] Level 1:colcon.colcon_core.environment:checking '/home/ikun/OpenPCDet_ROS2/install/ros2_numpy' for CMake config files
[11.909s] Level 1:colcon.colcon_core.shell:create_environment_hook('ros2_numpy', 'cmake_prefix_path')
[11.909s] INFO:colcon.colcon_core.shell:Creating environment hook '/home/ikun/OpenPCDet_ROS2/install/ros2_numpy/share/ros2_numpy/hook/cmake_prefix_path.ps1'
[11.910s] INFO:colcon.colcon_core.shell:Creating environment descriptor '/home/ikun/OpenPCDet_ROS2/install/ros2_numpy/share/ros2_numpy/hook/cmake_prefix_path.dsv'
[11.911s] INFO:colcon.colcon_core.shell:Creating environment hook '/home/ikun/OpenPCDet_ROS2/install/ros2_numpy/share/ros2_numpy/hook/cmake_prefix_path.sh'
[11.911s] Level 1:colcon.colcon_core.environment:checking '/home/ikun/OpenPCDet_ROS2/install/ros2_numpy/bin'
[11.911s] Level 1:colcon.colcon_core.environment:checking '/home/ikun/OpenPCDet_ROS2/install/ros2_numpy/lib/pkgconfig/ros2_numpy.pc'
[11.911s] Level 1:colcon.colcon_core.environment:checking '/home/ikun/OpenPCDet_ROS2/install/ros2_numpy/lib/python3.10/site-packages'
[11.912s] Level 1:colcon.colcon_core.environment:checking '/home/ikun/OpenPCDet_ROS2/install/ros2_numpy/bin'
[11.912s] INFO:colcon.colcon_core.shell:Creating package script '/home/ikun/OpenPCDet_ROS2/install/ros2_numpy/share/ros2_numpy/package.ps1'
[11.912s] INFO:colcon.colcon_core.shell:Creating package descriptor '/home/ikun/OpenPCDet_ROS2/install/ros2_numpy/share/ros2_numpy/package.dsv'
[11.913s] INFO:colcon.colcon_core.shell:Creating package script '/home/ikun/OpenPCDet_ROS2/install/ros2_numpy/share/ros2_numpy/package.sh'
[11.913s] INFO:colcon.colcon_core.shell:Creating package script '/home/ikun/OpenPCDet_ROS2/install/ros2_numpy/share/ros2_numpy/package.bash'
[11.913s] INFO:colcon.colcon_core.shell:Creating package script '/home/ikun/OpenPCDet_ROS2/install/ros2_numpy/share/ros2_numpy/package.zsh'
[11.914s] Level 1:colcon.colcon_core.environment:create_file_with_runtime_dependencies(/home/ikun/OpenPCDet_ROS2/install/ros2_numpy/share/colcon-core/packages/ros2_numpy)
[11.915s] Level 1:colcon.colcon_core.environment:create_environment_scripts_only(ros2_numpy)
[11.915s] Level 1:colcon.colcon_core.environment:checking '/home/ikun/OpenPCDet_ROS2/install/ros2_numpy' for CMake module files
[11.915s] Level 1:colcon.colcon_core.environment:checking '/home/ikun/OpenPCDet_ROS2/install/ros2_numpy' for CMake config files
[11.916s] Level 1:colcon.colcon_core.shell:create_environment_hook('ros2_numpy', 'cmake_prefix_path')
[11.916s] INFO:colcon.colcon_core.shell:Creating environment hook '/home/ikun/OpenPCDet_ROS2/install/ros2_numpy/share/ros2_numpy/hook/cmake_prefix_path.ps1'
[11.916s] INFO:colcon.colcon_core.shell:Creating environment descriptor '/home/ikun/OpenPCDet_ROS2/install/ros2_numpy/share/ros2_numpy/hook/cmake_prefix_path.dsv'
[11.917s] INFO:colcon.colcon_core.shell:Creating environment hook '/home/ikun/OpenPCDet_ROS2/install/ros2_numpy/share/ros2_numpy/hook/cmake_prefix_path.sh'
[11.918s] Level 1:colcon.colcon_core.environment:checking '/home/ikun/OpenPCDet_ROS2/install/ros2_numpy/bin'
[11.918s] Level 1:colcon.colcon_core.environment:checking '/home/ikun/OpenPCDet_ROS2/install/ros2_numpy/lib/pkgconfig/ros2_numpy.pc'
[11.918s] Level 1:colcon.colcon_core.environment:checking '/home/ikun/OpenPCDet_ROS2/install/ros2_numpy/lib/python3.10/site-packages'
[11.919s] Level 1:colcon.colcon_core.environment:checking '/home/ikun/OpenPCDet_ROS2/install/ros2_numpy/bin'
[11.919s] INFO:colcon.colcon_core.shell:Creating package script '/home/ikun/OpenPCDet_ROS2/install/ros2_numpy/share/ros2_numpy/package.ps1'
[11.920s] INFO:colcon.colcon_core.shell:Creating package descriptor '/home/ikun/OpenPCDet_ROS2/install/ros2_numpy/share/ros2_numpy/package.dsv'
[11.920s] INFO:colcon.colcon_core.shell:Creating package script '/home/ikun/OpenPCDet_ROS2/install/ros2_numpy/share/ros2_numpy/package.sh'
[11.921s] INFO:colcon.colcon_core.shell:Creating package script '/home/ikun/OpenPCDet_ROS2/install/ros2_numpy/share/ros2_numpy/package.bash'
[11.921s] INFO:colcon.colcon_core.shell:Creating package script '/home/ikun/OpenPCDet_ROS2/install/ros2_numpy/share/ros2_numpy/package.zsh'
[11.921s] Level 1:colcon.colcon_core.environment:create_file_with_runtime_dependencies(/home/ikun/OpenPCDet_ROS2/install/ros2_numpy/share/colcon-core/packages/ros2_numpy)
[11.922s] INFO:colcon.colcon_ros.task.ament_python.build:Building ROS package in '/home/ikun/OpenPCDet_ROS2/src/pcdet_ros2' with build type 'ament_python'
[11.922s] Level 1:colcon.colcon_core.shell:create_environment_hook('pcdet_ros2', 'ament_prefix_path')
[11.922s] INFO:colcon.colcon_core.shell:Creating environment hook '/home/ikun/OpenPCDet_ROS2/install/pcdet_ros2/share/pcdet_ros2/hook/ament_prefix_path.ps1'
[11.924s] INFO:colcon.colcon_core.shell:Creating environment descriptor '/home/ikun/OpenPCDet_ROS2/install/pcdet_ros2/share/pcdet_ros2/hook/ament_prefix_path.dsv'
[11.924s] INFO:colcon.colcon_core.shell:Creating environment hook '/home/ikun/OpenPCDet_ROS2/install/pcdet_ros2/share/pcdet_ros2/hook/ament_prefix_path.sh'
[11.925s] INFO:colcon.colcon_core.shell:Skip shell extension 'powershell' for command environment: Not usable outside of PowerShell
[11.925s] DEBUG:colcon.colcon_core.shell:Skip shell extension 'dsv' for command environment
[12.359s] INFO:colcon.colcon_core.task.python.build:Building Python package in '/home/ikun/OpenPCDet_ROS2/src/pcdet_ros2'
[12.359s] INFO:colcon.colcon_core.shell:Skip shell extension 'powershell' for command environment: Not usable outside of PowerShell
[12.359s] DEBUG:colcon.colcon_core.shell:Skip shell extension 'dsv' for command environment
[12.841s] DEBUG:colcon.colcon_core.event_handler.log_command:Invoking command in '/home/ikun/OpenPCDet_ROS2/build/pcdet_ros2': PYTHONPATH=/home/ikun/OpenPCDet_ROS2/build/pcdet_ros2/prefix_override:/usr/lib/python3/dist-packages/colcon_core/task/python/colcon_distutils_commands:/home/ikun/OpenPCDet_ROS2/install/pcdet_ros2/lib/python3.10/site-packages:${PYTHONPATH} /usr/bin/python3 -W ignore:setup.py install is deprecated -W ignore:easy_install command is deprecated setup.py develop --editable --build-directory /home/ikun/OpenPCDet_ROS2/build/pcdet_ros2/build --no-deps symlink_data
[13.344s] Level 1:colcon.colcon_core.shell:create_environment_hook('pcdet_ros2', 'pythonpath_develop')
[13.345s] INFO:colcon.colcon_core.shell:Creating environment hook '/home/ikun/OpenPCDet_ROS2/build/pcdet_ros2/share/pcdet_ros2/hook/pythonpath_develop.ps1'
[13.346s] DEBUG:colcon.colcon_core.event_handler.log_command:Invoked command in '/home/ikun/OpenPCDet_ROS2/build/pcdet_ros2' returned '0': PYTHONPATH=/home/ikun/OpenPCDet_ROS2/build/pcdet_ros2/prefix_override:/usr/lib/python3/dist-packages/colcon_core/task/python/colcon_distutils_commands:/home/ikun/OpenPCDet_ROS2/install/pcdet_ros2/lib/python3.10/site-packages:${PYTHONPATH} /usr/bin/python3 -W ignore:setup.py install is deprecated -W ignore:easy_install command is deprecated setup.py develop --editable --build-directory /home/ikun/OpenPCDet_ROS2/build/pcdet_ros2/build --no-deps symlink_data
[13.347s] INFO:colcon.colcon_core.shell:Creating environment descriptor '/home/ikun/OpenPCDet_ROS2/build/pcdet_ros2/share/pcdet_ros2/hook/pythonpath_develop.dsv'
[13.347s] INFO:colcon.colcon_core.shell:Creating environment hook '/home/ikun/OpenPCDet_ROS2/build/pcdet_ros2/share/pcdet_ros2/hook/pythonpath_develop.sh'
[13.348s] Level 1:colcon.colcon_core.environment:checking '/home/ikun/OpenPCDet_ROS2/install/pcdet_ros2' for CMake module files
[13.348s] Level 1:colcon.colcon_core.environment:checking '/home/ikun/OpenPCDet_ROS2/install/pcdet_ros2' for CMake config files
[13.349s] Level 1:colcon.colcon_core.environment:checking '/home/ikun/OpenPCDet_ROS2/install/pcdet_ros2/lib'
[13.349s] Level 1:colcon.colcon_core.environment:checking '/home/ikun/OpenPCDet_ROS2/install/pcdet_ros2/bin'
[13.349s] Level 1:colcon.colcon_core.environment:checking '/home/ikun/OpenPCDet_ROS2/install/pcdet_ros2/lib/pkgconfig/pcdet_ros2.pc'
[13.350s] Level 1:colcon.colcon_core.environment:checking '/home/ikun/OpenPCDet_ROS2/install/pcdet_ros2/lib/python3.10/site-packages'
[13.350s] Level 1:colcon.colcon_core.shell:create_environment_hook('pcdet_ros2', 'pythonpath')
[13.350s] INFO:colcon.colcon_core.shell:Creating environment hook '/home/ikun/OpenPCDet_ROS2/install/pcdet_ros2/share/pcdet_ros2/hook/pythonpath.ps1'
[13.350s] INFO:colcon.colcon_core.shell:Creating environment descriptor '/home/ikun/OpenPCDet_ROS2/install/pcdet_ros2/share/pcdet_ros2/hook/pythonpath.dsv'
[13.351s] INFO:colcon.colcon_core.shell:Creating environment hook '/home/ikun/OpenPCDet_ROS2/install/pcdet_ros2/share/pcdet_ros2/hook/pythonpath.sh'
[13.351s] Level 1:colcon.colcon_core.environment:checking '/home/ikun/OpenPCDet_ROS2/install/pcdet_ros2/bin'
[13.351s] Level 1:colcon.colcon_core.environment:create_environment_scripts_only(pcdet_ros2)
[13.352s] INFO:colcon.colcon_core.shell:Creating package script '/home/ikun/OpenPCDet_ROS2/install/pcdet_ros2/share/pcdet_ros2/package.ps1'
[13.352s] INFO:colcon.colcon_core.shell:Creating package descriptor '/home/ikun/OpenPCDet_ROS2/install/pcdet_ros2/share/pcdet_ros2/package.dsv'
[13.352s] INFO:colcon.colcon_core.shell:Creating package script '/home/ikun/OpenPCDet_ROS2/install/pcdet_ros2/share/pcdet_ros2/package.sh'
[13.353s] INFO:colcon.colcon_core.shell:Creating package script '/home/ikun/OpenPCDet_ROS2/install/pcdet_ros2/share/pcdet_ros2/package.bash'
[13.353s] INFO:colcon.colcon_core.shell:Creating package script '/home/ikun/OpenPCDet_ROS2/install/pcdet_ros2/share/pcdet_ros2/package.zsh'
[13.353s] Level 1:colcon.colcon_core.environment:create_file_with_runtime_dependencies(/home/ikun/OpenPCDet_ROS2/install/pcdet_ros2/share/colcon-core/packages/pcdet_ros2)
[13.354s] DEBUG:colcon.colcon_parallel_executor.executor.parallel:closing loop
[13.355s] DEBUG:colcon.colcon_parallel_executor.executor.parallel:loop closed
[13.355s] DEBUG:colcon.colcon_parallel_executor.executor.parallel:run_until_complete finished with '0'
[13.355s] DEBUG:colcon.colcon_core.event_reactor:joining thread
[13.476s] INFO:colcon.colcon_core.plugin_system:Skipping extension 'colcon_notification.desktop_notification.notify_send': Could not find 'notify-send'
[13.476s] INFO:colcon.colcon_core.plugin_system:Skipping extension 'colcon_notification.desktop_notification.terminal_notifier': Not used on non-Darwin systems
[13.476s] INFO:colcon.colcon_core.plugin_system:Skipping extension 'colcon_notification.desktop_notification.win32': Not used on non-Windows systems
[13.476s] INFO:colcon.colcon_notification.desktop_notification:Sending desktop notification using 'notify2'
[13.478s] DEBUG:colcon.colcon_notification.desktop_notification.notify2:Failed to initialize notify2: org.freedesktop.DBus.Error.ServiceUnknown: The name org.freedesktop.Notifications was not provided by any .service files
[13.478s] DEBUG:colcon.colcon_core.event_reactor:joined thread
[13.478s] INFO:colcon.colcon_core.shell:Creating prefix script '/home/ikun/OpenPCDet_ROS2/install/local_setup.ps1'
[13.479s] INFO:colcon.colcon_core.shell:Creating prefix util module '/home/ikun/OpenPCDet_ROS2/install/_local_setup_util_ps1.py'
[13.481s] INFO:colcon.colcon_core.shell:Creating prefix chain script '/home/ikun/OpenPCDet_ROS2/install/setup.ps1'
[13.481s] INFO:colcon.colcon_core.shell:Creating prefix script '/home/ikun/OpenPCDet_ROS2/install/local_setup.sh'
[13.482s] INFO:colcon.colcon_core.shell:Creating prefix util module '/home/ikun/OpenPCDet_ROS2/install/_local_setup_util_sh.py'
[13.483s] INFO:colcon.colcon_core.shell:Creating prefix chain script '/home/ikun/OpenPCDet_ROS2/install/setup.sh'
[13.484s] INFO:colcon.colcon_core.shell:Creating prefix script '/home/ikun/OpenPCDet_ROS2/install/local_setup.bash'
[13.484s] INFO:colcon.colcon_core.shell:Creating prefix chain script '/home/ikun/OpenPCDet_ROS2/install/setup.bash'
[13.485s] INFO:colcon.colcon_core.shell:Creating prefix script '/home/ikun/OpenPCDet_ROS2/install/local_setup.zsh'
[13.485s] INFO:colcon.colcon_core.shell:Creating prefix chain script '/home/ikun/OpenPCDet_ROS2/install/setup.zsh'
