[0.917s] Invoking command in '/home/ikun/OpenPCDet_ROS2/build/pcdet_ros2': PYTHONPATH=/home/ikun/OpenPCDet_ROS2/build/pcdet_ros2/prefix_override:/usr/lib/python3/dist-packages/colcon_core/task/python/colcon_distutils_commands:/home/ikun/OpenPCDet_ROS2/install/pcdet_ros2/lib/python3.10/site-packages:${PYTHONPATH} /usr/bin/python3 -W ignore:setup.py install is deprecated -W ignore:easy_install command is deprecated setup.py develop --editable --build-directory /home/ikun/OpenPCDet_ROS2/build/pcdet_ros2/build --no-deps symlink_data
[1.179s] running develop
[1.363s] running egg_info
[1.363s] creating pcdet_ros2.egg-info
[1.364s] writing pcdet_ros2.egg-info/PKG-INFO
[1.364s] writing dependency_links to pcdet_ros2.egg-info/dependency_links.txt
[1.364s] writing entry points to pcdet_ros2.egg-info/entry_points.txt
[1.365s] writing requirements to pcdet_ros2.egg-info/requires.txt
[1.365s] writing top-level names to pcdet_ros2.egg-info/top_level.txt
[1.365s] writing manifest file 'pcdet_ros2.egg-info/SOURCES.txt'
[1.367s] reading manifest file 'pcdet_ros2.egg-info/SOURCES.txt'
[1.368s] writing manifest file 'pcdet_ros2.egg-info/SOURCES.txt'
[1.369s] running build_ext
[1.369s] Creating /home/ikun/OpenPCDet_ROS2/install/pcdet_ros2/lib/python3.10/site-packages/pcdet-ros2.egg-link (link to .)
[1.370s] Installing pcdet script to /home/ikun/OpenPCDet_ROS2/install/pcdet_ros2/lib/pcdet_ros2
[1.370s] Installing simple_pcd_pub script to /home/ikun/OpenPCDet_ROS2/install/pcdet_ros2/lib/pcdet_ros2
[1.371s] 
[1.371s] Installed /home/ikun/OpenPCDet_ROS2/build/pcdet_ros2
[1.371s] running symlink_data
[1.371s] creating /home/ikun/OpenPCDet_ROS2/install/pcdet_ros2/share/ament_index
[1.371s] creating /home/ikun/OpenPCDet_ROS2/install/pcdet_ros2/share/ament_index/resource_index
[1.371s] creating /home/ikun/OpenPCDet_ROS2/install/pcdet_ros2/share/ament_index/resource_index/packages
[1.371s] symbolically linking /home/ikun/OpenPCDet_ROS2/build/pcdet_ros2/resource/pcdet_ros2 -> /home/ikun/OpenPCDet_ROS2/install/pcdet_ros2/share/ament_index/resource_index/packages
[1.372s] symbolically linking /home/ikun/OpenPCDet_ROS2/build/pcdet_ros2/package.xml -> /home/ikun/OpenPCDet_ROS2/install/pcdet_ros2/share/pcdet_ros2
[1.372s] creating /home/ikun/OpenPCDet_ROS2/install/pcdet_ros2/share/pcdet_ros2/launch
[1.372s] symbolically linking /home/ikun/OpenPCDet_ROS2/build/pcdet_ros2/launch/pp_multihead_nds.launch.xml -> /home/ikun/OpenPCDet_ROS2/install/pcdet_ros2/share/pcdet_ros2/launch
[1.372s] symbolically linking /home/ikun/OpenPCDet_ROS2/build/pcdet_ros2/launch/second_multihead_nds.launch.xml -> /home/ikun/OpenPCDet_ROS2/install/pcdet_ros2/share/pcdet_ros2/launch
[1.372s] symbolically linking /home/ikun/OpenPCDet_ROS2/build/pcdet_ros2/launch/parta2_free.launch.xml -> /home/ikun/OpenPCDet_ROS2/install/pcdet_ros2/share/pcdet_ros2/launch
[1.372s] symbolically linking /home/ikun/OpenPCDet_ROS2/build/pcdet_ros2/launch/pcdet.launch.py -> /home/ikun/OpenPCDet_ROS2/install/pcdet_ros2/share/pcdet_ros2/launch
[1.373s] creating /home/ikun/OpenPCDet_ROS2/install/pcdet_ros2/share/pcdet_ros2/config
[1.373s] symbolically linking /home/ikun/OpenPCDet_ROS2/build/pcdet_ros2/config/parta2_free.param.yaml -> /home/ikun/OpenPCDet_ROS2/install/pcdet_ros2/share/pcdet_ros2/config
[1.373s] symbolically linking /home/ikun/OpenPCDet_ROS2/build/pcdet_ros2/config/pcdet_pointpillar.param.yaml -> /home/ikun/OpenPCDet_ROS2/install/pcdet_ros2/share/pcdet_ros2/config
[1.374s] symbolically linking /home/ikun/OpenPCDet_ROS2/build/pcdet_ros2/config/cbgs_second_multihead_nds.param.yaml -> /home/ikun/OpenPCDet_ROS2/install/pcdet_ros2/share/pcdet_ros2/config
[1.374s] symbolically linking /home/ikun/OpenPCDet_ROS2/build/pcdet_ros2/config/pcdet_pointrcnn.param.yaml -> /home/ikun/OpenPCDet_ROS2/install/pcdet_ros2/share/pcdet_ros2/config
[1.374s] symbolically linking /home/ikun/OpenPCDet_ROS2/build/pcdet_ros2/config/pp_multihead_nds.param.yaml -> /home/ikun/OpenPCDet_ROS2/install/pcdet_ros2/share/pcdet_ros2/config
[1.374s] symbolically linking /home/ikun/OpenPCDet_ROS2/build/pcdet_ros2/config/pcdet_pvrcnn.param.yaml -> /home/ikun/OpenPCDet_ROS2/install/pcdet_ros2/share/pcdet_ros2/config
[1.374s] creating /home/ikun/OpenPCDet_ROS2/install/pcdet_ros2/share/pcdet_ros2/cfgs
[1.375s] creating /home/ikun/OpenPCDet_ROS2/install/pcdet_ros2/share/pcdet_ros2/cfgs/custom_models
[1.375s] symbolically linking /home/ikun/OpenPCDet_ROS2/build/pcdet_ros2/cfgs/custom_models/second.yaml -> /home/ikun/OpenPCDet_ROS2/install/pcdet_ros2/share/pcdet_ros2/cfgs/custom_models
[1.375s] symbolically linking /home/ikun/OpenPCDet_ROS2/build/pcdet_ros2/cfgs/custom_models/pv_rcnn.yaml -> /home/ikun/OpenPCDet_ROS2/install/pcdet_ros2/share/pcdet_ros2/cfgs/custom_models
[1.375s] creating /home/ikun/OpenPCDet_ROS2/install/pcdet_ros2/share/pcdet_ros2/cfgs/dataset_configs
[1.376s] symbolically linking /home/ikun/OpenPCDet_ROS2/build/pcdet_ros2/cfgs/dataset_configs/custom_dataset.yaml -> /home/ikun/OpenPCDet_ROS2/install/pcdet_ros2/share/pcdet_ros2/cfgs/dataset_configs
[1.376s] symbolically linking /home/ikun/OpenPCDet_ROS2/build/pcdet_ros2/cfgs/dataset_configs/pandaset_dataset.yaml -> /home/ikun/OpenPCDet_ROS2/install/pcdet_ros2/share/pcdet_ros2/cfgs/dataset_configs
[1.376s] symbolically linking /home/ikun/OpenPCDet_ROS2/build/pcdet_ros2/cfgs/dataset_configs/once_dataset.yaml -> /home/ikun/OpenPCDet_ROS2/install/pcdet_ros2/share/pcdet_ros2/cfgs/dataset_configs
[1.376s] symbolically linking /home/ikun/OpenPCDet_ROS2/build/pcdet_ros2/cfgs/dataset_configs/kitti_dataset.yaml -> /home/ikun/OpenPCDet_ROS2/install/pcdet_ros2/share/pcdet_ros2/cfgs/dataset_configs
[1.376s] symbolically linking /home/ikun/OpenPCDet_ROS2/build/pcdet_ros2/cfgs/dataset_configs/waymo_dataset.yaml -> /home/ikun/OpenPCDet_ROS2/install/pcdet_ros2/share/pcdet_ros2/cfgs/dataset_configs
[1.377s] symbolically linking /home/ikun/OpenPCDet_ROS2/build/pcdet_ros2/cfgs/dataset_configs/nuscenes_dataset.yaml -> /home/ikun/OpenPCDet_ROS2/install/pcdet_ros2/share/pcdet_ros2/cfgs/dataset_configs
[1.377s] symbolically linking /home/ikun/OpenPCDet_ROS2/build/pcdet_ros2/cfgs/dataset_configs/lyft_dataset.yaml -> /home/ikun/OpenPCDet_ROS2/install/pcdet_ros2/share/pcdet_ros2/cfgs/dataset_configs
[1.377s] symbolically linking /home/ikun/OpenPCDet_ROS2/build/pcdet_ros2/cfgs/dataset_configs/waymo_dataset_multiframe.yaml -> /home/ikun/OpenPCDet_ROS2/install/pcdet_ros2/share/pcdet_ros2/cfgs/dataset_configs
[1.378s] creating /home/ikun/OpenPCDet_ROS2/install/pcdet_ros2/share/pcdet_ros2/cfgs/kitti_models
[1.378s] symbolically linking /home/ikun/OpenPCDet_ROS2/build/pcdet_ros2/cfgs/kitti_models/PartA2_free.yaml -> /home/ikun/OpenPCDet_ROS2/install/pcdet_ros2/share/pcdet_ros2/cfgs/kitti_models
[1.378s] symbolically linking /home/ikun/OpenPCDet_ROS2/build/pcdet_ros2/cfgs/kitti_models/PartA2.yaml -> /home/ikun/OpenPCDet_ROS2/install/pcdet_ros2/share/pcdet_ros2/cfgs/kitti_models
[1.378s] symbolically linking /home/ikun/OpenPCDet_ROS2/build/pcdet_ros2/cfgs/kitti_models/second.yaml -> /home/ikun/OpenPCDet_ROS2/install/pcdet_ros2/share/pcdet_ros2/cfgs/kitti_models
[1.378s] symbolically linking /home/ikun/OpenPCDet_ROS2/build/pcdet_ros2/cfgs/kitti_models/voxel_rcnn_car.yaml -> /home/ikun/OpenPCDet_ROS2/install/pcdet_ros2/share/pcdet_ros2/cfgs/kitti_models
[1.379s] symbolically linking /home/ikun/OpenPCDet_ROS2/build/pcdet_ros2/cfgs/kitti_models/CaDDN.yaml -> /home/ikun/OpenPCDet_ROS2/install/pcdet_ros2/share/pcdet_ros2/cfgs/kitti_models
[1.379s] symbolically linking /home/ikun/OpenPCDet_ROS2/build/pcdet_ros2/cfgs/kitti_models/pointpillar.yaml -> /home/ikun/OpenPCDet_ROS2/install/pcdet_ros2/share/pcdet_ros2/cfgs/kitti_models
[1.379s] symbolically linking /home/ikun/OpenPCDet_ROS2/build/pcdet_ros2/cfgs/kitti_models/pv_rcnn.yaml -> /home/ikun/OpenPCDet_ROS2/install/pcdet_ros2/share/pcdet_ros2/cfgs/kitti_models
[1.380s] symbolically linking /home/ikun/OpenPCDet_ROS2/build/pcdet_ros2/cfgs/kitti_models/second_multihead.yaml -> /home/ikun/OpenPCDet_ROS2/install/pcdet_ros2/share/pcdet_ros2/cfgs/kitti_models
[1.380s] symbolically linking /home/ikun/OpenPCDet_ROS2/build/pcdet_ros2/cfgs/kitti_models/pillarnet.yaml -> /home/ikun/OpenPCDet_ROS2/install/pcdet_ros2/share/pcdet_ros2/cfgs/kitti_models
[1.380s] symbolically linking /home/ikun/OpenPCDet_ROS2/build/pcdet_ros2/cfgs/kitti_models/pointrcnn_iou.yaml -> /home/ikun/OpenPCDet_ROS2/install/pcdet_ros2/share/pcdet_ros2/cfgs/kitti_models
[1.380s] symbolically linking /home/ikun/OpenPCDet_ROS2/build/pcdet_ros2/cfgs/kitti_models/voxel_rcnn_car_focal_multimodal.yaml -> /home/ikun/OpenPCDet_ROS2/install/pcdet_ros2/share/pcdet_ros2/cfgs/kitti_models
[1.381s] symbolically linking /home/ikun/OpenPCDet_ROS2/build/pcdet_ros2/cfgs/kitti_models/second_iou.yaml -> /home/ikun/OpenPCDet_ROS2/install/pcdet_ros2/share/pcdet_ros2/cfgs/kitti_models
[1.381s] symbolically linking /home/ikun/OpenPCDet_ROS2/build/pcdet_ros2/cfgs/kitti_models/pointpillar_pyramid_aug.yaml -> /home/ikun/OpenPCDet_ROS2/install/pcdet_ros2/share/pcdet_ros2/cfgs/kitti_models
[1.381s] symbolically linking /home/ikun/OpenPCDet_ROS2/build/pcdet_ros2/cfgs/kitti_models/pointpillar_newaugs.yaml -> /home/ikun/OpenPCDet_ROS2/install/pcdet_ros2/share/pcdet_ros2/cfgs/kitti_models
[1.381s] symbolically linking /home/ikun/OpenPCDet_ROS2/build/pcdet_ros2/cfgs/kitti_models/pointrcnn.yaml -> /home/ikun/OpenPCDet_ROS2/install/pcdet_ros2/share/pcdet_ros2/cfgs/kitti_models
[1.382s] creating /home/ikun/OpenPCDet_ROS2/install/pcdet_ros2/share/pcdet_ros2/cfgs/lyft_models
[1.382s] symbolically linking /home/ikun/OpenPCDet_ROS2/build/pcdet_ros2/cfgs/lyft_models/cbgs_second_multihead.yaml -> /home/ikun/OpenPCDet_ROS2/install/pcdet_ros2/share/pcdet_ros2/cfgs/lyft_models
[1.382s] symbolically linking /home/ikun/OpenPCDet_ROS2/build/pcdet_ros2/cfgs/lyft_models/cbgs_second-nores_multihead.yaml -> /home/ikun/OpenPCDet_ROS2/install/pcdet_ros2/share/pcdet_ros2/cfgs/lyft_models
[1.383s] creating /home/ikun/OpenPCDet_ROS2/install/pcdet_ros2/share/pcdet_ros2/cfgs/nuscenes_models
[1.383s] symbolically linking /home/ikun/OpenPCDet_ROS2/build/pcdet_ros2/cfgs/nuscenes_models/cbgs_dyn_pp_centerpoint.yaml -> /home/ikun/OpenPCDet_ROS2/install/pcdet_ros2/share/pcdet_ros2/cfgs/nuscenes_models
[1.384s] symbolically linking /home/ikun/OpenPCDet_ROS2/build/pcdet_ros2/cfgs/nuscenes_models/cbgs_second_multihead.yaml -> /home/ikun/OpenPCDet_ROS2/install/pcdet_ros2/share/pcdet_ros2/cfgs/nuscenes_models
[1.384s] symbolically linking /home/ikun/OpenPCDet_ROS2/build/pcdet_ros2/cfgs/nuscenes_models/cbgs_pillar0075_res2d_centerpoint.yaml -> /home/ikun/OpenPCDet_ROS2/install/pcdet_ros2/share/pcdet_ros2/cfgs/nuscenes_models
[1.384s] symbolically linking /home/ikun/OpenPCDet_ROS2/build/pcdet_ros2/cfgs/nuscenes_models/cbgs_pp_multihead.yaml -> /home/ikun/OpenPCDet_ROS2/install/pcdet_ros2/share/pcdet_ros2/cfgs/nuscenes_models
[1.384s] symbolically linking /home/ikun/OpenPCDet_ROS2/build/pcdet_ros2/cfgs/nuscenes_models/cbgs_voxel0075_res3d_centerpoint.yaml -> /home/ikun/OpenPCDet_ROS2/install/pcdet_ros2/share/pcdet_ros2/cfgs/nuscenes_models
[1.384s] symbolically linking /home/ikun/OpenPCDet_ROS2/build/pcdet_ros2/cfgs/nuscenes_models/cbgs_voxel01_res3d_centerpoint.yaml -> /home/ikun/OpenPCDet_ROS2/install/pcdet_ros2/share/pcdet_ros2/cfgs/nuscenes_models
[1.384s] creating /home/ikun/OpenPCDet_ROS2/install/pcdet_ros2/share/pcdet_ros2/cfgs/once_models
[1.384s] symbolically linking /home/ikun/OpenPCDet_ROS2/build/pcdet_ros2/cfgs/once_models/second.yaml -> /home/ikun/OpenPCDet_ROS2/install/pcdet_ros2/share/pcdet_ros2/cfgs/once_models
[1.385s] symbolically linking /home/ikun/OpenPCDet_ROS2/build/pcdet_ros2/cfgs/once_models/pointpillar.yaml -> /home/ikun/OpenPCDet_ROS2/install/pcdet_ros2/share/pcdet_ros2/cfgs/once_models
[1.385s] symbolically linking /home/ikun/OpenPCDet_ROS2/build/pcdet_ros2/cfgs/once_models/pv_rcnn.yaml -> /home/ikun/OpenPCDet_ROS2/install/pcdet_ros2/share/pcdet_ros2/cfgs/once_models
[1.385s] symbolically linking /home/ikun/OpenPCDet_ROS2/build/pcdet_ros2/cfgs/once_models/centerpoint.yaml -> /home/ikun/OpenPCDet_ROS2/install/pcdet_ros2/share/pcdet_ros2/cfgs/once_models
[1.385s] symbolically linking /home/ikun/OpenPCDet_ROS2/build/pcdet_ros2/cfgs/once_models/pointrcnn.yaml -> /home/ikun/OpenPCDet_ROS2/install/pcdet_ros2/share/pcdet_ros2/cfgs/once_models
[1.385s] creating /home/ikun/OpenPCDet_ROS2/install/pcdet_ros2/share/pcdet_ros2/cfgs/waymo_models
[1.385s] symbolically linking /home/ikun/OpenPCDet_ROS2/build/pcdet_ros2/cfgs/waymo_models/PartA2.yaml -> /home/ikun/OpenPCDet_ROS2/install/pcdet_ros2/share/pcdet_ros2/cfgs/waymo_models
[1.386s] symbolically linking /home/ikun/OpenPCDet_ROS2/build/pcdet_ros2/cfgs/waymo_models/second.yaml -> /home/ikun/OpenPCDet_ROS2/install/pcdet_ros2/share/pcdet_ros2/cfgs/waymo_models
[1.386s] symbolically linking /home/ikun/OpenPCDet_ROS2/build/pcdet_ros2/cfgs/waymo_models/centerpoint_without_resnet.yaml -> /home/ikun/OpenPCDet_ROS2/install/pcdet_ros2/share/pcdet_ros2/cfgs/waymo_models
[1.386s] symbolically linking /home/ikun/OpenPCDet_ROS2/build/pcdet_ros2/cfgs/waymo_models/pv_rcnn.yaml -> /home/ikun/OpenPCDet_ROS2/install/pcdet_ros2/share/pcdet_ros2/cfgs/waymo_models
[1.386s] symbolically linking /home/ikun/OpenPCDet_ROS2/build/pcdet_ros2/cfgs/waymo_models/centerpoint.yaml -> /home/ikun/OpenPCDet_ROS2/install/pcdet_ros2/share/pcdet_ros2/cfgs/waymo_models
[1.386s] symbolically linking /home/ikun/OpenPCDet_ROS2/build/pcdet_ros2/cfgs/waymo_models/mppnet_4frames.yaml -> /home/ikun/OpenPCDet_ROS2/install/pcdet_ros2/share/pcdet_ros2/cfgs/waymo_models
[1.387s] symbolically linking /home/ikun/OpenPCDet_ROS2/build/pcdet_ros2/cfgs/waymo_models/mppnet_e2e_memorybank_inference.yaml -> /home/ikun/OpenPCDet_ROS2/install/pcdet_ros2/share/pcdet_ros2/cfgs/waymo_models
[1.387s] symbolically linking /home/ikun/OpenPCDet_ROS2/build/pcdet_ros2/cfgs/waymo_models/pointpillar_1x.yaml -> /home/ikun/OpenPCDet_ROS2/install/pcdet_ros2/share/pcdet_ros2/cfgs/waymo_models
[1.387s] symbolically linking /home/ikun/OpenPCDet_ROS2/build/pcdet_ros2/cfgs/waymo_models/pillarnet.yaml -> /home/ikun/OpenPCDet_ROS2/install/pcdet_ros2/share/pcdet_ros2/cfgs/waymo_models
[1.387s] symbolically linking /home/ikun/OpenPCDet_ROS2/build/pcdet_ros2/cfgs/waymo_models/centerpoint_4frames.yaml -> /home/ikun/OpenPCDet_ROS2/install/pcdet_ros2/share/pcdet_ros2/cfgs/waymo_models
[1.388s] symbolically linking /home/ikun/OpenPCDet_ROS2/build/pcdet_ros2/cfgs/waymo_models/pv_rcnn_plusplus_resnet_2frames.yaml -> /home/ikun/OpenPCDet_ROS2/install/pcdet_ros2/share/pcdet_ros2/cfgs/waymo_models
[1.388s] symbolically linking /home/ikun/OpenPCDet_ROS2/build/pcdet_ros2/cfgs/waymo_models/voxel_rcnn_with_centerhead_dyn_voxel.yaml -> /home/ikun/OpenPCDet_ROS2/install/pcdet_ros2/share/pcdet_ros2/cfgs/waymo_models
[1.388s] symbolically linking /home/ikun/OpenPCDet_ROS2/build/pcdet_ros2/cfgs/waymo_models/centerpoint_pillar_1x.yaml -> /home/ikun/OpenPCDet_ROS2/install/pcdet_ros2/share/pcdet_ros2/cfgs/waymo_models
[1.388s] symbolically linking /home/ikun/OpenPCDet_ROS2/build/pcdet_ros2/cfgs/waymo_models/centerpoint_dyn_pillar_1x.yaml -> /home/ikun/OpenPCDet_ROS2/install/pcdet_ros2/share/pcdet_ros2/cfgs/waymo_models
[1.388s] symbolically linking /home/ikun/OpenPCDet_ROS2/build/pcdet_ros2/cfgs/waymo_models/mppnet_16frames.yaml -> /home/ikun/OpenPCDet_ROS2/install/pcdet_ros2/share/pcdet_ros2/cfgs/waymo_models
[1.389s] symbolically linking /home/ikun/OpenPCDet_ROS2/build/pcdet_ros2/cfgs/waymo_models/pv_rcnn_with_centerhead_rpn.yaml -> /home/ikun/OpenPCDet_ROS2/install/pcdet_ros2/share/pcdet_ros2/cfgs/waymo_models
[1.389s] symbolically linking /home/ikun/OpenPCDet_ROS2/build/pcdet_ros2/cfgs/waymo_models/pv_rcnn_plusplus.yaml -> /home/ikun/OpenPCDet_ROS2/install/pcdet_ros2/share/pcdet_ros2/cfgs/waymo_models
[1.389s] symbolically linking /home/ikun/OpenPCDet_ROS2/build/pcdet_ros2/cfgs/waymo_models/pv_rcnn_plusplus_resnet.yaml -> /home/ikun/OpenPCDet_ROS2/install/pcdet_ros2/share/pcdet_ros2/cfgs/waymo_models
[1.389s] creating /home/ikun/OpenPCDet_ROS2/install/pcdet_ros2/share/pcdet_ros2/checkpoints
[1.389s] symbolically linking /home/ikun/OpenPCDet_ROS2/build/pcdet_ros2/checkpoints/pointrcnn_7870.pth -> /home/ikun/OpenPCDet_ROS2/install/pcdet_ros2/share/pcdet_ros2/checkpoints
[1.390s] symbolically linking /home/ikun/OpenPCDet_ROS2/build/pcdet_ros2/checkpoints/pv_rcnn_8369.pth -> /home/ikun/OpenPCDet_ROS2/install/pcdet_ros2/share/pcdet_ros2/checkpoints
[1.390s] symbolically linking /home/ikun/OpenPCDet_ROS2/build/pcdet_ros2/checkpoints/pointpillar_7728.pth -> /home/ikun/OpenPCDet_ROS2/install/pcdet_ros2/share/pcdet_ros2/checkpoints
[1.423s] Invoked command in '/home/ikun/OpenPCDet_ROS2/build/pcdet_ros2' returned '0': PYTHONPATH=/home/ikun/OpenPCDet_ROS2/build/pcdet_ros2/prefix_override:/usr/lib/python3/dist-packages/colcon_core/task/python/colcon_distutils_commands:/home/ikun/OpenPCDet_ROS2/install/pcdet_ros2/lib/python3.10/site-packages:${PYTHONPATH} /usr/bin/python3 -W ignore:setup.py install is deprecated -W ignore:easy_install command is deprecated setup.py develop --editable --build-directory /home/ikun/OpenPCDet_ROS2/build/pcdet_ros2/build --no-deps symlink_data
