[0.012s] Invoking command in '/home/ikun/OpenPCDet_ROS2/build/ros2_numpy': CMAKE_PREFIX_PATH=${CMAKE_PREFIX_PATH}:/home/ikun/OpenPCDet_ROS2/install/simple_pcd_publisher:/home/ikun/OpenPCDet_ROS2/install/pcdet_ros2:/opt/ros/humble /home/ikun/.local/bin/cmake --build /home/ikun/OpenPCDet_ROS2/build/ros2_numpy -- -j20 -l20
[0.077s] Built target ament_cmake_python_symlink_ros2_numpy
[0.207s] running egg_info
[0.207s] writing ros2_numpy.egg-info/PKG-INFO
[0.207s] writing dependency_links to ros2_numpy.egg-info/dependency_links.txt
[0.208s] writing top-level names to ros2_numpy.egg-info/top_level.txt
[0.210s] reading manifest file 'ros2_numpy.egg-info/SOURCES.txt'
[0.210s] writing manifest file 'ros2_numpy.egg-info/SOURCES.txt'
[0.224s] Built target ament_cmake_python_build_ros2_numpy_egg
[0.231s] Invoked command in '/home/ikun/OpenPCDet_ROS2/build/ros2_numpy' returned '0': CMAKE_PREFIX_PATH=${CMAKE_PREFIX_PATH}:/home/ikun/OpenPCDet_ROS2/install/simple_pcd_publisher:/home/ikun/OpenPCDet_ROS2/install/pcdet_ros2:/opt/ros/humble /home/ikun/.local/bin/cmake --build /home/ikun/OpenPCDet_ROS2/build/ros2_numpy -- -j20 -l20
[0.251s] Invoking command in '/home/ikun/OpenPCDet_ROS2/build/ros2_numpy': CMAKE_PREFIX_PATH=${CMAKE_PREFIX_PATH}:/home/ikun/OpenPCDet_ROS2/install/simple_pcd_publisher:/home/ikun/OpenPCDet_ROS2/install/pcdet_ros2:/opt/ros/humble /home/ikun/.local/bin/cmake --install /home/ikun/OpenPCDet_ROS2/build/ros2_numpy
[0.268s] -- Install configuration: ""
[0.268s] -- Execute custom install script
[0.269s] -- Up-to-date symlink: /home/ikun/OpenPCDet_ROS2/install/ros2_numpy/share/ros2_numpy/environment/pythonpath.sh
[0.269s] -- Up-to-date symlink: /home/ikun/OpenPCDet_ROS2/install/ros2_numpy/share/ros2_numpy/environment/pythonpath.dsv
[0.269s] -- Up-to-date symlink: /home/ikun/OpenPCDet_ROS2/install/ros2_numpy/local/lib/python3.10/dist-packages/ros2_numpy-2.0.12-py3.10.egg-info/PKG-INFO
[0.269s] -- Up-to-date symlink: /home/ikun/OpenPCDet_ROS2/install/ros2_numpy/local/lib/python3.10/dist-packages/ros2_numpy-2.0.12-py3.10.egg-info/SOURCES.txt
[0.269s] -- Up-to-date symlink: /home/ikun/OpenPCDet_ROS2/install/ros2_numpy/local/lib/python3.10/dist-packages/ros2_numpy-2.0.12-py3.10.egg-info/dependency_links.txt
[0.269s] -- Up-to-date symlink: /home/ikun/OpenPCDet_ROS2/install/ros2_numpy/local/lib/python3.10/dist-packages/ros2_numpy-2.0.12-py3.10.egg-info/top_level.txt
[0.270s] -- Up-to-date symlink: /home/ikun/OpenPCDet_ROS2/install/ros2_numpy/local/lib/python3.10/dist-packages/ros2_numpy/__init__.py
[0.270s] -- Up-to-date symlink: /home/ikun/OpenPCDet_ROS2/install/ros2_numpy/local/lib/python3.10/dist-packages/ros2_numpy/geometry.py
[0.270s] -- Up-to-date symlink: /home/ikun/OpenPCDet_ROS2/install/ros2_numpy/local/lib/python3.10/dist-packages/ros2_numpy/image.py
[0.270s] -- Up-to-date symlink: /home/ikun/OpenPCDet_ROS2/install/ros2_numpy/local/lib/python3.10/dist-packages/ros2_numpy/laser_scan.py
[0.270s] -- Up-to-date symlink: /home/ikun/OpenPCDet_ROS2/install/ros2_numpy/local/lib/python3.10/dist-packages/ros2_numpy/occupancy_grid.py
[0.270s] -- Up-to-date symlink: /home/ikun/OpenPCDet_ROS2/install/ros2_numpy/local/lib/python3.10/dist-packages/ros2_numpy/point_cloud2.py
[0.270s] -- Up-to-date symlink: /home/ikun/OpenPCDet_ROS2/install/ros2_numpy/local/lib/python3.10/dist-packages/ros2_numpy/registry.py
[0.270s] -- Up-to-date symlink: /home/ikun/OpenPCDet_ROS2/install/ros2_numpy/share/ament_index/resource_index/package_run_dependencies/ros2_numpy
[0.270s] -- Up-to-date symlink: /home/ikun/OpenPCDet_ROS2/install/ros2_numpy/share/ament_index/resource_index/parent_prefix_path/ros2_numpy
[0.271s] -- Up-to-date symlink: /home/ikun/OpenPCDet_ROS2/install/ros2_numpy/share/ros2_numpy/environment/ament_prefix_path.sh
[0.271s] -- Up-to-date symlink: /home/ikun/OpenPCDet_ROS2/install/ros2_numpy/share/ros2_numpy/environment/ament_prefix_path.dsv
[0.271s] -- Up-to-date symlink: /home/ikun/OpenPCDet_ROS2/install/ros2_numpy/share/ros2_numpy/environment/path.sh
[0.271s] -- Up-to-date symlink: /home/ikun/OpenPCDet_ROS2/install/ros2_numpy/share/ros2_numpy/environment/path.dsv
[0.271s] -- Up-to-date symlink: /home/ikun/OpenPCDet_ROS2/install/ros2_numpy/share/ros2_numpy/local_setup.bash
[0.271s] -- Up-to-date symlink: /home/ikun/OpenPCDet_ROS2/install/ros2_numpy/share/ros2_numpy/local_setup.sh
[0.271s] -- Up-to-date symlink: /home/ikun/OpenPCDet_ROS2/install/ros2_numpy/share/ros2_numpy/local_setup.zsh
[0.271s] -- Up-to-date symlink: /home/ikun/OpenPCDet_ROS2/install/ros2_numpy/share/ros2_numpy/local_setup.dsv
[0.271s] -- Symlinking: /home/ikun/OpenPCDet_ROS2/install/ros2_numpy/share/ros2_numpy/package.dsv
[0.274s] -- Up-to-date symlink: /home/ikun/OpenPCDet_ROS2/install/ros2_numpy/share/ament_index/resource_index/packages/ros2_numpy
[0.274s] -- Up-to-date symlink: /home/ikun/OpenPCDet_ROS2/install/ros2_numpy/share/ros2_numpy/cmake/ament_cmake_export_dependencies-extras.cmake
[0.274s] -- Up-to-date symlink: /home/ikun/OpenPCDet_ROS2/install/ros2_numpy/share/ros2_numpy/cmake/ros2_numpyConfig.cmake
[0.274s] -- Up-to-date symlink: /home/ikun/OpenPCDet_ROS2/install/ros2_numpy/share/ros2_numpy/cmake/ros2_numpyConfig-version.cmake
[0.275s] -- Up-to-date symlink: /home/ikun/OpenPCDet_ROS2/install/ros2_numpy/share/ros2_numpy/package.xml
[0.294s] Listing '/home/ikun/OpenPCDet_ROS2/install/ros2_numpy/local/lib/python3.10/dist-packages/ros2_numpy'...
[0.301s] Invoked command in '/home/ikun/OpenPCDet_ROS2/build/ros2_numpy' returned '0': CMAKE_PREFIX_PATH=${CMAKE_PREFIX_PATH}:/home/ikun/OpenPCDet_ROS2/install/simple_pcd_publisher:/home/ikun/OpenPCDet_ROS2/install/pcdet_ros2:/opt/ros/humble /home/ikun/.local/bin/cmake --install /home/ikun/OpenPCDet_ROS2/build/ros2_numpy
