running develop
running egg_info
creating pcd_publisher.egg-info
writing pcd_publisher.egg-info/PKG-INFO
writing dependency_links to pcd_publisher.egg-info/dependency_links.txt
writing entry points to pcd_publisher.egg-info/entry_points.txt
writing requirements to pcd_publisher.egg-info/requires.txt
writing top-level names to pcd_publisher.egg-info/top_level.txt
writing manifest file 'pcd_publisher.egg-info/SOURCES.txt'
reading manifest file 'pcd_publisher.egg-info/SOURCES.txt'
writing manifest file 'pcd_publisher.egg-info/SOURCES.txt'
running build_ext
Creating /home/ikun/OpenPCDet_ROS2/install/pcd_publisher/lib/python3.10/site-packages/pcd-publisher.egg-link (link to .)
Installing pointcloud_publisher script to /home/ikun/OpenPCDet_ROS2/install/pcd_publisher/lib/pcd_publisher

Installed /home/ikun/OpenPCDet_ROS2/build/pcd_publisher
running symlink_data
creating /home/ikun/OpenPCDet_ROS2/install/pcd_publisher/share/ament_index
creating /home/ikun/OpenPCDet_ROS2/install/pcd_publisher/share/ament_index/resource_index
creating /home/ikun/OpenPCDet_ROS2/install/pcd_publisher/share/ament_index/resource_index/packages
symbolically linking /home/ikun/OpenPCDet_ROS2/build/pcd_publisher/resource/pcd_publisher -> /home/ikun/OpenPCDet_ROS2/install/pcd_publisher/share/ament_index/resource_index/packages
symbolically linking /home/ikun/OpenPCDet_ROS2/build/pcd_publisher/package.xml -> /home/ikun/OpenPCDet_ROS2/install/pcd_publisher/share/pcd_publisher
