[0.735s] Invoking command in '/home/ikun/OpenPCDet_ROS2/build/pcd_publisher': PYTHONPATH=/home/ikun/OpenPCDet_ROS2/build/pcd_publisher/prefix_override:/usr/lib/python3/dist-packages/colcon_core/task/python/colcon_distutils_commands:/home/ikun/OpenPCDet_ROS2/install/pcd_publisher/lib/python3.10/site-packages:${PYTHONPATH} /usr/bin/python3 -W ignore:setup.py install is deprecated -W ignore:easy_install command is deprecated setup.py develop --editable --build-directory /home/ikun/OpenPCDet_ROS2/build/pcd_publisher/build --no-deps symlink_data
[1.003s] running develop
[1.253s] running egg_info
[1.253s] creating pcd_publisher.egg-info
[1.254s] writing pcd_publisher.egg-info/PKG-INFO
[1.254s] writing dependency_links to pcd_publisher.egg-info/dependency_links.txt
[1.254s] writing entry points to pcd_publisher.egg-info/entry_points.txt
[1.254s] writing requirements to pcd_publisher.egg-info/requires.txt
[1.254s] writing top-level names to pcd_publisher.egg-info/top_level.txt
[1.254s] writing manifest file 'pcd_publisher.egg-info/SOURCES.txt'
[1.257s] reading manifest file 'pcd_publisher.egg-info/SOURCES.txt'
[1.257s] writing manifest file 'pcd_publisher.egg-info/SOURCES.txt'
[1.259s] running build_ext
[1.259s] Creating /home/ikun/OpenPCDet_ROS2/install/pcd_publisher/lib/python3.10/site-packages/pcd-publisher.egg-link (link to .)
[1.260s] Installing pointcloud_publisher script to /home/ikun/OpenPCDet_ROS2/install/pcd_publisher/lib/pcd_publisher
[1.260s] 
[1.260s] Installed /home/ikun/OpenPCDet_ROS2/build/pcd_publisher
[1.261s] running symlink_data
[1.261s] creating /home/ikun/OpenPCDet_ROS2/install/pcd_publisher/share/ament_index
[1.261s] creating /home/ikun/OpenPCDet_ROS2/install/pcd_publisher/share/ament_index/resource_index
[1.261s] creating /home/ikun/OpenPCDet_ROS2/install/pcd_publisher/share/ament_index/resource_index/packages
[1.261s] symbolically linking /home/ikun/OpenPCDet_ROS2/build/pcd_publisher/resource/pcd_publisher -> /home/ikun/OpenPCDet_ROS2/install/pcd_publisher/share/ament_index/resource_index/packages
[1.262s] symbolically linking /home/ikun/OpenPCDet_ROS2/build/pcd_publisher/package.xml -> /home/ikun/OpenPCDet_ROS2/install/pcd_publisher/share/pcd_publisher
[1.304s] Invoked command in '/home/ikun/OpenPCDet_ROS2/build/pcd_publisher' returned '0': PYTHONPATH=/home/ikun/OpenPCDet_ROS2/build/pcd_publisher/prefix_override:/usr/lib/python3/dist-packages/colcon_core/task/python/colcon_distutils_commands:/home/ikun/OpenPCDet_ROS2/install/pcd_publisher/lib/python3.10/site-packages:${PYTHONPATH} /usr/bin/python3 -W ignore:setup.py install is deprecated -W ignore:easy_install command is deprecated setup.py develop --editable --build-directory /home/ikun/OpenPCDet_ROS2/build/pcd_publisher/build --no-deps symlink_data
