[0.023s] Invoking command in '/home/ikun/OpenPCDet_ROS2/build/ros2_numpy': CMAKE_PREFIX_PATH=${CMAKE_PREFIX_PATH}:/home/ikun/OpenPCDet_ROS2/install/pcdet_ros2:/home/ikun/OpenPCDet_ROS2/install/pcd_publisher:/opt/ros/humble /home/ikun/.local/bin/cmake /home/ikun/OpenPCDet_ROS2/src/ros2_numpy -DAMENT_CMAKE_SYMLINK_INSTALL=1 -DCMAKE_INSTALL_PREFIX=/home/ikun/OpenPCDet_ROS2/install/ros2_numpy
[0.414s] -- The C compiler identification is GNU 11.4.0
[1.924s] -- The CXX compiler identification is GNU 11.4.0
[2.835s] -- Detecting C compiler ABI info
[3.118s] -- Detecting C compiler ABI info - done
[3.128s] -- Check for working C compiler: /usr/bin/cc - skipped
[3.128s] -- Detecting C compile features
[3.129s] -- Detecting C compile features - done
[3.132s] -- Detecting CXX compiler ABI info
[3.464s] -- Detecting CXX compiler ABI info - done
[3.473s] -- Check for working CXX compiler: /usr/bin/c++ - skipped
[3.473s] -- Detecting CXX compile features
[3.473s] -- Detecting CXX compile features - done
[3.475s] -- Found ament_cmake: 1.3.11 (/opt/ros/humble/share/ament_cmake/cmake)
[3.587s] -- Found Python3: /usr/bin/python3 (found version "3.10.12") found components: Interpreter 
[3.647s] -- Override CMake install command with custom implementation using symlinks instead of copying resources
[3.671s] -- Found sensor_msgs: 4.9.0 (/opt/ros/humble/share/sensor_msgs/cmake)
[4.077s] -- Found rosidl_generator_c: 3.1.6 (/opt/ros/humble/share/rosidl_generator_c/cmake)
[4.082s] -- Found rosidl_adapter: 3.1.6 (/opt/ros/humble/share/rosidl_adapter/cmake)
[4.092s] -- Found rosidl_generator_cpp: 3.1.6 (/opt/ros/humble/share/rosidl_generator_cpp/cmake)
[4.107s] -- Using all available rosidl_typesupport_c: rosidl_typesupport_fastrtps_c;rosidl_typesupport_introspection_c
[4.128s] -- Using all available rosidl_typesupport_cpp: rosidl_typesupport_fastrtps_cpp;rosidl_typesupport_introspection_cpp
[4.211s] -- Found nav_msgs: 4.9.0 (/opt/ros/humble/share/nav_msgs/cmake)
[4.324s] -- Found rclpy: 3.3.16 (/opt/ros/humble/share/rclpy/cmake)
[4.325s] -- Found ament_cmake_pytest: 1.3.11 (/opt/ros/humble/share/ament_cmake_pytest/cmake)
[10.627s] -- Configuring done
[10.634s] -- Generating done
[10.637s] -- Build files have been written to: /home/ikun/OpenPCDet_ROS2/build/ros2_numpy
[10.648s] Invoked command in '/home/ikun/OpenPCDet_ROS2/build/ros2_numpy' returned '0': CMAKE_PREFIX_PATH=${CMAKE_PREFIX_PATH}:/home/ikun/OpenPCDet_ROS2/install/pcdet_ros2:/home/ikun/OpenPCDet_ROS2/install/pcd_publisher:/opt/ros/humble /home/ikun/.local/bin/cmake /home/ikun/OpenPCDet_ROS2/src/ros2_numpy -DAMENT_CMAKE_SYMLINK_INSTALL=1 -DCMAKE_INSTALL_PREFIX=/home/ikun/OpenPCDet_ROS2/install/ros2_numpy
[10.651s] Invoking command in '/home/ikun/OpenPCDet_ROS2/build/ros2_numpy': CMAKE_PREFIX_PATH=${CMAKE_PREFIX_PATH}:/home/ikun/OpenPCDet_ROS2/install/pcdet_ros2:/home/ikun/OpenPCDet_ROS2/install/pcd_publisher:/opt/ros/humble /home/ikun/.local/bin/cmake --build /home/ikun/OpenPCDet_ROS2/build/ros2_numpy -- -j20 -l20
[10.703s] Built target ament_cmake_python_symlink_ros2_numpy
[10.949s] running egg_info
[10.950s] creating ros2_numpy.egg-info
[10.951s] writing ros2_numpy.egg-info/PKG-INFO
[10.951s] writing dependency_links to ros2_numpy.egg-info/dependency_links.txt
[10.951s] writing top-level names to ros2_numpy.egg-info/top_level.txt
[10.951s] writing manifest file 'ros2_numpy.egg-info/SOURCES.txt'
[10.953s] reading manifest file 'ros2_numpy.egg-info/SOURCES.txt'
[10.954s] writing manifest file 'ros2_numpy.egg-info/SOURCES.txt'
[10.976s] Built target ament_cmake_python_build_ros2_numpy_egg
[10.984s] Invoked command in '/home/ikun/OpenPCDet_ROS2/build/ros2_numpy' returned '0': CMAKE_PREFIX_PATH=${CMAKE_PREFIX_PATH}:/home/ikun/OpenPCDet_ROS2/install/pcdet_ros2:/home/ikun/OpenPCDet_ROS2/install/pcd_publisher:/opt/ros/humble /home/ikun/.local/bin/cmake --build /home/ikun/OpenPCDet_ROS2/build/ros2_numpy -- -j20 -l20
[11.022s] Invoking command in '/home/ikun/OpenPCDet_ROS2/build/ros2_numpy': CMAKE_PREFIX_PATH=${CMAKE_PREFIX_PATH}:/home/ikun/OpenPCDet_ROS2/install/pcdet_ros2:/home/ikun/OpenPCDet_ROS2/install/pcd_publisher:/opt/ros/humble /home/ikun/.local/bin/cmake --install /home/ikun/OpenPCDet_ROS2/build/ros2_numpy
[11.049s] -- Install configuration: ""
[11.050s] -- Execute custom install script
[11.051s] -- Symlinking: /home/ikun/OpenPCDet_ROS2/install/ros2_numpy/share/ros2_numpy/environment/pythonpath.sh
[11.054s] -- Symlinking: /home/ikun/OpenPCDet_ROS2/install/ros2_numpy/share/ros2_numpy/environment/pythonpath.dsv
[11.059s] -- Symlinking: /home/ikun/OpenPCDet_ROS2/install/ros2_numpy/local/lib/python3.10/dist-packages/ros2_numpy-2.0.12-py3.10.egg-info/PKG-INFO
[11.062s] -- Symlinking: /home/ikun/OpenPCDet_ROS2/install/ros2_numpy/local/lib/python3.10/dist-packages/ros2_numpy-2.0.12-py3.10.egg-info/SOURCES.txt
[11.066s] -- Symlinking: /home/ikun/OpenPCDet_ROS2/install/ros2_numpy/local/lib/python3.10/dist-packages/ros2_numpy-2.0.12-py3.10.egg-info/dependency_links.txt
[11.068s] -- Symlinking: /home/ikun/OpenPCDet_ROS2/install/ros2_numpy/local/lib/python3.10/dist-packages/ros2_numpy-2.0.12-py3.10.egg-info/top_level.txt
[11.071s] -- Symlinking: /home/ikun/OpenPCDet_ROS2/install/ros2_numpy/local/lib/python3.10/dist-packages/ros2_numpy/__init__.py
[11.074s] -- Symlinking: /home/ikun/OpenPCDet_ROS2/install/ros2_numpy/local/lib/python3.10/dist-packages/ros2_numpy/geometry.py
[11.077s] -- Symlinking: /home/ikun/OpenPCDet_ROS2/install/ros2_numpy/local/lib/python3.10/dist-packages/ros2_numpy/image.py
[11.079s] -- Symlinking: /home/ikun/OpenPCDet_ROS2/install/ros2_numpy/local/lib/python3.10/dist-packages/ros2_numpy/laser_scan.py
[11.082s] -- Symlinking: /home/ikun/OpenPCDet_ROS2/install/ros2_numpy/local/lib/python3.10/dist-packages/ros2_numpy/occupancy_grid.py
[11.086s] -- Symlinking: /home/ikun/OpenPCDet_ROS2/install/ros2_numpy/local/lib/python3.10/dist-packages/ros2_numpy/point_cloud2.py
[11.089s] -- Symlinking: /home/ikun/OpenPCDet_ROS2/install/ros2_numpy/local/lib/python3.10/dist-packages/ros2_numpy/registry.py
[11.093s] -- Symlinking: /home/ikun/OpenPCDet_ROS2/install/ros2_numpy/share/ament_index/resource_index/package_run_dependencies/ros2_numpy
[11.096s] -- Symlinking: /home/ikun/OpenPCDet_ROS2/install/ros2_numpy/share/ament_index/resource_index/parent_prefix_path/ros2_numpy
[11.099s] -- Symlinking: /home/ikun/OpenPCDet_ROS2/install/ros2_numpy/share/ros2_numpy/environment/ament_prefix_path.sh
[11.103s] -- Symlinking: /home/ikun/OpenPCDet_ROS2/install/ros2_numpy/share/ros2_numpy/environment/ament_prefix_path.dsv
[11.106s] -- Symlinking: /home/ikun/OpenPCDet_ROS2/install/ros2_numpy/share/ros2_numpy/environment/path.sh
[11.109s] -- Symlinking: /home/ikun/OpenPCDet_ROS2/install/ros2_numpy/share/ros2_numpy/environment/path.dsv
[11.112s] -- Symlinking: /home/ikun/OpenPCDet_ROS2/install/ros2_numpy/share/ros2_numpy/local_setup.bash
[11.115s] -- Symlinking: /home/ikun/OpenPCDet_ROS2/install/ros2_numpy/share/ros2_numpy/local_setup.sh
[11.120s] -- Symlinking: /home/ikun/OpenPCDet_ROS2/install/ros2_numpy/share/ros2_numpy/local_setup.zsh
[11.123s] -- Symlinking: /home/ikun/OpenPCDet_ROS2/install/ros2_numpy/share/ros2_numpy/local_setup.dsv
[11.126s] -- Symlinking: /home/ikun/OpenPCDet_ROS2/install/ros2_numpy/share/ros2_numpy/package.dsv
[11.130s] -- Symlinking: /home/ikun/OpenPCDet_ROS2/install/ros2_numpy/share/ament_index/resource_index/packages/ros2_numpy
[11.132s] -- Symlinking: /home/ikun/OpenPCDet_ROS2/install/ros2_numpy/share/ros2_numpy/cmake/ament_cmake_export_dependencies-extras.cmake
[11.135s] -- Symlinking: /home/ikun/OpenPCDet_ROS2/install/ros2_numpy/share/ros2_numpy/cmake/ros2_numpyConfig.cmake
[11.137s] -- Symlinking: /home/ikun/OpenPCDet_ROS2/install/ros2_numpy/share/ros2_numpy/cmake/ros2_numpyConfig-version.cmake
[11.140s] -- Symlinking: /home/ikun/OpenPCDet_ROS2/install/ros2_numpy/share/ros2_numpy/package.xml
[11.182s] Listing '/home/ikun/OpenPCDet_ROS2/install/ros2_numpy/local/lib/python3.10/dist-packages/ros2_numpy'...
[11.182s] Compiling '/home/ikun/OpenPCDet_ROS2/install/ros2_numpy/local/lib/python3.10/dist-packages/ros2_numpy/__init__.py'...
[11.182s] Compiling '/home/ikun/OpenPCDet_ROS2/install/ros2_numpy/local/lib/python3.10/dist-packages/ros2_numpy/geometry.py'...
[11.182s] Compiling '/home/ikun/OpenPCDet_ROS2/install/ros2_numpy/local/lib/python3.10/dist-packages/ros2_numpy/image.py'...
[11.182s] Compiling '/home/ikun/OpenPCDet_ROS2/install/ros2_numpy/local/lib/python3.10/dist-packages/ros2_numpy/laser_scan.py'...
[11.182s] Compiling '/home/ikun/OpenPCDet_ROS2/install/ros2_numpy/local/lib/python3.10/dist-packages/ros2_numpy/occupancy_grid.py'...
[11.182s] Compiling '/home/ikun/OpenPCDet_ROS2/install/ros2_numpy/local/lib/python3.10/dist-packages/ros2_numpy/point_cloud2.py'...
[11.182s] Compiling '/home/ikun/OpenPCDet_ROS2/install/ros2_numpy/local/lib/python3.10/dist-packages/ros2_numpy/registry.py'...
[11.195s] Invoked command in '/home/ikun/OpenPCDet_ROS2/build/ros2_numpy' returned '0': CMAKE_PREFIX_PATH=${CMAKE_PREFIX_PATH}:/home/ikun/OpenPCDet_ROS2/install/pcdet_ros2:/home/ikun/OpenPCDet_ROS2/install/pcd_publisher:/opt/ros/humble /home/ikun/.local/bin/cmake --install /home/ikun/OpenPCDet_ROS2/build/ros2_numpy
