[0.162s] DEBUG:colcon:Command line arguments: ['/usr/bin/colcon', 'build', '--symlink-install', '--packages-select', 'ros2_numpy', 'pcdet_ros2', 'simple_pcd_publisher']
[0.162s] DEBUG:colcon:Parsed command line arguments: Namespace(log_base=None, log_level=None, verb_name='build', build_base='build', install_base='install', merge_install=False, symlink_install=True, test_result_base=None, continue_on_error=False, executor='parallel', parallel_workers=20, event_handlers=None, ignore_user_meta=False, metas=['./colcon.meta'], base_paths=['.'], packages_ignore=None, packages_ignore_regex=None, paths=None, packages_up_to=None, packages_up_to_regex=None, packages_above=None, packages_above_and_dependencies=None, packages_above_depth=None, packages_select_by_dep=None, packages_skip_by_dep=None, packages_skip_up_to=None, packages_select_build_failed=False, packages_skip_build_finished=False, packages_select_test_failures=False, packages_skip_test_passed=False, packages_select=['ros2_numpy', 'pcdet_ros2', 'simple_pcd_publisher'], packages_skip=None, packages_select_regex=None, packages_skip_regex=None, packages_start=None, packages_end=None, allow_overriding=[], cmake_args=None, cmake_target=None, cmake_target_skip_unavailable=False, cmake_clean_cache=False, cmake_clean_first=False, cmake_force_configure=False, ament_cmake_args=None, catkin_cmake_args=None, catkin_skip_building_tests=False, verb_parser=<colcon_defaults.argument_parser.defaults.DefaultArgumentsDecorator object at 0x71ae972529e0>, verb_extension=<colcon_core.verb.build.BuildVerb object at 0x71ae972526b0>, main=<bound method BuildVerb.main of <colcon_core.verb.build.BuildVerb object at 0x71ae972526b0>>)
[0.398s] Level 1:colcon.colcon_core.package_discovery:discover_packages(colcon_meta) check parameters
[0.398s] Level 1:colcon.colcon_core.package_discovery:discover_packages(recursive) check parameters
[0.398s] Level 1:colcon.colcon_core.package_discovery:discover_packages(ignore) check parameters
[0.398s] Level 1:colcon.colcon_core.package_discovery:discover_packages(path) check parameters
[0.398s] Level 1:colcon.colcon_core.package_discovery:discover_packages(colcon_meta) discover
[0.398s] Level 1:colcon.colcon_core.package_discovery:discover_packages(recursive) discover
[0.398s] INFO:colcon.colcon_core.package_discovery:Crawling recursively for packages in '/home/ikun/OpenPCDet_ROS2'
[0.398s] Level 1:colcon.colcon_core.package_identification:_identify(.) by extensions ['ignore', 'ignore_ament_install']
[0.398s] Level 1:colcon.colcon_core.package_identification:_identify(.) by extension 'ignore'
[0.398s] Level 1:colcon.colcon_core.package_identification:_identify(.) by extension 'ignore_ament_install'
[0.398s] Level 1:colcon.colcon_core.package_identification:_identify(.) by extensions ['colcon_pkg']
[0.398s] Level 1:colcon.colcon_core.package_identification:_identify(.) by extension 'colcon_pkg'
[0.398s] Level 1:colcon.colcon_core.package_identification:_identify(.) by extensions ['colcon_meta']
[0.399s] Level 1:colcon.colcon_core.package_identification:_identify(.) by extension 'colcon_meta'
[0.399s] Level 1:colcon.colcon_core.package_identification:_identify(.) by extensions ['ros']
[0.399s] Level 1:colcon.colcon_core.package_identification:_identify(.) by extension 'ros'
[0.407s] Level 1:colcon.colcon_core.package_identification:_identify(.) by extensions ['cmake', 'python']
[0.407s] Level 1:colcon.colcon_core.package_identification:_identify(.) by extension 'cmake'
[0.407s] Level 1:colcon.colcon_core.package_identification:_identify(.) by extension 'python'
[0.408s] Level 1:colcon.colcon_core.package_identification:_identify(.) by extensions ['python_setup_py']
[0.408s] Level 1:colcon.colcon_core.package_identification:_identify(.) by extension 'python_setup_py'
[0.408s] Level 1:colcon.colcon_core.package_identification:_identify(build) by extensions ['ignore', 'ignore_ament_install']
[0.408s] Level 1:colcon.colcon_core.package_identification:_identify(build) by extension 'ignore'
[0.408s] Level 1:colcon.colcon_core.package_identification:_identify(build) ignored
[0.408s] Level 1:colcon.colcon_core.package_identification:_identify(install) by extensions ['ignore', 'ignore_ament_install']
[0.408s] Level 1:colcon.colcon_core.package_identification:_identify(install) by extension 'ignore'
[0.408s] Level 1:colcon.colcon_core.package_identification:_identify(install) ignored
[0.408s] Level 1:colcon.colcon_core.package_identification:_identify(log) by extensions ['ignore', 'ignore_ament_install']
[0.408s] Level 1:colcon.colcon_core.package_identification:_identify(log) by extension 'ignore'
[0.408s] Level 1:colcon.colcon_core.package_identification:_identify(log) ignored
[0.408s] Level 1:colcon.colcon_core.package_identification:_identify(src) by extensions ['ignore', 'ignore_ament_install']
[0.408s] Level 1:colcon.colcon_core.package_identification:_identify(src) by extension 'ignore'
[0.408s] Level 1:colcon.colcon_core.package_identification:_identify(src) by extension 'ignore_ament_install'
[0.408s] Level 1:colcon.colcon_core.package_identification:_identify(src) by extensions ['colcon_pkg']
[0.408s] Level 1:colcon.colcon_core.package_identification:_identify(src) by extension 'colcon_pkg'
[0.408s] Level 1:colcon.colcon_core.package_identification:_identify(src) by extensions ['colcon_meta']
[0.408s] Level 1:colcon.colcon_core.package_identification:_identify(src) by extension 'colcon_meta'
[0.408s] Level 1:colcon.colcon_core.package_identification:_identify(src) by extensions ['ros']
[0.408s] Level 1:colcon.colcon_core.package_identification:_identify(src) by extension 'ros'
[0.408s] Level 1:colcon.colcon_core.package_identification:_identify(src) by extensions ['cmake', 'python']
[0.408s] Level 1:colcon.colcon_core.package_identification:_identify(src) by extension 'cmake'
[0.408s] Level 1:colcon.colcon_core.package_identification:_identify(src) by extension 'python'
[0.408s] Level 1:colcon.colcon_core.package_identification:_identify(src) by extensions ['python_setup_py']
[0.408s] Level 1:colcon.colcon_core.package_identification:_identify(src) by extension 'python_setup_py'
[0.408s] Level 1:colcon.colcon_core.package_identification:_identify(src/build) by extensions ['ignore', 'ignore_ament_install']
[0.408s] Level 1:colcon.colcon_core.package_identification:_identify(src/build) by extension 'ignore'
[0.408s] Level 1:colcon.colcon_core.package_identification:_identify(src/build) ignored
[0.409s] Level 1:colcon.colcon_core.package_identification:_identify(src/install) by extensions ['ignore', 'ignore_ament_install']
[0.409s] Level 1:colcon.colcon_core.package_identification:_identify(src/install) by extension 'ignore'
[0.409s] Level 1:colcon.colcon_core.package_identification:_identify(src/install) ignored
[0.409s] Level 1:colcon.colcon_core.package_identification:_identify(src/log) by extensions ['ignore', 'ignore_ament_install']
[0.409s] Level 1:colcon.colcon_core.package_identification:_identify(src/log) by extension 'ignore'
[0.409s] Level 1:colcon.colcon_core.package_identification:_identify(src/log) ignored
[0.409s] Level 1:colcon.colcon_core.package_identification:_identify(src/pcdet_ros2) by extensions ['ignore', 'ignore_ament_install']
[0.409s] Level 1:colcon.colcon_core.package_identification:_identify(src/pcdet_ros2) by extension 'ignore'
[0.409s] Level 1:colcon.colcon_core.package_identification:_identify(src/pcdet_ros2) by extension 'ignore_ament_install'
[0.409s] Level 1:colcon.colcon_core.package_identification:_identify(src/pcdet_ros2) by extensions ['colcon_pkg']
[0.409s] Level 1:colcon.colcon_core.package_identification:_identify(src/pcdet_ros2) by extension 'colcon_pkg'
[0.409s] Level 1:colcon.colcon_core.package_identification:_identify(src/pcdet_ros2) by extensions ['colcon_meta']
[0.409s] Level 1:colcon.colcon_core.package_identification:_identify(src/pcdet_ros2) by extension 'colcon_meta'
[0.409s] Level 1:colcon.colcon_core.package_identification:_identify(src/pcdet_ros2) by extensions ['ros']
[0.409s] Level 1:colcon.colcon_core.package_identification:_identify(src/pcdet_ros2) by extension 'ros'
[0.411s] DEBUG:colcon.colcon_core.package_identification:Package 'src/pcdet_ros2' with type 'ros.ament_python' and name 'pcdet_ros2'
[0.411s] Level 1:colcon.colcon_core.package_identification:_identify(src/ros2_numpy) by extensions ['ignore', 'ignore_ament_install']
[0.411s] Level 1:colcon.colcon_core.package_identification:_identify(src/ros2_numpy) by extension 'ignore'
[0.411s] Level 1:colcon.colcon_core.package_identification:_identify(src/ros2_numpy) by extension 'ignore_ament_install'
[0.411s] Level 1:colcon.colcon_core.package_identification:_identify(src/ros2_numpy) by extensions ['colcon_pkg']
[0.411s] Level 1:colcon.colcon_core.package_identification:_identify(src/ros2_numpy) by extension 'colcon_pkg'
[0.411s] Level 1:colcon.colcon_core.package_identification:_identify(src/ros2_numpy) by extensions ['colcon_meta']
[0.411s] Level 1:colcon.colcon_core.package_identification:_identify(src/ros2_numpy) by extension 'colcon_meta'
[0.411s] Level 1:colcon.colcon_core.package_identification:_identify(src/ros2_numpy) by extensions ['ros']
[0.411s] Level 1:colcon.colcon_core.package_identification:_identify(src/ros2_numpy) by extension 'ros'
[0.412s] DEBUG:colcon.colcon_core.package_identification:Package 'src/ros2_numpy' with type 'ros.ament_cmake' and name 'ros2_numpy'
[0.412s] Level 1:colcon.colcon_core.package_identification:_identify(src/simple_pcd_publisher) by extensions ['ignore', 'ignore_ament_install']
[0.412s] Level 1:colcon.colcon_core.package_identification:_identify(src/simple_pcd_publisher) by extension 'ignore'
[0.412s] Level 1:colcon.colcon_core.package_identification:_identify(src/simple_pcd_publisher) by extension 'ignore_ament_install'
[0.412s] Level 1:colcon.colcon_core.package_identification:_identify(src/simple_pcd_publisher) by extensions ['colcon_pkg']
[0.412s] Level 1:colcon.colcon_core.package_identification:_identify(src/simple_pcd_publisher) by extension 'colcon_pkg'
[0.412s] Level 1:colcon.colcon_core.package_identification:_identify(src/simple_pcd_publisher) by extensions ['colcon_meta']
[0.412s] Level 1:colcon.colcon_core.package_identification:_identify(src/simple_pcd_publisher) by extension 'colcon_meta'
[0.412s] Level 1:colcon.colcon_core.package_identification:_identify(src/simple_pcd_publisher) by extensions ['ros']
[0.412s] Level 1:colcon.colcon_core.package_identification:_identify(src/simple_pcd_publisher) by extension 'ros'
[0.413s] DEBUG:colcon.colcon_core.package_identification:Package 'src/simple_pcd_publisher' with type 'ros.ament_python' and name 'simple_pcd_publisher'
[0.413s] Level 1:colcon.colcon_core.package_discovery:discover_packages(recursive) using defaults
[0.413s] Level 1:colcon.colcon_core.package_discovery:discover_packages(ignore) discover
[0.413s] Level 1:colcon.colcon_core.package_discovery:discover_packages(ignore) using defaults
[0.413s] Level 1:colcon.colcon_core.package_discovery:discover_packages(path) discover
[0.413s] Level 1:colcon.colcon_core.package_discovery:discover_packages(path) using defaults
[0.437s] Level 1:colcon.colcon_core.package_discovery:discover_packages(prefix_path) check parameters
[0.437s] Level 1:colcon.colcon_core.package_discovery:discover_packages(prefix_path) discover
[0.439s] DEBUG:colcon.colcon_installed_package_information.package_discovery:Found 3 installed packages in /home/ikun/OpenPCDet_ROS2/install
[0.441s] DEBUG:colcon.colcon_installed_package_information.package_discovery:Found 275 installed packages in /opt/ros/humble
[0.441s] Level 1:colcon.colcon_core.package_discovery:discover_packages(prefix_path) using defaults
[0.494s] Level 5:colcon.colcon_core.verb:set package 'ros2_numpy' build argument 'cmake_args' from command line to 'None'
[0.494s] Level 5:colcon.colcon_core.verb:set package 'ros2_numpy' build argument 'cmake_target' from command line to 'None'
[0.494s] Level 5:colcon.colcon_core.verb:set package 'ros2_numpy' build argument 'cmake_target_skip_unavailable' from command line to 'False'
[0.494s] Level 5:colcon.colcon_core.verb:set package 'ros2_numpy' build argument 'cmake_clean_cache' from command line to 'False'
[0.494s] Level 5:colcon.colcon_core.verb:set package 'ros2_numpy' build argument 'cmake_clean_first' from command line to 'False'
[0.494s] Level 5:colcon.colcon_core.verb:set package 'ros2_numpy' build argument 'cmake_force_configure' from command line to 'False'
[0.494s] Level 5:colcon.colcon_core.verb:set package 'ros2_numpy' build argument 'ament_cmake_args' from command line to 'None'
[0.494s] Level 5:colcon.colcon_core.verb:set package 'ros2_numpy' build argument 'catkin_cmake_args' from command line to 'None'
[0.494s] Level 5:colcon.colcon_core.verb:set package 'ros2_numpy' build argument 'catkin_skip_building_tests' from command line to 'False'
[0.494s] DEBUG:colcon.colcon_core.verb:Building package 'ros2_numpy' with the following arguments: {'ament_cmake_args': None, 'build_base': '/home/ikun/OpenPCDet_ROS2/build/ros2_numpy', 'catkin_cmake_args': None, 'catkin_skip_building_tests': False, 'cmake_args': None, 'cmake_clean_cache': False, 'cmake_clean_first': False, 'cmake_force_configure': False, 'cmake_target': None, 'cmake_target_skip_unavailable': False, 'install_base': '/home/ikun/OpenPCDet_ROS2/install/ros2_numpy', 'merge_install': False, 'path': '/home/ikun/OpenPCDet_ROS2/src/ros2_numpy', 'symlink_install': True, 'test_result_base': None}
[0.495s] Level 5:colcon.colcon_core.verb:set package 'simple_pcd_publisher' build argument 'cmake_args' from command line to 'None'
[0.495s] Level 5:colcon.colcon_core.verb:set package 'simple_pcd_publisher' build argument 'cmake_target' from command line to 'None'
[0.495s] Level 5:colcon.colcon_core.verb:set package 'simple_pcd_publisher' build argument 'cmake_target_skip_unavailable' from command line to 'False'
[0.495s] Level 5:colcon.colcon_core.verb:set package 'simple_pcd_publisher' build argument 'cmake_clean_cache' from command line to 'False'
[0.495s] Level 5:colcon.colcon_core.verb:set package 'simple_pcd_publisher' build argument 'cmake_clean_first' from command line to 'False'
[0.495s] Level 5:colcon.colcon_core.verb:set package 'simple_pcd_publisher' build argument 'cmake_force_configure' from command line to 'False'
[0.495s] Level 5:colcon.colcon_core.verb:set package 'simple_pcd_publisher' build argument 'ament_cmake_args' from command line to 'None'
[0.495s] Level 5:colcon.colcon_core.verb:set package 'simple_pcd_publisher' build argument 'catkin_cmake_args' from command line to 'None'
[0.495s] Level 5:colcon.colcon_core.verb:set package 'simple_pcd_publisher' build argument 'catkin_skip_building_tests' from command line to 'False'
[0.495s] DEBUG:colcon.colcon_core.verb:Building package 'simple_pcd_publisher' with the following arguments: {'ament_cmake_args': None, 'build_base': '/home/ikun/OpenPCDet_ROS2/build/simple_pcd_publisher', 'catkin_cmake_args': None, 'catkin_skip_building_tests': False, 'cmake_args': None, 'cmake_clean_cache': False, 'cmake_clean_first': False, 'cmake_force_configure': False, 'cmake_target': None, 'cmake_target_skip_unavailable': False, 'install_base': '/home/ikun/OpenPCDet_ROS2/install/simple_pcd_publisher', 'merge_install': False, 'path': '/home/ikun/OpenPCDet_ROS2/src/simple_pcd_publisher', 'symlink_install': True, 'test_result_base': None}
[0.495s] Level 5:colcon.colcon_core.verb:set package 'pcdet_ros2' build argument 'cmake_args' from command line to 'None'
[0.495s] Level 5:colcon.colcon_core.verb:set package 'pcdet_ros2' build argument 'cmake_target' from command line to 'None'
[0.495s] Level 5:colcon.colcon_core.verb:set package 'pcdet_ros2' build argument 'cmake_target_skip_unavailable' from command line to 'False'
[0.495s] Level 5:colcon.colcon_core.verb:set package 'pcdet_ros2' build argument 'cmake_clean_cache' from command line to 'False'
[0.495s] Level 5:colcon.colcon_core.verb:set package 'pcdet_ros2' build argument 'cmake_clean_first' from command line to 'False'
[0.495s] Level 5:colcon.colcon_core.verb:set package 'pcdet_ros2' build argument 'cmake_force_configure' from command line to 'False'
[0.495s] Level 5:colcon.colcon_core.verb:set package 'pcdet_ros2' build argument 'ament_cmake_args' from command line to 'None'
[0.495s] Level 5:colcon.colcon_core.verb:set package 'pcdet_ros2' build argument 'catkin_cmake_args' from command line to 'None'
[0.495s] Level 5:colcon.colcon_core.verb:set package 'pcdet_ros2' build argument 'catkin_skip_building_tests' from command line to 'False'
[0.495s] DEBUG:colcon.colcon_core.verb:Building package 'pcdet_ros2' with the following arguments: {'ament_cmake_args': None, 'build_base': '/home/ikun/OpenPCDet_ROS2/build/pcdet_ros2', 'catkin_cmake_args': None, 'catkin_skip_building_tests': False, 'cmake_args': None, 'cmake_clean_cache': False, 'cmake_clean_first': False, 'cmake_force_configure': False, 'cmake_target': None, 'cmake_target_skip_unavailable': False, 'install_base': '/home/ikun/OpenPCDet_ROS2/install/pcdet_ros2', 'merge_install': False, 'path': '/home/ikun/OpenPCDet_ROS2/src/pcdet_ros2', 'symlink_install': True, 'test_result_base': None}
[0.495s] INFO:colcon.colcon_core.executor:Executing jobs using 'parallel' executor
[0.496s] DEBUG:colcon.colcon_parallel_executor.executor.parallel:run_until_complete
[0.496s] INFO:colcon.colcon_ros.task.ament_cmake.build:Building ROS package in '/home/ikun/OpenPCDet_ROS2/src/ros2_numpy' with build type 'ament_cmake'
[0.496s] INFO:colcon.colcon_cmake.task.cmake.build:Building CMake package in '/home/ikun/OpenPCDet_ROS2/src/ros2_numpy'
[0.500s] INFO:colcon.colcon_core.plugin_system:Skipping extension 'colcon_core.shell.bat': Not used on non-Windows systems
[0.500s] INFO:colcon.colcon_core.shell:Skip shell extension 'powershell' for command environment: Not usable outside of PowerShell
[0.500s] DEBUG:colcon.colcon_core.shell:Skip shell extension 'dsv' for command environment
[0.502s] INFO:colcon.colcon_ros.task.ament_python.build:Building ROS package in '/home/ikun/OpenPCDet_ROS2/src/simple_pcd_publisher' with build type 'ament_python'
[0.502s] Level 1:colcon.colcon_core.shell:create_environment_hook('simple_pcd_publisher', 'ament_prefix_path')
[0.503s] INFO:colcon.colcon_core.shell:Creating environment hook '/home/ikun/OpenPCDet_ROS2/install/simple_pcd_publisher/share/simple_pcd_publisher/hook/ament_prefix_path.ps1'
[0.504s] INFO:colcon.colcon_core.shell:Creating environment descriptor '/home/ikun/OpenPCDet_ROS2/install/simple_pcd_publisher/share/simple_pcd_publisher/hook/ament_prefix_path.dsv'
[0.505s] INFO:colcon.colcon_core.shell:Creating environment hook '/home/ikun/OpenPCDet_ROS2/install/simple_pcd_publisher/share/simple_pcd_publisher/hook/ament_prefix_path.sh'
[0.506s] INFO:colcon.colcon_core.shell:Skip shell extension 'powershell' for command environment: Not usable outside of PowerShell
[0.506s] DEBUG:colcon.colcon_core.shell:Skip shell extension 'dsv' for command environment
[0.510s] DEBUG:colcon.colcon_core.event_handler.log_command:Invoking command in '/home/ikun/OpenPCDet_ROS2/build/ros2_numpy': CMAKE_PREFIX_PATH=${CMAKE_PREFIX_PATH}:/home/ikun/OpenPCDet_ROS2/install/simple_pcd_publisher:/home/ikun/OpenPCDet_ROS2/install/pcdet_ros2:/opt/ros/humble /home/ikun/.local/bin/cmake --build /home/ikun/OpenPCDet_ROS2/build/ros2_numpy -- -j20 -l20
[0.652s] INFO:colcon.colcon_core.task.python.build:Building Python package in '/home/ikun/OpenPCDet_ROS2/src/simple_pcd_publisher'
[0.652s] INFO:colcon.colcon_core.shell:Skip shell extension 'powershell' for command environment: Not usable outside of PowerShell
[0.652s] DEBUG:colcon.colcon_core.shell:Skip shell extension 'dsv' for command environment
[0.733s] DEBUG:colcon.colcon_core.event_handler.log_command:Invoked command in '/home/ikun/OpenPCDet_ROS2/build/ros2_numpy' returned '0': CMAKE_PREFIX_PATH=${CMAKE_PREFIX_PATH}:/home/ikun/OpenPCDet_ROS2/install/simple_pcd_publisher:/home/ikun/OpenPCDet_ROS2/install/pcdet_ros2:/opt/ros/humble /home/ikun/.local/bin/cmake --build /home/ikun/OpenPCDet_ROS2/build/ros2_numpy -- -j20 -l20
[0.755s] DEBUG:colcon.colcon_core.event_handler.log_command:Invoking command in '/home/ikun/OpenPCDet_ROS2/build/ros2_numpy': CMAKE_PREFIX_PATH=${CMAKE_PREFIX_PATH}:/home/ikun/OpenPCDet_ROS2/install/simple_pcd_publisher:/home/ikun/OpenPCDet_ROS2/install/pcdet_ros2:/opt/ros/humble /home/ikun/.local/bin/cmake --install /home/ikun/OpenPCDet_ROS2/build/ros2_numpy
[0.804s] Level 1:colcon.colcon_core.environment:create_environment_scripts_only(ros2_numpy)
[0.805s] DEBUG:colcon.colcon_core.event_handler.log_command:Invoked command in '/home/ikun/OpenPCDet_ROS2/build/ros2_numpy' returned '0': CMAKE_PREFIX_PATH=${CMAKE_PREFIX_PATH}:/home/ikun/OpenPCDet_ROS2/install/simple_pcd_publisher:/home/ikun/OpenPCDet_ROS2/install/pcdet_ros2:/opt/ros/humble /home/ikun/.local/bin/cmake --install /home/ikun/OpenPCDet_ROS2/build/ros2_numpy
[0.809s] Level 1:colcon.colcon_core.environment:checking '/home/ikun/OpenPCDet_ROS2/install/ros2_numpy' for CMake module files
[0.810s] Level 1:colcon.colcon_core.environment:checking '/home/ikun/OpenPCDet_ROS2/install/ros2_numpy' for CMake config files
[0.810s] Level 1:colcon.colcon_core.shell:create_environment_hook('ros2_numpy', 'cmake_prefix_path')
[0.810s] INFO:colcon.colcon_core.shell:Creating environment hook '/home/ikun/OpenPCDet_ROS2/install/ros2_numpy/share/ros2_numpy/hook/cmake_prefix_path.ps1'
[0.810s] INFO:colcon.colcon_core.shell:Creating environment descriptor '/home/ikun/OpenPCDet_ROS2/install/ros2_numpy/share/ros2_numpy/hook/cmake_prefix_path.dsv'
[0.811s] INFO:colcon.colcon_core.shell:Creating environment hook '/home/ikun/OpenPCDet_ROS2/install/ros2_numpy/share/ros2_numpy/hook/cmake_prefix_path.sh'
[0.811s] Level 1:colcon.colcon_core.environment:checking '/home/ikun/OpenPCDet_ROS2/install/ros2_numpy/bin'
[0.811s] Level 1:colcon.colcon_core.environment:checking '/home/ikun/OpenPCDet_ROS2/install/ros2_numpy/lib/pkgconfig/ros2_numpy.pc'
[0.811s] Level 1:colcon.colcon_core.environment:checking '/home/ikun/OpenPCDet_ROS2/install/ros2_numpy/lib/python3.10/site-packages'
[0.811s] Level 1:colcon.colcon_core.environment:checking '/home/ikun/OpenPCDet_ROS2/install/ros2_numpy/bin'
[0.811s] INFO:colcon.colcon_core.shell:Creating package script '/home/ikun/OpenPCDet_ROS2/install/ros2_numpy/share/ros2_numpy/package.ps1'
[0.812s] INFO:colcon.colcon_core.shell:Creating package descriptor '/home/ikun/OpenPCDet_ROS2/install/ros2_numpy/share/ros2_numpy/package.dsv'
[0.813s] INFO:colcon.colcon_core.shell:Creating package script '/home/ikun/OpenPCDet_ROS2/install/ros2_numpy/share/ros2_numpy/package.sh'
[0.814s] INFO:colcon.colcon_core.shell:Creating package script '/home/ikun/OpenPCDet_ROS2/install/ros2_numpy/share/ros2_numpy/package.bash'
[0.815s] INFO:colcon.colcon_core.shell:Creating package script '/home/ikun/OpenPCDet_ROS2/install/ros2_numpy/share/ros2_numpy/package.zsh'
[0.816s] Level 1:colcon.colcon_core.environment:create_file_with_runtime_dependencies(/home/ikun/OpenPCDet_ROS2/install/ros2_numpy/share/colcon-core/packages/ros2_numpy)
[0.816s] Level 1:colcon.colcon_core.environment:create_environment_scripts_only(ros2_numpy)
[0.817s] Level 1:colcon.colcon_core.environment:checking '/home/ikun/OpenPCDet_ROS2/install/ros2_numpy' for CMake module files
[0.817s] Level 1:colcon.colcon_core.environment:checking '/home/ikun/OpenPCDet_ROS2/install/ros2_numpy' for CMake config files
[0.817s] Level 1:colcon.colcon_core.shell:create_environment_hook('ros2_numpy', 'cmake_prefix_path')
[0.817s] INFO:colcon.colcon_core.shell:Creating environment hook '/home/ikun/OpenPCDet_ROS2/install/ros2_numpy/share/ros2_numpy/hook/cmake_prefix_path.ps1'
[0.817s] INFO:colcon.colcon_core.shell:Creating environment descriptor '/home/ikun/OpenPCDet_ROS2/install/ros2_numpy/share/ros2_numpy/hook/cmake_prefix_path.dsv'
[0.818s] INFO:colcon.colcon_core.shell:Creating environment hook '/home/ikun/OpenPCDet_ROS2/install/ros2_numpy/share/ros2_numpy/hook/cmake_prefix_path.sh'
[0.818s] Level 1:colcon.colcon_core.environment:checking '/home/ikun/OpenPCDet_ROS2/install/ros2_numpy/bin'
[0.818s] Level 1:colcon.colcon_core.environment:checking '/home/ikun/OpenPCDet_ROS2/install/ros2_numpy/lib/pkgconfig/ros2_numpy.pc'
[0.818s] Level 1:colcon.colcon_core.environment:checking '/home/ikun/OpenPCDet_ROS2/install/ros2_numpy/lib/python3.10/site-packages'
[0.818s] Level 1:colcon.colcon_core.environment:checking '/home/ikun/OpenPCDet_ROS2/install/ros2_numpy/bin'
[0.818s] INFO:colcon.colcon_core.shell:Creating package script '/home/ikun/OpenPCDet_ROS2/install/ros2_numpy/share/ros2_numpy/package.ps1'
[0.819s] INFO:colcon.colcon_core.shell:Creating package descriptor '/home/ikun/OpenPCDet_ROS2/install/ros2_numpy/share/ros2_numpy/package.dsv'
[0.819s] INFO:colcon.colcon_core.shell:Creating package script '/home/ikun/OpenPCDet_ROS2/install/ros2_numpy/share/ros2_numpy/package.sh'
[0.819s] INFO:colcon.colcon_core.shell:Creating package script '/home/ikun/OpenPCDet_ROS2/install/ros2_numpy/share/ros2_numpy/package.bash'
[0.819s] INFO:colcon.colcon_core.shell:Creating package script '/home/ikun/OpenPCDet_ROS2/install/ros2_numpy/share/ros2_numpy/package.zsh'
[0.820s] Level 1:colcon.colcon_core.environment:create_file_with_runtime_dependencies(/home/ikun/OpenPCDet_ROS2/install/ros2_numpy/share/colcon-core/packages/ros2_numpy)
[0.820s] INFO:colcon.colcon_ros.task.ament_python.build:Building ROS package in '/home/ikun/OpenPCDet_ROS2/src/pcdet_ros2' with build type 'ament_python'
[0.820s] Level 1:colcon.colcon_core.shell:create_environment_hook('pcdet_ros2', 'ament_prefix_path')
[0.820s] INFO:colcon.colcon_core.shell:Creating environment hook '/home/ikun/OpenPCDet_ROS2/install/pcdet_ros2/share/pcdet_ros2/hook/ament_prefix_path.ps1'
[0.821s] INFO:colcon.colcon_core.shell:Creating environment descriptor '/home/ikun/OpenPCDet_ROS2/install/pcdet_ros2/share/pcdet_ros2/hook/ament_prefix_path.dsv'
[0.821s] INFO:colcon.colcon_core.shell:Creating environment hook '/home/ikun/OpenPCDet_ROS2/install/pcdet_ros2/share/pcdet_ros2/hook/ament_prefix_path.sh'
[0.821s] INFO:colcon.colcon_core.shell:Skip shell extension 'powershell' for command environment: Not usable outside of PowerShell
[0.822s] DEBUG:colcon.colcon_core.shell:Skip shell extension 'dsv' for command environment
[0.985s] INFO:colcon.colcon_core.task.python.build:Building Python package in '/home/ikun/OpenPCDet_ROS2/src/pcdet_ros2'
[0.985s] INFO:colcon.colcon_core.shell:Skip shell extension 'powershell' for command environment: Not usable outside of PowerShell
[0.985s] DEBUG:colcon.colcon_core.shell:Skip shell extension 'dsv' for command environment
[0.989s] DEBUG:colcon.colcon_core.event_handler.log_command:Invoking command in '/home/ikun/OpenPCDet_ROS2/build/simple_pcd_publisher': PYTHONPATH=/home/ikun/OpenPCDet_ROS2/build/simple_pcd_publisher/prefix_override:/usr/lib/python3/dist-packages/colcon_core/task/python/colcon_distutils_commands:/home/ikun/OpenPCDet_ROS2/install/simple_pcd_publisher/lib/python3.10/site-packages:${PYTHONPATH} /usr/bin/python3 -W ignore:setup.py install is deprecated -W ignore:easy_install command is deprecated setup.py develop --editable --build-directory /home/ikun/OpenPCDet_ROS2/build/simple_pcd_publisher/build --no-deps symlink_data
[1.213s] DEBUG:colcon.colcon_core.event_handler.log_command:Invoking command in '/home/ikun/OpenPCDet_ROS2/build/pcdet_ros2': PYTHONPATH=/home/ikun/OpenPCDet_ROS2/build/pcdet_ros2/prefix_override:/usr/lib/python3/dist-packages/colcon_core/task/python/colcon_distutils_commands:/home/ikun/OpenPCDet_ROS2/install/pcdet_ros2/lib/python3.10/site-packages:${PYTHONPATH} /usr/bin/python3 -W ignore:setup.py install is deprecated -W ignore:easy_install command is deprecated setup.py develop --editable --build-directory /home/ikun/OpenPCDet_ROS2/build/pcdet_ros2/build --no-deps symlink_data
[1.244s] Level 1:colcon.colcon_core.shell:create_environment_hook('simple_pcd_publisher', 'pythonpath_develop')
[1.245s] INFO:colcon.colcon_core.shell:Creating environment hook '/home/ikun/OpenPCDet_ROS2/build/simple_pcd_publisher/share/simple_pcd_publisher/hook/pythonpath_develop.ps1'
[1.245s] DEBUG:colcon.colcon_core.event_handler.log_command:Invoked command in '/home/ikun/OpenPCDet_ROS2/build/simple_pcd_publisher' returned '0': PYTHONPATH=/home/ikun/OpenPCDet_ROS2/build/simple_pcd_publisher/prefix_override:/usr/lib/python3/dist-packages/colcon_core/task/python/colcon_distutils_commands:/home/ikun/OpenPCDet_ROS2/install/simple_pcd_publisher/lib/python3.10/site-packages:${PYTHONPATH} /usr/bin/python3 -W ignore:setup.py install is deprecated -W ignore:easy_install command is deprecated setup.py develop --editable --build-directory /home/ikun/OpenPCDet_ROS2/build/simple_pcd_publisher/build --no-deps symlink_data
[1.245s] INFO:colcon.colcon_core.shell:Creating environment descriptor '/home/ikun/OpenPCDet_ROS2/build/simple_pcd_publisher/share/simple_pcd_publisher/hook/pythonpath_develop.dsv'
[1.246s] INFO:colcon.colcon_core.shell:Creating environment hook '/home/ikun/OpenPCDet_ROS2/build/simple_pcd_publisher/share/simple_pcd_publisher/hook/pythonpath_develop.sh'
[1.246s] Level 1:colcon.colcon_core.environment:checking '/home/ikun/OpenPCDet_ROS2/install/simple_pcd_publisher' for CMake module files
[1.246s] Level 1:colcon.colcon_core.environment:checking '/home/ikun/OpenPCDet_ROS2/install/simple_pcd_publisher' for CMake config files
[1.246s] Level 1:colcon.colcon_core.environment:checking '/home/ikun/OpenPCDet_ROS2/install/simple_pcd_publisher/lib'
[1.247s] Level 1:colcon.colcon_core.environment:checking '/home/ikun/OpenPCDet_ROS2/install/simple_pcd_publisher/bin'
[1.247s] Level 1:colcon.colcon_core.environment:checking '/home/ikun/OpenPCDet_ROS2/install/simple_pcd_publisher/lib/pkgconfig/simple_pcd_publisher.pc'
[1.247s] Level 1:colcon.colcon_core.environment:checking '/home/ikun/OpenPCDet_ROS2/install/simple_pcd_publisher/lib/python3.10/site-packages'
[1.247s] Level 1:colcon.colcon_core.shell:create_environment_hook('simple_pcd_publisher', 'pythonpath')
[1.247s] INFO:colcon.colcon_core.shell:Creating environment hook '/home/ikun/OpenPCDet_ROS2/install/simple_pcd_publisher/share/simple_pcd_publisher/hook/pythonpath.ps1'
[1.247s] INFO:colcon.colcon_core.shell:Creating environment descriptor '/home/ikun/OpenPCDet_ROS2/install/simple_pcd_publisher/share/simple_pcd_publisher/hook/pythonpath.dsv'
[1.247s] INFO:colcon.colcon_core.shell:Creating environment hook '/home/ikun/OpenPCDet_ROS2/install/simple_pcd_publisher/share/simple_pcd_publisher/hook/pythonpath.sh'
[1.248s] Level 1:colcon.colcon_core.environment:checking '/home/ikun/OpenPCDet_ROS2/install/simple_pcd_publisher/bin'
[1.248s] Level 1:colcon.colcon_core.environment:create_environment_scripts_only(simple_pcd_publisher)
[1.248s] INFO:colcon.colcon_core.shell:Creating package script '/home/ikun/OpenPCDet_ROS2/install/simple_pcd_publisher/share/simple_pcd_publisher/package.ps1'
[1.248s] INFO:colcon.colcon_core.shell:Creating package descriptor '/home/ikun/OpenPCDet_ROS2/install/simple_pcd_publisher/share/simple_pcd_publisher/package.dsv'
[1.249s] INFO:colcon.colcon_core.shell:Creating package script '/home/ikun/OpenPCDet_ROS2/install/simple_pcd_publisher/share/simple_pcd_publisher/package.sh'
[1.249s] INFO:colcon.colcon_core.shell:Creating package script '/home/ikun/OpenPCDet_ROS2/install/simple_pcd_publisher/share/simple_pcd_publisher/package.bash'
[1.249s] INFO:colcon.colcon_core.shell:Creating package script '/home/ikun/OpenPCDet_ROS2/install/simple_pcd_publisher/share/simple_pcd_publisher/package.zsh'
[1.249s] Level 1:colcon.colcon_core.environment:create_file_with_runtime_dependencies(/home/ikun/OpenPCDet_ROS2/install/simple_pcd_publisher/share/colcon-core/packages/simple_pcd_publisher)
[1.470s] Level 1:colcon.colcon_core.shell:create_environment_hook('pcdet_ros2', 'pythonpath_develop')
[1.471s] INFO:colcon.colcon_core.shell:Creating environment hook '/home/ikun/OpenPCDet_ROS2/build/pcdet_ros2/share/pcdet_ros2/hook/pythonpath_develop.ps1'
[1.471s] DEBUG:colcon.colcon_core.event_handler.log_command:Invoked command in '/home/ikun/OpenPCDet_ROS2/build/pcdet_ros2' returned '0': PYTHONPATH=/home/ikun/OpenPCDet_ROS2/build/pcdet_ros2/prefix_override:/usr/lib/python3/dist-packages/colcon_core/task/python/colcon_distutils_commands:/home/ikun/OpenPCDet_ROS2/install/pcdet_ros2/lib/python3.10/site-packages:${PYTHONPATH} /usr/bin/python3 -W ignore:setup.py install is deprecated -W ignore:easy_install command is deprecated setup.py develop --editable --build-directory /home/ikun/OpenPCDet_ROS2/build/pcdet_ros2/build --no-deps symlink_data
[1.471s] INFO:colcon.colcon_core.shell:Creating environment descriptor '/home/ikun/OpenPCDet_ROS2/build/pcdet_ros2/share/pcdet_ros2/hook/pythonpath_develop.dsv'
[1.472s] INFO:colcon.colcon_core.shell:Creating environment hook '/home/ikun/OpenPCDet_ROS2/build/pcdet_ros2/share/pcdet_ros2/hook/pythonpath_develop.sh'
[1.472s] Level 1:colcon.colcon_core.environment:checking '/home/ikun/OpenPCDet_ROS2/install/pcdet_ros2' for CMake module files
[1.472s] Level 1:colcon.colcon_core.environment:checking '/home/ikun/OpenPCDet_ROS2/install/pcdet_ros2' for CMake config files
[1.473s] Level 1:colcon.colcon_core.environment:checking '/home/ikun/OpenPCDet_ROS2/install/pcdet_ros2/lib'
[1.473s] Level 1:colcon.colcon_core.environment:checking '/home/ikun/OpenPCDet_ROS2/install/pcdet_ros2/bin'
[1.473s] Level 1:colcon.colcon_core.environment:checking '/home/ikun/OpenPCDet_ROS2/install/pcdet_ros2/lib/pkgconfig/pcdet_ros2.pc'
[1.473s] Level 1:colcon.colcon_core.environment:checking '/home/ikun/OpenPCDet_ROS2/install/pcdet_ros2/lib/python3.10/site-packages'
[1.473s] Level 1:colcon.colcon_core.shell:create_environment_hook('pcdet_ros2', 'pythonpath')
[1.473s] INFO:colcon.colcon_core.shell:Creating environment hook '/home/ikun/OpenPCDet_ROS2/install/pcdet_ros2/share/pcdet_ros2/hook/pythonpath.ps1'
[1.474s] INFO:colcon.colcon_core.shell:Creating environment descriptor '/home/ikun/OpenPCDet_ROS2/install/pcdet_ros2/share/pcdet_ros2/hook/pythonpath.dsv'
[1.474s] INFO:colcon.colcon_core.shell:Creating environment hook '/home/ikun/OpenPCDet_ROS2/install/pcdet_ros2/share/pcdet_ros2/hook/pythonpath.sh'
[1.474s] Level 1:colcon.colcon_core.environment:checking '/home/ikun/OpenPCDet_ROS2/install/pcdet_ros2/bin'
[1.474s] Level 1:colcon.colcon_core.environment:create_environment_scripts_only(pcdet_ros2)
[1.475s] INFO:colcon.colcon_core.shell:Creating package script '/home/ikun/OpenPCDet_ROS2/install/pcdet_ros2/share/pcdet_ros2/package.ps1'
[1.475s] INFO:colcon.colcon_core.shell:Creating package descriptor '/home/ikun/OpenPCDet_ROS2/install/pcdet_ros2/share/pcdet_ros2/package.dsv'
[1.475s] INFO:colcon.colcon_core.shell:Creating package script '/home/ikun/OpenPCDet_ROS2/install/pcdet_ros2/share/pcdet_ros2/package.sh'
[1.475s] INFO:colcon.colcon_core.shell:Creating package script '/home/ikun/OpenPCDet_ROS2/install/pcdet_ros2/share/pcdet_ros2/package.bash'
[1.475s] INFO:colcon.colcon_core.shell:Creating package script '/home/ikun/OpenPCDet_ROS2/install/pcdet_ros2/share/pcdet_ros2/package.zsh'
[1.476s] Level 1:colcon.colcon_core.environment:create_file_with_runtime_dependencies(/home/ikun/OpenPCDet_ROS2/install/pcdet_ros2/share/colcon-core/packages/pcdet_ros2)
[1.476s] DEBUG:colcon.colcon_parallel_executor.executor.parallel:closing loop
[1.476s] DEBUG:colcon.colcon_parallel_executor.executor.parallel:loop closed
[1.476s] DEBUG:colcon.colcon_parallel_executor.executor.parallel:run_until_complete finished with '0'
[1.476s] DEBUG:colcon.colcon_core.event_reactor:joining thread
[1.495s] INFO:colcon.colcon_core.plugin_system:Skipping extension 'colcon_notification.desktop_notification.notify_send': Could not find 'notify-send'
[1.495s] INFO:colcon.colcon_core.plugin_system:Skipping extension 'colcon_notification.desktop_notification.terminal_notifier': Not used on non-Darwin systems
[1.495s] INFO:colcon.colcon_core.plugin_system:Skipping extension 'colcon_notification.desktop_notification.win32': Not used on non-Windows systems
[1.495s] INFO:colcon.colcon_notification.desktop_notification:Sending desktop notification using 'notify2'
[1.497s] DEBUG:colcon.colcon_notification.desktop_notification.notify2:Failed to initialize notify2: org.freedesktop.DBus.Error.ServiceUnknown: The name org.freedesktop.Notifications was not provided by any .service files
[1.497s] DEBUG:colcon.colcon_core.event_reactor:joined thread
[1.497s] INFO:colcon.colcon_core.shell:Creating prefix script '/home/ikun/OpenPCDet_ROS2/install/local_setup.ps1'
[1.498s] INFO:colcon.colcon_core.shell:Creating prefix util module '/home/ikun/OpenPCDet_ROS2/install/_local_setup_util_ps1.py'
[1.499s] INFO:colcon.colcon_core.shell:Creating prefix chain script '/home/ikun/OpenPCDet_ROS2/install/setup.ps1'
[1.501s] INFO:colcon.colcon_core.shell:Creating prefix script '/home/ikun/OpenPCDet_ROS2/install/local_setup.sh'
[1.501s] INFO:colcon.colcon_core.shell:Creating prefix util module '/home/ikun/OpenPCDet_ROS2/install/_local_setup_util_sh.py'
[1.502s] INFO:colcon.colcon_core.shell:Creating prefix chain script '/home/ikun/OpenPCDet_ROS2/install/setup.sh'
[1.504s] INFO:colcon.colcon_core.shell:Creating prefix script '/home/ikun/OpenPCDet_ROS2/install/local_setup.bash'
[1.505s] INFO:colcon.colcon_core.shell:Creating prefix chain script '/home/ikun/OpenPCDet_ROS2/install/setup.bash'
[1.506s] INFO:colcon.colcon_core.shell:Creating prefix script '/home/ikun/OpenPCDet_ROS2/install/local_setup.zsh'
[1.507s] INFO:colcon.colcon_core.shell:Creating prefix chain script '/home/ikun/OpenPCDet_ROS2/install/setup.zsh'
