[0.407s] Invoking command in '/home/ikun/OpenPCDet_ROS2/build/simple_pcd_publisher': PYTHONPATH=/home/ikun/OpenPCDet_ROS2/build/simple_pcd_publisher/prefix_override:/usr/lib/python3/dist-packages/colcon_core/task/python/colcon_distutils_commands:/home/ikun/OpenPCDet_ROS2/install/simple_pcd_publisher/lib/python3.10/site-packages:${PYTHONPATH} /usr/bin/python3 -W ignore:setup.py install is deprecated -W ignore:easy_install command is deprecated setup.py develop --editable --build-directory /home/ikun/OpenPCDet_ROS2/build/simple_pcd_publisher/build --no-deps symlink_data
[0.543s] running develop
[0.625s] running egg_info
[0.625s] creating simple_pcd_publisher.egg-info
[0.626s] writing simple_pcd_publisher.egg-info/PKG-INFO
[0.626s] writing dependency_links to simple_pcd_publisher.egg-info/dependency_links.txt
[0.626s] writing entry points to simple_pcd_publisher.egg-info/entry_points.txt
[0.626s] writing requirements to simple_pcd_publisher.egg-info/requires.txt
[0.626s] writing top-level names to simple_pcd_publisher.egg-info/top_level.txt
[0.626s] writing manifest file 'simple_pcd_publisher.egg-info/SOURCES.txt'
[0.627s] reading manifest file 'simple_pcd_publisher.egg-info/SOURCES.txt'
[0.628s] writing manifest file 'simple_pcd_publisher.egg-info/SOURCES.txt'
[0.628s] running build_ext
[0.628s] Creating /home/ikun/OpenPCDet_ROS2/install/simple_pcd_publisher/lib/python3.10/site-packages/simple-pcd-publisher.egg-link (link to .)
[0.629s] Installing detection_visualizer script to /home/ikun/OpenPCDet_ROS2/install/simple_pcd_publisher/lib/simple_pcd_publisher
[0.629s] Installing pointcloud_publisher script to /home/ikun/OpenPCDet_ROS2/install/simple_pcd_publisher/lib/simple_pcd_publisher
[0.629s] 
[0.629s] Installed /home/ikun/OpenPCDet_ROS2/build/simple_pcd_publisher
[0.629s] running symlink_data
[0.629s] creating /home/ikun/OpenPCDet_ROS2/install/simple_pcd_publisher/share/ament_index
[0.629s] creating /home/ikun/OpenPCDet_ROS2/install/simple_pcd_publisher/share/ament_index/resource_index
[0.629s] creating /home/ikun/OpenPCDet_ROS2/install/simple_pcd_publisher/share/ament_index/resource_index/packages
[0.629s] symbolically linking /home/ikun/OpenPCDet_ROS2/build/simple_pcd_publisher/resource/simple_pcd_publisher -> /home/ikun/OpenPCDet_ROS2/install/simple_pcd_publisher/share/ament_index/resource_index/packages
[0.630s] symbolically linking /home/ikun/OpenPCDet_ROS2/build/simple_pcd_publisher/package.xml -> /home/ikun/OpenPCDet_ROS2/install/simple_pcd_publisher/share/simple_pcd_publisher
[0.644s] Invoked command in '/home/ikun/OpenPCDet_ROS2/build/simple_pcd_publisher' returned '0': PYTHONPATH=/home/ikun/OpenPCDet_ROS2/build/simple_pcd_publisher/prefix_override:/usr/lib/python3/dist-packages/colcon_core/task/python/colcon_distutils_commands:/home/ikun/OpenPCDet_ROS2/install/simple_pcd_publisher/lib/python3.10/site-packages:${PYTHONPATH} /usr/bin/python3 -W ignore:setup.py install is deprecated -W ignore:easy_install command is deprecated setup.py develop --editable --build-directory /home/ikun/OpenPCDet_ROS2/build/simple_pcd_publisher/build --no-deps symlink_data
