[0.011s] Invoking command in '/home/ikun/OpenPCDet_ROS2/build/ros2_numpy': CMAKE_PREFIX_PATH=/opt/ros/humble /home/ikun/.local/bin/cmake /home/ikun/OpenPCDet_ROS2/src/ros2_numpy -DAMENT_CMAKE_SYMLINK_INSTALL=1 -DCMAKE_INSTALL_PREFIX=/home/ikun/OpenPCDet_ROS2/install/ros2_numpy
[0.164s] -- The C compiler identification is GNU 11.4.0
[0.321s] -- The CXX compiler identification is GNU 11.4.0
[0.401s] -- Detecting C compiler ABI info
[0.469s] -- Detecting C compiler ABI info - done
[0.475s] -- Check for working C compiler: /usr/bin/cc - skipped
[0.475s] -- Detecting C compile features
[0.476s] -- Detecting C compile features - done
[0.479s] -- Detecting CXX compiler ABI info
[0.545s] -- Detecting CXX compiler ABI info - done
[0.551s] -- Check for working CXX compiler: /usr/bin/c++ - skipped
[0.551s] -- Detecting CXX compile features
[0.551s] -- Detecting CXX compile features - done
[0.559s] -- Found ament_cmake: 1.3.11 (/opt/ros/humble/share/ament_cmake/cmake)
[0.631s] -- Found Python3: /usr/bin/python3 (found version "3.10.12") found components: Interpreter 
[0.674s] -- Override CMake install command with custom implementation using symlinks instead of copying resources
[0.700s] -- Found sensor_msgs: 4.9.0 (/opt/ros/humble/share/sensor_msgs/cmake)
[0.772s] -- Found rosidl_generator_c: 3.1.6 (/opt/ros/humble/share/rosidl_generator_c/cmake)
[0.776s] -- Found rosidl_adapter: 3.1.6 (/opt/ros/humble/share/rosidl_adapter/cmake)
[0.784s] -- Found rosidl_generator_cpp: 3.1.6 (/opt/ros/humble/share/rosidl_generator_cpp/cmake)
[0.797s] -- Using all available rosidl_typesupport_c: rosidl_typesupport_fastrtps_c;rosidl_typesupport_introspection_c
[0.813s] -- Using all available rosidl_typesupport_cpp: rosidl_typesupport_fastrtps_cpp;rosidl_typesupport_introspection_cpp
[0.868s] -- Found nav_msgs: 4.9.0 (/opt/ros/humble/share/nav_msgs/cmake)
[0.930s] -- Found rclpy: 3.3.16 (/opt/ros/humble/share/rclpy/cmake)
[0.931s] -- Found ament_cmake_pytest: 1.3.11 (/opt/ros/humble/share/ament_cmake_pytest/cmake)
[4.215s] -- Configuring done
[4.219s] -- Generating done
[4.221s] -- Build files have been written to: /home/ikun/OpenPCDet_ROS2/build/ros2_numpy
[4.227s] Invoked command in '/home/ikun/OpenPCDet_ROS2/build/ros2_numpy' returned '0': CMAKE_PREFIX_PATH=/opt/ros/humble /home/ikun/.local/bin/cmake /home/ikun/OpenPCDet_ROS2/src/ros2_numpy -DAMENT_CMAKE_SYMLINK_INSTALL=1 -DCMAKE_INSTALL_PREFIX=/home/ikun/OpenPCDet_ROS2/install/ros2_numpy
[4.228s] Invoking command in '/home/ikun/OpenPCDet_ROS2/build/ros2_numpy': CMAKE_PREFIX_PATH=/opt/ros/humble /home/ikun/.local/bin/cmake --build /home/ikun/OpenPCDet_ROS2/build/ros2_numpy -- -j20 -l20
[4.257s] Built target ament_cmake_python_symlink_ros2_numpy
[4.382s] running egg_info
[4.383s] creating ros2_numpy.egg-info
[4.383s] writing ros2_numpy.egg-info/PKG-INFO
[4.383s] writing dependency_links to ros2_numpy.egg-info/dependency_links.txt
[4.383s] writing top-level names to ros2_numpy.egg-info/top_level.txt
[4.383s] writing manifest file 'ros2_numpy.egg-info/SOURCES.txt'
[4.385s] reading manifest file 'ros2_numpy.egg-info/SOURCES.txt'
[4.385s] writing manifest file 'ros2_numpy.egg-info/SOURCES.txt'
[4.401s] Built target ament_cmake_python_build_ros2_numpy_egg
[4.407s] Invoked command in '/home/ikun/OpenPCDet_ROS2/build/ros2_numpy' returned '0': CMAKE_PREFIX_PATH=/opt/ros/humble /home/ikun/.local/bin/cmake --build /home/ikun/OpenPCDet_ROS2/build/ros2_numpy -- -j20 -l20
[4.426s] Invoking command in '/home/ikun/OpenPCDet_ROS2/build/ros2_numpy': CMAKE_PREFIX_PATH=/opt/ros/humble /home/ikun/.local/bin/cmake --install /home/ikun/OpenPCDet_ROS2/build/ros2_numpy
[4.440s] -- Install configuration: ""
[4.441s] -- Execute custom install script
[4.441s] -- Symlinking: /home/ikun/OpenPCDet_ROS2/install/ros2_numpy/share/ros2_numpy/environment/pythonpath.sh
[4.443s] -- Symlinking: /home/ikun/OpenPCDet_ROS2/install/ros2_numpy/share/ros2_numpy/environment/pythonpath.dsv
[4.446s] -- Symlinking: /home/ikun/OpenPCDet_ROS2/install/ros2_numpy/local/lib/python3.10/dist-packages/ros2_numpy-2.0.12-py3.10.egg-info/PKG-INFO
[4.447s] -- Symlinking: /home/ikun/OpenPCDet_ROS2/install/ros2_numpy/local/lib/python3.10/dist-packages/ros2_numpy-2.0.12-py3.10.egg-info/SOURCES.txt
[4.449s] -- Symlinking: /home/ikun/OpenPCDet_ROS2/install/ros2_numpy/local/lib/python3.10/dist-packages/ros2_numpy-2.0.12-py3.10.egg-info/dependency_links.txt
[4.451s] -- Symlinking: /home/ikun/OpenPCDet_ROS2/install/ros2_numpy/local/lib/python3.10/dist-packages/ros2_numpy-2.0.12-py3.10.egg-info/top_level.txt
[4.453s] -- Symlinking: /home/ikun/OpenPCDet_ROS2/install/ros2_numpy/local/lib/python3.10/dist-packages/ros2_numpy/__init__.py
[4.454s] -- Symlinking: /home/ikun/OpenPCDet_ROS2/install/ros2_numpy/local/lib/python3.10/dist-packages/ros2_numpy/geometry.py
[4.456s] -- Symlinking: /home/ikun/OpenPCDet_ROS2/install/ros2_numpy/local/lib/python3.10/dist-packages/ros2_numpy/image.py
[4.458s] -- Symlinking: /home/ikun/OpenPCDet_ROS2/install/ros2_numpy/local/lib/python3.10/dist-packages/ros2_numpy/laser_scan.py
[4.459s] -- Symlinking: /home/ikun/OpenPCDet_ROS2/install/ros2_numpy/local/lib/python3.10/dist-packages/ros2_numpy/occupancy_grid.py
[4.461s] -- Symlinking: /home/ikun/OpenPCDet_ROS2/install/ros2_numpy/local/lib/python3.10/dist-packages/ros2_numpy/point_cloud2.py
[4.462s] -- Symlinking: /home/ikun/OpenPCDet_ROS2/install/ros2_numpy/local/lib/python3.10/dist-packages/ros2_numpy/registry.py
[4.464s] -- Symlinking: /home/ikun/OpenPCDet_ROS2/install/ros2_numpy/share/ament_index/resource_index/package_run_dependencies/ros2_numpy
[4.466s] -- Symlinking: /home/ikun/OpenPCDet_ROS2/install/ros2_numpy/share/ament_index/resource_index/parent_prefix_path/ros2_numpy
[4.468s] -- Symlinking: /home/ikun/OpenPCDet_ROS2/install/ros2_numpy/share/ros2_numpy/environment/ament_prefix_path.sh
[4.470s] -- Symlinking: /home/ikun/OpenPCDet_ROS2/install/ros2_numpy/share/ros2_numpy/environment/ament_prefix_path.dsv
[4.472s] -- Symlinking: /home/ikun/OpenPCDet_ROS2/install/ros2_numpy/share/ros2_numpy/environment/path.sh
[4.473s] -- Symlinking: /home/ikun/OpenPCDet_ROS2/install/ros2_numpy/share/ros2_numpy/environment/path.dsv
[4.475s] -- Symlinking: /home/ikun/OpenPCDet_ROS2/install/ros2_numpy/share/ros2_numpy/local_setup.bash
[4.477s] -- Symlinking: /home/ikun/OpenPCDet_ROS2/install/ros2_numpy/share/ros2_numpy/local_setup.sh
[4.478s] -- Symlinking: /home/ikun/OpenPCDet_ROS2/install/ros2_numpy/share/ros2_numpy/local_setup.zsh
[4.480s] -- Symlinking: /home/ikun/OpenPCDet_ROS2/install/ros2_numpy/share/ros2_numpy/local_setup.dsv
[4.481s] -- Symlinking: /home/ikun/OpenPCDet_ROS2/install/ros2_numpy/share/ros2_numpy/package.dsv
[4.483s] -- Symlinking: /home/ikun/OpenPCDet_ROS2/install/ros2_numpy/share/ament_index/resource_index/packages/ros2_numpy
[4.485s] -- Symlinking: /home/ikun/OpenPCDet_ROS2/install/ros2_numpy/share/ros2_numpy/cmake/ament_cmake_export_dependencies-extras.cmake
[4.487s] -- Symlinking: /home/ikun/OpenPCDet_ROS2/install/ros2_numpy/share/ros2_numpy/cmake/ros2_numpyConfig.cmake
[4.488s] -- Symlinking: /home/ikun/OpenPCDet_ROS2/install/ros2_numpy/share/ros2_numpy/cmake/ros2_numpyConfig-version.cmake
[4.490s] -- Symlinking: /home/ikun/OpenPCDet_ROS2/install/ros2_numpy/share/ros2_numpy/package.xml
[4.518s] Listing '/home/ikun/OpenPCDet_ROS2/install/ros2_numpy/local/lib/python3.10/dist-packages/ros2_numpy'...
[4.518s] Compiling '/home/ikun/OpenPCDet_ROS2/install/ros2_numpy/local/lib/python3.10/dist-packages/ros2_numpy/__init__.py'...
[4.519s] Compiling '/home/ikun/OpenPCDet_ROS2/install/ros2_numpy/local/lib/python3.10/dist-packages/ros2_numpy/geometry.py'...
[4.519s] Compiling '/home/ikun/OpenPCDet_ROS2/install/ros2_numpy/local/lib/python3.10/dist-packages/ros2_numpy/image.py'...
[4.519s] Compiling '/home/ikun/OpenPCDet_ROS2/install/ros2_numpy/local/lib/python3.10/dist-packages/ros2_numpy/laser_scan.py'...
[4.519s] Compiling '/home/ikun/OpenPCDet_ROS2/install/ros2_numpy/local/lib/python3.10/dist-packages/ros2_numpy/occupancy_grid.py'...
[4.519s] Compiling '/home/ikun/OpenPCDet_ROS2/install/ros2_numpy/local/lib/python3.10/dist-packages/ros2_numpy/point_cloud2.py'...
[4.519s] Compiling '/home/ikun/OpenPCDet_ROS2/install/ros2_numpy/local/lib/python3.10/dist-packages/ros2_numpy/registry.py'...
[4.532s] Invoked command in '/home/ikun/OpenPCDet_ROS2/build/ros2_numpy' returned '0': CMAKE_PREFIX_PATH=/opt/ros/humble /home/ikun/.local/bin/cmake --install /home/ikun/OpenPCDet_ROS2/build/ros2_numpy
