[0.415s] Invoking command in '/home/ikun/OpenPCDet_ROS2/build/pcdet_ros2': AMENT_PREFIX_PATH=/home/ikun/OpenPCDet_ROS2/install/ros2_numpy:${AMENT_PREFIX_PATH} CMAKE_PREFIX_PATH=/home/ikun/OpenPCDet_ROS2/install/ros2_numpy PYTHONPATH=/home/ikun/OpenPCDet_ROS2/build/pcdet_ros2/prefix_override:/usr/lib/python3/dist-packages/colcon_core/task/python/colcon_distutils_commands:/home/ikun/OpenPCDet_ROS2/install/pcdet_ros2/lib/python3.10/site-packages:/home/ikun/OpenPCDet_ROS2/install/ros2_numpy/local/lib/python3.10/dist-packages:${PYTHONPATH} /usr/bin/python3 -W ignore:setup.py install is deprecated -W ignore:easy_install command is deprecated setup.py develop --editable --build-directory /home/ikun/OpenPCDet_ROS2/build/pcdet_ros2/build --no-deps symlink_data
[0.551s] running develop
[0.644s] running egg_info
[0.644s] creating pcdet_ros2.egg-info
[0.644s] writing pcdet_ros2.egg-info/PKG-INFO
[0.645s] writing dependency_links to pcdet_ros2.egg-info/dependency_links.txt
[0.645s] writing entry points to pcdet_ros2.egg-info/entry_points.txt
[0.645s] writing requirements to pcdet_ros2.egg-info/requires.txt
[0.645s] writing top-level names to pcdet_ros2.egg-info/top_level.txt
[0.645s] writing manifest file 'pcdet_ros2.egg-info/SOURCES.txt'
[0.646s] reading manifest file 'pcdet_ros2.egg-info/SOURCES.txt'
[0.647s] writing manifest file 'pcdet_ros2.egg-info/SOURCES.txt'
[0.648s] running build_ext
[0.648s] Creating /home/ikun/OpenPCDet_ROS2/install/pcdet_ros2/lib/python3.10/site-packages/pcdet-ros2.egg-link (link to .)
[0.648s] Installing pcdet script to /home/ikun/OpenPCDet_ROS2/install/pcdet_ros2/lib/pcdet_ros2
[0.649s] Installing simple_pcd_pub script to /home/ikun/OpenPCDet_ROS2/install/pcdet_ros2/lib/pcdet_ros2
[0.649s] 
[0.649s] Installed /home/ikun/OpenPCDet_ROS2/build/pcdet_ros2
[0.649s] running symlink_data
[0.649s] creating /home/ikun/OpenPCDet_ROS2/install/pcdet_ros2/share/ament_index
[0.649s] creating /home/ikun/OpenPCDet_ROS2/install/pcdet_ros2/share/ament_index/resource_index
[0.649s] creating /home/ikun/OpenPCDet_ROS2/install/pcdet_ros2/share/ament_index/resource_index/packages
[0.649s] symbolically linking /home/ikun/OpenPCDet_ROS2/build/pcdet_ros2/resource/pcdet_ros2 -> /home/ikun/OpenPCDet_ROS2/install/pcdet_ros2/share/ament_index/resource_index/packages
[0.649s] symbolically linking /home/ikun/OpenPCDet_ROS2/build/pcdet_ros2/package.xml -> /home/ikun/OpenPCDet_ROS2/install/pcdet_ros2/share/pcdet_ros2
[0.649s] creating /home/ikun/OpenPCDet_ROS2/install/pcdet_ros2/share/pcdet_ros2/launch
[0.650s] symbolically linking /home/ikun/OpenPCDet_ROS2/build/pcdet_ros2/launch/pp_multihead_nds.launch.xml -> /home/ikun/OpenPCDet_ROS2/install/pcdet_ros2/share/pcdet_ros2/launch
[0.650s] symbolically linking /home/ikun/OpenPCDet_ROS2/build/pcdet_ros2/launch/second_multihead_nds.launch.xml -> /home/ikun/OpenPCDet_ROS2/install/pcdet_ros2/share/pcdet_ros2/launch
[0.650s] symbolically linking /home/ikun/OpenPCDet_ROS2/build/pcdet_ros2/launch/parta2_free.launch.xml -> /home/ikun/OpenPCDet_ROS2/install/pcdet_ros2/share/pcdet_ros2/launch
[0.650s] symbolically linking /home/ikun/OpenPCDet_ROS2/build/pcdet_ros2/launch/pcdet.launch.py -> /home/ikun/OpenPCDet_ROS2/install/pcdet_ros2/share/pcdet_ros2/launch
[0.650s] creating /home/ikun/OpenPCDet_ROS2/install/pcdet_ros2/share/pcdet_ros2/config
[0.650s] symbolically linking /home/ikun/OpenPCDet_ROS2/build/pcdet_ros2/config/parta2_free.param.yaml -> /home/ikun/OpenPCDet_ROS2/install/pcdet_ros2/share/pcdet_ros2/config
[0.650s] symbolically linking /home/ikun/OpenPCDet_ROS2/build/pcdet_ros2/config/pcdet_pointpillar.param.yaml -> /home/ikun/OpenPCDet_ROS2/install/pcdet_ros2/share/pcdet_ros2/config
[0.650s] symbolically linking /home/ikun/OpenPCDet_ROS2/build/pcdet_ros2/config/cbgs_second_multihead_nds.param.yaml -> /home/ikun/OpenPCDet_ROS2/install/pcdet_ros2/share/pcdet_ros2/config
[0.651s] symbolically linking /home/ikun/OpenPCDet_ROS2/build/pcdet_ros2/config/pp_multihead_nds.param.yaml -> /home/ikun/OpenPCDet_ROS2/install/pcdet_ros2/share/pcdet_ros2/config
[0.651s] symbolically linking /home/ikun/OpenPCDet_ROS2/build/pcdet_ros2/config/pcdet_pvrcnn.param.yaml -> /home/ikun/OpenPCDet_ROS2/install/pcdet_ros2/share/pcdet_ros2/config
[0.651s] creating /home/ikun/OpenPCDet_ROS2/install/pcdet_ros2/share/pcdet_ros2/cfgs
[0.651s] creating /home/ikun/OpenPCDet_ROS2/install/pcdet_ros2/share/pcdet_ros2/cfgs/custom_models
[0.651s] symbolically linking /home/ikun/OpenPCDet_ROS2/build/pcdet_ros2/cfgs/custom_models/second.yaml -> /home/ikun/OpenPCDet_ROS2/install/pcdet_ros2/share/pcdet_ros2/cfgs/custom_models
[0.651s] symbolically linking /home/ikun/OpenPCDet_ROS2/build/pcdet_ros2/cfgs/custom_models/pv_rcnn.yaml -> /home/ikun/OpenPCDet_ROS2/install/pcdet_ros2/share/pcdet_ros2/cfgs/custom_models
[0.651s] creating /home/ikun/OpenPCDet_ROS2/install/pcdet_ros2/share/pcdet_ros2/cfgs/dataset_configs
[0.651s] symbolically linking /home/ikun/OpenPCDet_ROS2/build/pcdet_ros2/cfgs/dataset_configs/custom_dataset.yaml -> /home/ikun/OpenPCDet_ROS2/install/pcdet_ros2/share/pcdet_ros2/cfgs/dataset_configs
[0.651s] symbolically linking /home/ikun/OpenPCDet_ROS2/build/pcdet_ros2/cfgs/dataset_configs/pandaset_dataset.yaml -> /home/ikun/OpenPCDet_ROS2/install/pcdet_ros2/share/pcdet_ros2/cfgs/dataset_configs
[0.651s] symbolically linking /home/ikun/OpenPCDet_ROS2/build/pcdet_ros2/cfgs/dataset_configs/once_dataset.yaml -> /home/ikun/OpenPCDet_ROS2/install/pcdet_ros2/share/pcdet_ros2/cfgs/dataset_configs
[0.652s] symbolically linking /home/ikun/OpenPCDet_ROS2/build/pcdet_ros2/cfgs/dataset_configs/kitti_dataset.yaml -> /home/ikun/OpenPCDet_ROS2/install/pcdet_ros2/share/pcdet_ros2/cfgs/dataset_configs
[0.652s] symbolically linking /home/ikun/OpenPCDet_ROS2/build/pcdet_ros2/cfgs/dataset_configs/waymo_dataset.yaml -> /home/ikun/OpenPCDet_ROS2/install/pcdet_ros2/share/pcdet_ros2/cfgs/dataset_configs
[0.652s] symbolically linking /home/ikun/OpenPCDet_ROS2/build/pcdet_ros2/cfgs/dataset_configs/nuscenes_dataset.yaml -> /home/ikun/OpenPCDet_ROS2/install/pcdet_ros2/share/pcdet_ros2/cfgs/dataset_configs
[0.652s] symbolically linking /home/ikun/OpenPCDet_ROS2/build/pcdet_ros2/cfgs/dataset_configs/lyft_dataset.yaml -> /home/ikun/OpenPCDet_ROS2/install/pcdet_ros2/share/pcdet_ros2/cfgs/dataset_configs
[0.652s] symbolically linking /home/ikun/OpenPCDet_ROS2/build/pcdet_ros2/cfgs/dataset_configs/waymo_dataset_multiframe.yaml -> /home/ikun/OpenPCDet_ROS2/install/pcdet_ros2/share/pcdet_ros2/cfgs/dataset_configs
[0.652s] creating /home/ikun/OpenPCDet_ROS2/install/pcdet_ros2/share/pcdet_ros2/cfgs/kitti_models
[0.653s] symbolically linking /home/ikun/OpenPCDet_ROS2/build/pcdet_ros2/cfgs/kitti_models/PartA2_free.yaml -> /home/ikun/OpenPCDet_ROS2/install/pcdet_ros2/share/pcdet_ros2/cfgs/kitti_models
[0.653s] symbolically linking /home/ikun/OpenPCDet_ROS2/build/pcdet_ros2/cfgs/kitti_models/PartA2.yaml -> /home/ikun/OpenPCDet_ROS2/install/pcdet_ros2/share/pcdet_ros2/cfgs/kitti_models
[0.653s] symbolically linking /home/ikun/OpenPCDet_ROS2/build/pcdet_ros2/cfgs/kitti_models/second.yaml -> /home/ikun/OpenPCDet_ROS2/install/pcdet_ros2/share/pcdet_ros2/cfgs/kitti_models
[0.653s] symbolically linking /home/ikun/OpenPCDet_ROS2/build/pcdet_ros2/cfgs/kitti_models/voxel_rcnn_car.yaml -> /home/ikun/OpenPCDet_ROS2/install/pcdet_ros2/share/pcdet_ros2/cfgs/kitti_models
[0.653s] symbolically linking /home/ikun/OpenPCDet_ROS2/build/pcdet_ros2/cfgs/kitti_models/CaDDN.yaml -> /home/ikun/OpenPCDet_ROS2/install/pcdet_ros2/share/pcdet_ros2/cfgs/kitti_models
[0.653s] symbolically linking /home/ikun/OpenPCDet_ROS2/build/pcdet_ros2/cfgs/kitti_models/pointpillar.yaml -> /home/ikun/OpenPCDet_ROS2/install/pcdet_ros2/share/pcdet_ros2/cfgs/kitti_models
[0.653s] symbolically linking /home/ikun/OpenPCDet_ROS2/build/pcdet_ros2/cfgs/kitti_models/pv_rcnn.yaml -> /home/ikun/OpenPCDet_ROS2/install/pcdet_ros2/share/pcdet_ros2/cfgs/kitti_models
[0.653s] symbolically linking /home/ikun/OpenPCDet_ROS2/build/pcdet_ros2/cfgs/kitti_models/second_multihead.yaml -> /home/ikun/OpenPCDet_ROS2/install/pcdet_ros2/share/pcdet_ros2/cfgs/kitti_models
[0.653s] symbolically linking /home/ikun/OpenPCDet_ROS2/build/pcdet_ros2/cfgs/kitti_models/pillarnet.yaml -> /home/ikun/OpenPCDet_ROS2/install/pcdet_ros2/share/pcdet_ros2/cfgs/kitti_models
[0.653s] symbolically linking /home/ikun/OpenPCDet_ROS2/build/pcdet_ros2/cfgs/kitti_models/pointrcnn_iou.yaml -> /home/ikun/OpenPCDet_ROS2/install/pcdet_ros2/share/pcdet_ros2/cfgs/kitti_models
[0.653s] symbolically linking /home/ikun/OpenPCDet_ROS2/build/pcdet_ros2/cfgs/kitti_models/voxel_rcnn_car_focal_multimodal.yaml -> /home/ikun/OpenPCDet_ROS2/install/pcdet_ros2/share/pcdet_ros2/cfgs/kitti_models
[0.653s] symbolically linking /home/ikun/OpenPCDet_ROS2/build/pcdet_ros2/cfgs/kitti_models/second_iou.yaml -> /home/ikun/OpenPCDet_ROS2/install/pcdet_ros2/share/pcdet_ros2/cfgs/kitti_models
[0.654s] symbolically linking /home/ikun/OpenPCDet_ROS2/build/pcdet_ros2/cfgs/kitti_models/pointpillar_pyramid_aug.yaml -> /home/ikun/OpenPCDet_ROS2/install/pcdet_ros2/share/pcdet_ros2/cfgs/kitti_models
[0.654s] symbolically linking /home/ikun/OpenPCDet_ROS2/build/pcdet_ros2/cfgs/kitti_models/pointpillar_newaugs.yaml -> /home/ikun/OpenPCDet_ROS2/install/pcdet_ros2/share/pcdet_ros2/cfgs/kitti_models
[0.654s] symbolically linking /home/ikun/OpenPCDet_ROS2/build/pcdet_ros2/cfgs/kitti_models/pointrcnn.yaml -> /home/ikun/OpenPCDet_ROS2/install/pcdet_ros2/share/pcdet_ros2/cfgs/kitti_models
[0.654s] creating /home/ikun/OpenPCDet_ROS2/install/pcdet_ros2/share/pcdet_ros2/cfgs/lyft_models
[0.654s] symbolically linking /home/ikun/OpenPCDet_ROS2/build/pcdet_ros2/cfgs/lyft_models/cbgs_second_multihead.yaml -> /home/ikun/OpenPCDet_ROS2/install/pcdet_ros2/share/pcdet_ros2/cfgs/lyft_models
[0.654s] symbolically linking /home/ikun/OpenPCDet_ROS2/build/pcdet_ros2/cfgs/lyft_models/cbgs_second-nores_multihead.yaml -> /home/ikun/OpenPCDet_ROS2/install/pcdet_ros2/share/pcdet_ros2/cfgs/lyft_models
[0.654s] creating /home/ikun/OpenPCDet_ROS2/install/pcdet_ros2/share/pcdet_ros2/cfgs/nuscenes_models
[0.654s] symbolically linking /home/ikun/OpenPCDet_ROS2/build/pcdet_ros2/cfgs/nuscenes_models/cbgs_dyn_pp_centerpoint.yaml -> /home/ikun/OpenPCDet_ROS2/install/pcdet_ros2/share/pcdet_ros2/cfgs/nuscenes_models
[0.654s] symbolically linking /home/ikun/OpenPCDet_ROS2/build/pcdet_ros2/cfgs/nuscenes_models/cbgs_second_multihead.yaml -> /home/ikun/OpenPCDet_ROS2/install/pcdet_ros2/share/pcdet_ros2/cfgs/nuscenes_models
[0.655s] symbolically linking /home/ikun/OpenPCDet_ROS2/build/pcdet_ros2/cfgs/nuscenes_models/cbgs_pillar0075_res2d_centerpoint.yaml -> /home/ikun/OpenPCDet_ROS2/install/pcdet_ros2/share/pcdet_ros2/cfgs/nuscenes_models
[0.655s] symbolically linking /home/ikun/OpenPCDet_ROS2/build/pcdet_ros2/cfgs/nuscenes_models/cbgs_pp_multihead.yaml -> /home/ikun/OpenPCDet_ROS2/install/pcdet_ros2/share/pcdet_ros2/cfgs/nuscenes_models
[0.655s] symbolically linking /home/ikun/OpenPCDet_ROS2/build/pcdet_ros2/cfgs/nuscenes_models/cbgs_voxel0075_res3d_centerpoint.yaml -> /home/ikun/OpenPCDet_ROS2/install/pcdet_ros2/share/pcdet_ros2/cfgs/nuscenes_models
[0.655s] symbolically linking /home/ikun/OpenPCDet_ROS2/build/pcdet_ros2/cfgs/nuscenes_models/cbgs_voxel01_res3d_centerpoint.yaml -> /home/ikun/OpenPCDet_ROS2/install/pcdet_ros2/share/pcdet_ros2/cfgs/nuscenes_models
[0.655s] creating /home/ikun/OpenPCDet_ROS2/install/pcdet_ros2/share/pcdet_ros2/cfgs/once_models
[0.655s] symbolically linking /home/ikun/OpenPCDet_ROS2/build/pcdet_ros2/cfgs/once_models/second.yaml -> /home/ikun/OpenPCDet_ROS2/install/pcdet_ros2/share/pcdet_ros2/cfgs/once_models
[0.655s] symbolically linking /home/ikun/OpenPCDet_ROS2/build/pcdet_ros2/cfgs/once_models/pointpillar.yaml -> /home/ikun/OpenPCDet_ROS2/install/pcdet_ros2/share/pcdet_ros2/cfgs/once_models
[0.655s] symbolically linking /home/ikun/OpenPCDet_ROS2/build/pcdet_ros2/cfgs/once_models/pv_rcnn.yaml -> /home/ikun/OpenPCDet_ROS2/install/pcdet_ros2/share/pcdet_ros2/cfgs/once_models
[0.656s] symbolically linking /home/ikun/OpenPCDet_ROS2/build/pcdet_ros2/cfgs/once_models/centerpoint.yaml -> /home/ikun/OpenPCDet_ROS2/install/pcdet_ros2/share/pcdet_ros2/cfgs/once_models
[0.656s] symbolically linking /home/ikun/OpenPCDet_ROS2/build/pcdet_ros2/cfgs/once_models/pointrcnn.yaml -> /home/ikun/OpenPCDet_ROS2/install/pcdet_ros2/share/pcdet_ros2/cfgs/once_models
[0.656s] creating /home/ikun/OpenPCDet_ROS2/install/pcdet_ros2/share/pcdet_ros2/cfgs/waymo_models
[0.656s] symbolically linking /home/ikun/OpenPCDet_ROS2/build/pcdet_ros2/cfgs/waymo_models/PartA2.yaml -> /home/ikun/OpenPCDet_ROS2/install/pcdet_ros2/share/pcdet_ros2/cfgs/waymo_models
[0.656s] symbolically linking /home/ikun/OpenPCDet_ROS2/build/pcdet_ros2/cfgs/waymo_models/second.yaml -> /home/ikun/OpenPCDet_ROS2/install/pcdet_ros2/share/pcdet_ros2/cfgs/waymo_models
[0.656s] symbolically linking /home/ikun/OpenPCDet_ROS2/build/pcdet_ros2/cfgs/waymo_models/centerpoint_without_resnet.yaml -> /home/ikun/OpenPCDet_ROS2/install/pcdet_ros2/share/pcdet_ros2/cfgs/waymo_models
[0.656s] symbolically linking /home/ikun/OpenPCDet_ROS2/build/pcdet_ros2/cfgs/waymo_models/pv_rcnn.yaml -> /home/ikun/OpenPCDet_ROS2/install/pcdet_ros2/share/pcdet_ros2/cfgs/waymo_models
[0.657s] symbolically linking /home/ikun/OpenPCDet_ROS2/build/pcdet_ros2/cfgs/waymo_models/centerpoint.yaml -> /home/ikun/OpenPCDet_ROS2/install/pcdet_ros2/share/pcdet_ros2/cfgs/waymo_models
[0.657s] symbolically linking /home/ikun/OpenPCDet_ROS2/build/pcdet_ros2/cfgs/waymo_models/mppnet_4frames.yaml -> /home/ikun/OpenPCDet_ROS2/install/pcdet_ros2/share/pcdet_ros2/cfgs/waymo_models
[0.657s] symbolically linking /home/ikun/OpenPCDet_ROS2/build/pcdet_ros2/cfgs/waymo_models/mppnet_e2e_memorybank_inference.yaml -> /home/ikun/OpenPCDet_ROS2/install/pcdet_ros2/share/pcdet_ros2/cfgs/waymo_models
[0.657s] symbolically linking /home/ikun/OpenPCDet_ROS2/build/pcdet_ros2/cfgs/waymo_models/pointpillar_1x.yaml -> /home/ikun/OpenPCDet_ROS2/install/pcdet_ros2/share/pcdet_ros2/cfgs/waymo_models
[0.657s] symbolically linking /home/ikun/OpenPCDet_ROS2/build/pcdet_ros2/cfgs/waymo_models/pillarnet.yaml -> /home/ikun/OpenPCDet_ROS2/install/pcdet_ros2/share/pcdet_ros2/cfgs/waymo_models
[0.658s] symbolically linking /home/ikun/OpenPCDet_ROS2/build/pcdet_ros2/cfgs/waymo_models/centerpoint_4frames.yaml -> /home/ikun/OpenPCDet_ROS2/install/pcdet_ros2/share/pcdet_ros2/cfgs/waymo_models
[0.658s] symbolically linking /home/ikun/OpenPCDet_ROS2/build/pcdet_ros2/cfgs/waymo_models/pv_rcnn_plusplus_resnet_2frames.yaml -> /home/ikun/OpenPCDet_ROS2/install/pcdet_ros2/share/pcdet_ros2/cfgs/waymo_models
[0.658s] symbolically linking /home/ikun/OpenPCDet_ROS2/build/pcdet_ros2/cfgs/waymo_models/voxel_rcnn_with_centerhead_dyn_voxel.yaml -> /home/ikun/OpenPCDet_ROS2/install/pcdet_ros2/share/pcdet_ros2/cfgs/waymo_models
[0.658s] symbolically linking /home/ikun/OpenPCDet_ROS2/build/pcdet_ros2/cfgs/waymo_models/centerpoint_pillar_1x.yaml -> /home/ikun/OpenPCDet_ROS2/install/pcdet_ros2/share/pcdet_ros2/cfgs/waymo_models
[0.658s] symbolically linking /home/ikun/OpenPCDet_ROS2/build/pcdet_ros2/cfgs/waymo_models/centerpoint_dyn_pillar_1x.yaml -> /home/ikun/OpenPCDet_ROS2/install/pcdet_ros2/share/pcdet_ros2/cfgs/waymo_models
[0.658s] symbolically linking /home/ikun/OpenPCDet_ROS2/build/pcdet_ros2/cfgs/waymo_models/mppnet_16frames.yaml -> /home/ikun/OpenPCDet_ROS2/install/pcdet_ros2/share/pcdet_ros2/cfgs/waymo_models
[0.658s] symbolically linking /home/ikun/OpenPCDet_ROS2/build/pcdet_ros2/cfgs/waymo_models/pv_rcnn_with_centerhead_rpn.yaml -> /home/ikun/OpenPCDet_ROS2/install/pcdet_ros2/share/pcdet_ros2/cfgs/waymo_models
[0.658s] symbolically linking /home/ikun/OpenPCDet_ROS2/build/pcdet_ros2/cfgs/waymo_models/pv_rcnn_plusplus.yaml -> /home/ikun/OpenPCDet_ROS2/install/pcdet_ros2/share/pcdet_ros2/cfgs/waymo_models
[0.658s] symbolically linking /home/ikun/OpenPCDet_ROS2/build/pcdet_ros2/cfgs/waymo_models/pv_rcnn_plusplus_resnet.yaml -> /home/ikun/OpenPCDet_ROS2/install/pcdet_ros2/share/pcdet_ros2/cfgs/waymo_models
[0.658s] creating /home/ikun/OpenPCDet_ROS2/install/pcdet_ros2/share/pcdet_ros2/checkpoints
[0.658s] symbolically linking /home/ikun/OpenPCDet_ROS2/build/pcdet_ros2/checkpoints/pv_rcnn_8369.pth -> /home/ikun/OpenPCDet_ROS2/install/pcdet_ros2/share/pcdet_ros2/checkpoints
[0.658s] symbolically linking /home/ikun/OpenPCDet_ROS2/build/pcdet_ros2/checkpoints/pointpillar_7728.pth:Zone.Identifier -> /home/ikun/OpenPCDet_ROS2/install/pcdet_ros2/share/pcdet_ros2/checkpoints
[0.659s] symbolically linking /home/ikun/OpenPCDet_ROS2/build/pcdet_ros2/checkpoints/pointpillar_7728.pth -> /home/ikun/OpenPCDet_ROS2/install/pcdet_ros2/share/pcdet_ros2/checkpoints
[0.678s] Invoked command in '/home/ikun/OpenPCDet_ROS2/build/pcdet_ros2' returned '0': AMENT_PREFIX_PATH=/home/ikun/OpenPCDet_ROS2/install/ros2_numpy:${AMENT_PREFIX_PATH} CMAKE_PREFIX_PATH=/home/ikun/OpenPCDet_ROS2/install/ros2_numpy PYTHONPATH=/home/ikun/OpenPCDet_ROS2/build/pcdet_ros2/prefix_override:/usr/lib/python3/dist-packages/colcon_core/task/python/colcon_distutils_commands:/home/ikun/OpenPCDet_ROS2/install/pcdet_ros2/lib/python3.10/site-packages:/home/ikun/OpenPCDet_ROS2/install/ros2_numpy/local/lib/python3.10/dist-packages:${PYTHONPATH} /usr/bin/python3 -W ignore:setup.py install is deprecated -W ignore:easy_install command is deprecated setup.py develop --editable --build-directory /home/ikun/OpenPCDet_ROS2/build/pcdet_ros2/build --no-deps symlink_data
